[flowsheet] cache: 1695 reactor and 1479 PSA evaluation(s) loaded
[flowsheet] initialised 44 variable(s) from x0_best_hvR1.json
[gjh] using: <repo>\atrfu\gjh.exe
========== A-TRFu SOLVER ==========
Globalization strategy: 1 (Funnel)
Hypervolume sampling  : multiple_black_boxes=0
Restoration strategy  : 1 (R1 classic (contract on reject))
Problem size          : 51 variables  (x|y|z = 4|7|40);  2 black-box block(s)
    x = black-box inputs | y = black-box outputs | z = remaining
Constraints           : 39  (equality 36 | inequality 3)
Tolerances            : ep_i=1.0e-03, ep_chi=1.0e-03, ep_delta=1.0e-03, max_it=1000
===================================


**************************************
Iteration 0:
thetak = 42.037737027578
objk = 3.4754223139967735
trustRadius = 1.0
sampleRadius = 0.1
stepNorm = 141.73133340856492
chi = 100000000.0
Iteration time (s) = 0.8056061267852783
step rejected
**************************************


**************************************
Iteration 1:
thetak = 42.037737027578
objk = 3.4754223139967735
trustRadius = 0.5
sampleRadius = 0.1
stepNorm = 141.73172352555105
chi = 0.209291744798777
Iteration time (s) = 0.2790992259979248
theta-type step
**************************************


**************************************
Iteration 2:
thetak = 25.675815869959703
objk = 0.6228510992334748
trustRadius = 1.0
sampleRadius = 0.05
stepNorm = 130.0349675557427
chi = 0.1396432762522527
Iteration time (s) = 0.8372752666473389
theta-type step
**************************************


**************************************
Iteration 3:
thetak = 24.615733817160393
objk = 0.3639182922687198
trustRadius = 0.5
sampleRadius = 0.05
stepNorm = 130.03496657708106
chi = 0.11157400101918594
Iteration time (s) = 0.9022221565246582
theta-type step
**************************************


**************************************
Iteration 4:
thetak = 15.685322602612455
objk = 0.9133145290536656
trustRadius = 1.0
sampleRadius = 0.05
stepNorm = 286.7126402678748
chi = 0.1448130315353494
Iteration time (s) = 0.9120388031005859
step rejected
**************************************


**************************************
Iteration 5:
thetak = 15.685322602612455
objk = 0.9133145290536656
trustRadius = 0.5
sampleRadius = 0.05
stepNorm = 286.71387878978413
chi = 0.15828962855775963
Iteration time (s) = 0.8015270233154297
step rejected
**************************************

[FRP] solve 1 of phase 1, thetak=1.569e+01, Delta=2.500e-01

**************************************
Iteration 6:
thetak = 15.685322602612455
objk = 0.9133145290536656
trustRadius = 0.25
sampleRadius = 0.05
stepNorm = 127.03298869223303
chi = 0.15828962855775963
Iteration time (s) = 1.1112632751464844
theta-type step
**************************************


**************************************
Iteration 7:
thetak = 3.5152003713787785
objk = 7.558066149503353
trustRadius = 0.625
sampleRadius = 0.05
stepNorm = 127.03299247974732
chi = 0.24579177852909687
Iteration time (s) = 1.1182615756988525
step rejected
**************************************


**************************************
Iteration 8:
thetak = 3.5152003713787785
objk = 7.558066149503353
trustRadius = 0.3125
sampleRadius = 0.05
stepNorm = 127.03298827169942
chi = 0.2457917173218173
Iteration time (s) = 0.9546122550964355
step rejected
**************************************

[FRP] solve 1 of phase 2, thetak=3.515e+00, Delta=1.562e-01

**************************************
Iteration 9:
thetak = 3.5152003713787785
objk = 7.558066149503353
trustRadius = 0.15625
sampleRadius = 0.05
stepNorm = 59.72545230934267
chi = 0.2457917173218173
Iteration time (s) = 1.016850471496582
theta-type step
**************************************


**************************************
Iteration 10:
thetak = 0.5318903272513185
objk = 9.46828858272438
trustRadius = 0.390625
sampleRadius = 0.05
stepNorm = 186.7584419083188
chi = 0.2720499544623347
Iteration time (s) = 1.0316336154937744
step rejected
**************************************


**************************************
Iteration 11:
thetak = 0.5318903272513185
objk = 9.46828858272438
trustRadius = 0.1953125
sampleRadius = 0.05
stepNorm = 123.04685600713893
chi = 0.2720499668647954
Iteration time (s) = 1.0670254230499268
step rejected
**************************************

[FRP] solve 1 of phase 3, thetak=5.319e-01, Delta=9.766e-02

**************************************
Iteration 12:
thetak = 0.5318903272513185
objk = 9.46828858272438
trustRadius = 0.09765625
sampleRadius = 0.05
stepNorm = 27.613068715460827
chi = 0.2720499668647954
Iteration time (s) = 1.086512804031372
theta-type step
**************************************


**************************************
Iteration 13:
thetak = 0.06295852005141435
objk = 10.22429063991393
trustRadius = 0.244140625
sampleRadius = 0.05
stepNorm = 153.8085773165854
chi = 0.2860525420627773
Iteration time (s) = 1.0803825855255127
step rejected
**************************************


**************************************
Iteration 14:
thetak = 0.06295852005141435
objk = 10.22429063991393
trustRadius = 0.1220703125
sampleRadius = 0.05
stepNorm = 76.90427183744771
chi = 0.28605255169723237
Iteration time (s) = 1.0471258163452148
relax-theta-type step
**************************************


**************************************
Iteration 15:
thetak = 3.4557126185348386
objk = 2.4418249107856242
trustRadius = 0.06103515625
sampleRadius = 0.05
stepNorm = 38.45212069554918
chi = 0.15995802536876932
Iteration time (s) = 1.0768346786499023
theta-type step
**************************************


**************************************
Iteration 16:
thetak = 1.4212810032702137
objk = 2.3865774302274065
trustRadius = 0.152587890625
sampleRadius = 0.05
stepNorm = 96.13035422328237
chi = 0.14173591968905008
Iteration time (s) = 0.9501490592956543
step rejected
**************************************


**************************************
Iteration 17:
thetak = 1.4212810032702137
objk = 2.3865774302274065
trustRadius = 0.0762939453125
sampleRadius = 0.05
stepNorm = 48.06516097360091
chi = 0.22781506677216437
Iteration time (s) = 1.088235855102539
f-type step
**************************************


**************************************
Iteration 18:
thetak = 2.0443258077338147
objk = 2.0803327533558265
trustRadius = 0.19073486328125
sampleRadius = 0.05
stepNorm = 120.16110430368497
chi = 0.12805164736421001
Iteration time (s) = 1.0844526290893555
step rejected
**************************************


**************************************
Iteration 19:
thetak = 2.0443258077338147
objk = 2.0803327533558265
trustRadius = 0.095367431640625
sampleRadius = 0.05
stepNorm = 50.94992925603103
chi = 0.2338753325023921
Iteration time (s) = 1.1377944946289062
step rejected
**************************************

[FRP] solve 1 of phase 4, thetak=2.044e+00, Delta=4.768e-02

**************************************
Iteration 20:
thetak = 2.0443258077338147
objk = 2.0803327533558265
trustRadius = 0.0476837158203125
sampleRadius = 0.02384185791015625
stepNorm = 32.068813717057985
chi = 0.21977546665419442
Iteration time (s) = 0.9759202003479004
theta-type step
**************************************


**************************************
Iteration 21:
thetak = 0.08228911469749563
objk = 5.424366357760762
trustRadius = 0.11920928955078125
sampleRadius = 0.02384185791015625
stepNorm = 63.92602280486918
chi = 0.353905434736753
Iteration time (s) = 0.9451401233673096
step rejected
**************************************


**************************************
Iteration 22:
thetak = 0.08228911469749563
objk = 5.424366357760762
trustRadius = 0.059604644775390625
sampleRadius = 0.02384185791015625
stepNorm = 37.550635029384864
chi = 0.35390543835434796
Iteration time (s) = 0.9177451133728027
f-type step
**************************************


**************************************
Iteration 23:
thetak = 1.0723544898982862
objk = 2.01198906816374
trustRadius = 0.14901161193847656
sampleRadius = 0.02384185791015625
stepNorm = 93.87569139887111
chi = 0.13777535198828922
Iteration time (s) = 0.9482064247131348
step rejected
**************************************


**************************************
Iteration 24:
thetak = 1.0723544898982862
objk = 2.01198906816374
trustRadius = 0.07450580596923828
sampleRadius = 0.02384185791015625
stepNorm = 26.375401254764398
chi = 0.20655837955597023
Iteration time (s) = 1.0358331203460693
step rejected
**************************************

[FRP] solve 1 of phase 5, thetak=1.072e+00, Delta=3.725e-02

**************************************
Iteration 25:
thetak = 1.0723544898982862
objk = 2.01198906816374
trustRadius = 0.03725290298461914
sampleRadius = 0.02384185791015625
stepNorm = 26.003985271231798
chi = 0.20655837955597023
Iteration time (s) = 0.9585988521575928
theta-type step
**************************************


**************************************
Iteration 26:
thetak = 0.027051873920012
objk = 4.63036906231538
trustRadius = 0.09313225746154785
sampleRadius = 0.02384185791015625
stepNorm = 34.234284725708505
chi = 0.30305630482762624
Iteration time (s) = 1.067664623260498
step rejected
**************************************


**************************************
Iteration 27:
thetak = 0.027051873920012
objk = 4.63036906231538
trustRadius = 0.046566128730773926
sampleRadius = 0.02384185791015625
stepNorm = 26.003985263879176
chi = 0.30305630861376714
Iteration time (s) = 0.9292924404144287
step rejected
**************************************

[FRP] solve 1 of phase 6, thetak=2.705e-02, Delta=2.328e-02

**************************************
Iteration 28:
thetak = 0.027051873920012
objk = 4.63036906231538
trustRadius = 0.023283064365386963
sampleRadius = 0.011641532182693481
stepNorm = 3.5732561968670993
chi = 0.31832765634619475
Iteration time (s) = 0.9504749774932861
theta-type step
**************************************


**************************************
Iteration 29:
thetak = 0.011811680624865036
objk = 4.985903203937766
trustRadius = 0.05820766091346741
sampleRadius = 0.011641532182693481
stepNorm = 31.83922478224511
chi = 0.3140368670917323
Iteration time (s) = 0.9554474353790283
step rejected
**************************************


**************************************
Iteration 30:
thetak = 0.011811680624865036
objk = 4.985903203937766
trustRadius = 0.029103830456733704
sampleRadius = 0.011641532182693481
stepNorm = 29.577241502975745
chi = 0.3140368679769074
Iteration time (s) = 0.9199254512786865
step rejected
**************************************

[FRP] solve 1 of phase 7, thetak=1.181e-02, Delta=1.455e-02

**************************************
Iteration 31:
thetak = 0.011811680624865036
objk = 4.985903203937766
trustRadius = 0.014551915228366852
sampleRadius = 0.011641532182693481
stepNorm = 1.307689921245526
chi = 0.3140368679769074
Iteration time (s) = 1.1242284774780273
theta-type step
**************************************


**************************************
Iteration 32:
thetak = 0.032909027322104725
objk = 5.100084836707394
trustRadius = 0.007275957614183426
sampleRadius = 0.003637978807091713
stepNorm = 15.06165890226253
chi = 0.3625631594775126
Iteration time (s) = 0.9248607158660889
f-type step
**************************************


**************************************
Iteration 33:
thetak = 0.07799388074362942
objk = 4.030581520219609
trustRadius = 0.018189894035458565
sampleRadius = 0.003637978807091713
stepNorm = 20.008882124225703
chi = 0.23113626840332938
Iteration time (s) = 1.0430448055267334
step rejected
**************************************


**************************************
Iteration 34:
thetak = 0.07799388074362942
objk = 4.030581520219609
trustRadius = 0.009094947017729282
sampleRadius = 0.003637978807091713
stepNorm = 10.62136381516828
chi = 0.2311362658266061
Iteration time (s) = 0.9148266315460205
step rejected
**************************************

[FRP] solve 1 of phase 8, thetak=7.799e-02, Delta=4.547e-03

**************************************
Iteration 35:
thetak = 0.07799388074362942
objk = 4.030581520219609
trustRadius = 0.004547473508864641
sampleRadius = 0.003637978807091713
stepNorm = 2.2189389673381186
chi = 0.2311362658266061
Iteration time (s) = 0.9184598922729492
theta-type step
**************************************


**************************************
Iteration 36:
thetak = 0.05438784838953504
objk = 4.228033539815719
trustRadius = 0.011368683772161603
sampleRadius = 0.003637978807091713
stepNorm = 12.505550929022151
chi = 0.21670627283519067
Iteration time (s) = 0.9445085525512695
step rejected
**************************************


**************************************
Iteration 37:
thetak = 0.05438784838953504
objk = 4.228033539815719
trustRadius = 0.0056843418860808015
sampleRadius = 0.003637978807091713
stepNorm = 12.208942310234008
chi = 0.2167062726774012
Iteration time (s) = 0.9006609916687012
step rejected
**************************************

[FRP] solve 1 of phase 9, thetak=5.439e-02, Delta=2.842e-03

**************************************
Iteration 38:
thetak = 0.05438784838953504
objk = 4.228033539815719
trustRadius = 0.0028421709430404007
sampleRadius = 0.0014210854715202004
stepNorm = 0.809335657150605
chi = 0.1964145979208024
Iteration time (s) = 0.9500043392181396
theta-type step
**************************************


**************************************
Iteration 39:
thetak = 0.02123733001662502
objk = 4.294911479196596
trustRadius = 0.007105427357601002
sampleRadius = 0.0014210854715202004
stepNorm = 14.384438920192146
chi = 0.24270647568900983
Iteration time (s) = 1.043729543685913
step rejected
**************************************


**************************************
Iteration 40:
thetak = 0.02123733001662502
objk = 4.294911479196596
trustRadius = 0.003552713678800501
sampleRadius = 0.0014210854715202004
stepNorm = 7.165759934718608
chi = 0.24270647564599007
Iteration time (s) = 0.9019248485565186
step rejected
**************************************

[FRP] solve 1 of phase 10, thetak=2.124e-02, Delta=1.776e-03

**************************************
Iteration 41:
thetak = 0.02123733001662502
objk = 4.294911479196596
trustRadius = 0.0017763568394002505
sampleRadius = 0.0014210854715202004
stepNorm = 0.34133827008451334
chi = 0.24270647564599007
Iteration time (s) = 0.9013385772705078
theta-type step
**************************************


**************************************
Iteration 42:
thetak = 0.03028825196515713
objk = 4.319671996501703
trustRadius = 0.0008881784197001252
sampleRadius = 0.0005
stepNorm = 1.6737819502192934
chi = 0.20888757594475096
Iteration time (s) = 0.9143671989440918
step rejected
**************************************


**************************************
Iteration 43:
thetak = 0.03028825196515713
objk = 4.319671996501703
trustRadius = 0.0005
sampleRadius = 0.0005
stepNorm = 0.9423906020316224
chi = 0.20888757599670238
Iteration time (s) = 0.9104166030883789
step rejected
**************************************

[FRP] solve 1 of phase 11, thetak=3.029e-02, Delta=5.000e-04

**************************************
Iteration 44:
thetak = 0.03028825196515713
objk = 4.319671996501703
trustRadius = 0.0005
sampleRadius = 0.0005
stepNorm = 0.04976363618621349
chi = 0.20888757599670238
Iteration time (s) = 0.9145321846008301
theta-type step
**************************************


**************************************
Iteration 45:
thetak = 0.0012746720340514762
objk = 4.321003425347771
trustRadius = 0.00125
sampleRadius = 0.0005
stepNorm = 2.552790113065562
chi = 0.22823815707885298
Iteration time (s) = 0.7959399223327637
step rejected
**************************************


**************************************
Iteration 46:
thetak = 0.0012746720340514762
objk = 4.321003425347771
trustRadius = 0.000625
sampleRadius = 0.0005
stepNorm = 1.2745114070646295
chi = 0.22823815692712907
Iteration time (s) = 0.9095478057861328
step rejected
**************************************

[FRP] solve 1 of phase 12, thetak=1.275e-03, Delta=5.000e-04

**************************************
Iteration 47:
thetak = 0.0012746720340514762
objk = 4.321003425347771
trustRadius = 0.0005
sampleRadius = 0.0005
stepNorm = 0.025627852329648704
chi = 0.22823815692712907
Iteration time (s) = 0.9302635192871094
theta-type step
**************************************


**************************************
Iteration 48:
thetak = 0.0012074805109735312
objk = 4.3229486171265155
trustRadius = 0.00125
sampleRadius = 0.0005
stepNorm = 2.5544105092389913
chi = 0.22826329436953913
Iteration time (s) = 0.9273767471313477
step rejected
**************************************


**************************************
Iteration 49:
thetak = 0.0012074805109735312
objk = 4.3229486171265155
trustRadius = 0.000625
sampleRadius = 0.0005
stepNorm = 1.2761412568232728
chi = 0.2282632942173132
Iteration time (s) = 0.9269387722015381
step rejected
**************************************

[FRP] solve 1 of phase 13, thetak=1.207e-03, Delta=5.000e-04

**************************************
Iteration 50:
thetak = 0.0012074805109735312
objk = 4.3229486171265155
trustRadius = 0.0005
sampleRadius = 0.0005
stepNorm = 0.024596515998219104
chi = 0.2282632942173132
Iteration time (s) = 0.9107120037078857
theta-type step
**************************************


**************************************
Iteration 51:
thetak = 0.00037668305861713464
objk = 4.324760750341398
trustRadius = 0.00125
sampleRadius = 0.0005
stepNorm = 2.555409447955739
chi = 0.22828919568998035
Iteration time (s) = 0.7967371940612793
step rejected
**************************************


**************************************
Iteration 52:
thetak = 0.00037668305861713464
objk = 4.324760750341398
trustRadius = 0.000625
sampleRadius = 0.0005
stepNorm = 1.277145406021532
chi = 0.22828919553782548
Iteration time (s) = 0.8942704200744629
step rejected
**************************************

[FRP] solve 1 of phase 14, thetak=3.767e-04, Delta=5.000e-04

**************************************
Iteration 53:
thetak = 0.00037668305861713464
objk = 4.324760750341398
trustRadius = 0.0005
sampleRadius = 0.0005
stepNorm = 0.023940445946024624
chi = 0.22828919553782548
Iteration time (s) = 0.9201374053955078
theta-type step
**************************************


**************************************
Iteration 54:
thetak = 0.0001445246916521141
objk = 4.32659265241822
trustRadius = 0.00125
sampleRadius = 0.0005
stepNorm = 2.5560257011213494
chi = 0.22831519130607705
Iteration time (s) = 0.7975485324859619
step rejected
**************************************


**************************************
Iteration 55:
thetak = 0.0001445246916521141
objk = 4.32659265241822
trustRadius = 0.000625
sampleRadius = 0.0005
stepNorm = 1.27776425694001
chi = 0.22831519115400378
Iteration time (s) = 0.897496223449707
step rejected
**************************************

[FRP] solve 1 of phase 15, thetak=1.445e-04, Delta=5.000e-04

**************************************
Iteration 56:
thetak = 0.0001445246916521141
objk = 4.32659265241822
trustRadius = 0.0005
sampleRadius = 0.0005
stepNorm = 0.023515508736885238
chi = 0.22831519115400378
Iteration time (s) = 1.0295414924621582
theta-type step
**************************************


**************************************
Iteration 57:
thetak = 0.00045944932272336085
objk = 4.328435165531388
trustRadius = 0.00125
sampleRadius = 0.0005
stepNorm = 2.5564063306062863
chi = 0.22834122400522522
Iteration time (s) = 0.7933228015899658
step rejected
**************************************


**************************************
Iteration 58:
thetak = 0.00045944932272336085
objk = 4.328435165531388
trustRadius = 0.000625
sampleRadius = 0.0005
stepNorm = 1.2781458755301145
chi = 0.2283412238534032
Iteration time (s) = 0.9053909778594971
step rejected
**************************************

[FRP] solve 1 of phase 16, thetak=4.594e-04, Delta=5.000e-04

**************************************
Iteration 59:
thetak = 0.00045944932272336085
objk = 4.328435165531388
trustRadius = 0.0005
sampleRadius = 0.0005
stepNorm = 0.023232943008167695
chi = 0.2283412238534032
Iteration time (s) = 0.9339389801025391
theta-type step
**************************************


**************************************
Iteration 60:
thetak = 0.0006533424821850535
objk = 4.330282656007784
trustRadius = 0.00125
sampleRadius = 0.0005
stepNorm = 2.5566419141034515
chi = 0.22836725834288002
Iteration time (s) = 0.9523320198059082
step rejected
**************************************


**************************************
Iteration 61:
thetak = 0.0006533424821850535
objk = 4.330282656007784
trustRadius = 0.000625
sampleRadius = 0.0005
stepNorm = 1.2783814578138006
chi = 0.228367258191102
Iteration time (s) = 0.913424015045166
step rejected
**************************************

[FRP] solve 1 of phase 17, thetak=6.533e-04, Delta=5.000e-04

**************************************
Iteration 62:
thetak = 0.0006533424821850535
objk = 4.330282656007784
trustRadius = 0.0005
sampleRadius = 0.0005
stepNorm = 0.023038107216422077
chi = 0.228367258191102
Iteration time (s) = 0.9092369079589844
theta-type step
**************************************


**************************************
Iteration 63:
thetak = 0.0005768917085885155
objk = 4.332131660671072
trustRadius = 0.00125
sampleRadius = 0.0005
stepNorm = 2.3551902897726222
chi = 0.18930051871776066
Iteration time (s) = 0.9183568954467773
step rejected
**************************************


**************************************
Iteration 64:
thetak = 0.0005768917085885155
objk = 4.332131660671072
trustRadius = 0.000625
sampleRadius = 0.0005
stepNorm = 1.1778671069743538
chi = 0.18930051875663942
Iteration time (s) = 0.90724778175354
step rejected
**************************************

[FRP] solve 1 of phase 18, thetak=5.769e-04, Delta=5.000e-04

**************************************
Iteration 65:
thetak = 0.0005768917085885155
objk = 4.332131660671072
trustRadius = 0.0005
sampleRadius = 0.0005
stepNorm = 0.022515347938146135
chi = 0.18930051875663942
Iteration time (s) = 0.9050438404083252
RESTORATION
**************************************

EXIT: FEASIBLE SOLUTION FOUND (thetak=5.769e-04)
0	42.037737027578	3.4754223139967735	100000000.0		0.8056061267852783	1.0	0.1	141.73133340856492	104.90625113926345
1	42.037737027578	3.4754223139967735	0.209291744798777		0.2790992259979248	0.5	0.1	141.73172352555105	104.90625113926345
2	25.675815869959703	0.6228510992334748	0.1396432762522527		0.8372752666473389	1.0	0.05	130.0349675557427	46.157497981783195
3	24.615733817160393	0.3639182922687198	0.11157400101918594		0.9022221565246582	0.5	0.05	130.03496657708106	119.58283548676229
4	15.685322602612455	0.9133145290536656	0.1448130315353494		0.9120388031005859	1.0	0.05	286.7126402678748	36.825471407626
5	15.685322602612455	0.9133145290536656	0.15828962855775963		0.8015270233154297	0.5	0.05	286.71387878978413	36.825471407626
6	15.685322602612455	0.9133145290536656	0.15828962855775963		1.1112632751464844	0.25	0.05	127.03298869223303	36.825471407626
7	3.5152003713787785	7.558066149503353	0.24579177852909687		1.1182615756988525	0.625	0.05	127.03299247974732	90.20751728460704
8	3.5152003713787785	7.558066149503353	0.2457917173218173		0.9546122550964355	0.3125	0.05	127.03298827169942	90.20751728460704
9	3.5152003713787785	7.558066149503353	0.2457917173218173		1.016850471496582	0.15625	0.05	59.72545230934267	90.20751728460704
10	0.5318903272513185	9.46828858272438	0.2720499544623347		1.0316336154937744	0.390625	0.05	186.7584419083188	149.9329695939497
11	0.5318903272513185	9.46828858272438	0.2720499668647954		1.0670254230499268	0.1953125	0.05	123.04685600713893	149.9329695939497
12	0.5318903272513185	9.46828858272438	0.2720499668647954		1.086512804031372	0.09765625	0.05	27.613068715460827	149.9329695939497
13	0.06295852005141435	10.22429063991393	0.2860525420627773		1.0803825855255127	0.244140625	0.05	153.8085773165854	177.54603830941053
14	0.06295852005141435	10.22429063991393	0.28605255169723237		1.0471258163452148	0.1220703125	0.05	76.90427183744771	177.54603830941053
15	3.4557126185348386	2.4418249107856242	0.15995802536876932		1.0768346786499023	0.06103515625	0.05	38.45212069554918	100.64176647196282
16	1.4212810032702137	2.3865774302274065	0.14173591968905008		0.9501490592956543	0.152587890625	0.05	96.13035422328237	62.18964577641367
17	1.4212810032702137	2.3865774302274065	0.22781506677216437		1.088235855102539	0.0762939453125	0.05	48.06516097360091	62.18964577641367
18	2.0443258077338147	2.0803327533558265	0.12805164736421001		1.0844526290893555	0.19073486328125	0.05	120.16110430368497	25.279889951120143
19	2.0443258077338147	2.0803327533558265	0.2338753325023921		1.1377944946289062	0.095367431640625	0.05	50.94992925603103	25.279889951120143
20	2.0443258077338147	2.0803327533558265	0.21977546665419442		0.9759202003479004	0.0476837158203125	0.02384185791015625	32.068813717057985	25.279889951120143
21	0.08228911469749563	5.424366357760762	0.353905434736753		0.9451401233673096	0.11920928955078125	0.02384185791015625	63.92602280486918	27.100572094446676
22	0.08228911469749563	5.424366357760762	0.35390543835434796		0.9177451133728027	0.059604644775390625	0.02384185791015625	37.550635029384864	27.100572094446676
23	1.0723544898982862	2.01198906816374	0.13777535198828922		0.9482064247131348	0.14901161193847656	0.02384185791015625	93.87569139887111	25.279889924361402
24	1.0723544898982862	2.01198906816374	0.20655837955597023		1.0358331203460693	0.07450580596923828	0.02384185791015625	26.375401254764398	25.279889924361402
25	1.0723544898982862	2.01198906816374	0.20655837955597023		0.9585988521575928	0.03725290298461914	0.02384185791015625	26.003985271231798	25.279889924361402
26	0.027051873920012	4.63036906231538	0.30305630482762624		1.067664623260498	0.09313225746154785	0.02384185791015625	34.234284725708505	10.328083127074144
27	0.027051873920012	4.63036906231538	0.30305630861376714		0.9292924404144287	0.046566128730773926	0.02384185791015625	26.003985263879176	10.328083127074144
28	0.027051873920012	4.63036906231538	0.31832765634619475		0.9504749774932861	0.023283064365386963	0.011641532182693481	3.5732561968670993	10.328083127074144
29	0.011811680624865036	4.985903203937766	0.3140368670917323		0.9554474353790283	0.05820766091346741	0.011641532182693481	31.83922478224511	11.389591275123955
30	0.011811680624865036	4.985903203937766	0.3140368679769074		0.9199254512786865	0.029103830456733704	0.011641532182693481	29.577241502975745	11.389591275123955
31	0.011811680624865036	4.985903203937766	0.3140368679769074		1.1242284774780273	0.014551915228366852	0.011641532182693481	1.307689921245526	11.389591275123955
32	0.032909027322104725	5.100084836707394	0.3625631594775126		0.9248607158660889	0.007275957614183426	0.003637978807091713	15.06165890226253	11.499355717261764
33	0.07799388074362942	4.030581520219609	0.23113626840332938		1.0430448055267334	0.018189894035458565	0.003637978807091713	20.008882124225703	3.562303185000765
34	0.07799388074362942	4.030581520219609	0.2311362658266061		0.9148266315460205	0.009094947017729282	0.003637978807091713	10.62136381516828	3.562303185000765
35	0.07799388074362942	4.030581520219609	0.2311362658266061		0.9184598922729492	0.004547473508864641	0.003637978807091713	2.2189389673381186	3.562303185000765
36	0.05438784838953504	4.228033539815719	0.21670627283519067		0.9445085525512695	0.011368683772161603	0.003637978807091713	12.505550929022151	1.3433642176626464
37	0.05438784838953504	4.228033539815719	0.2167062726774012		0.9006609916687012	0.0056843418860808015	0.003637978807091713	12.208942310234008	1.3433642176626464
38	0.05438784838953504	4.228033539815719	0.1964145979208024		0.9500043392181396	0.0028421709430404007	0.0014210854715202004	0.809335657150605	1.3433642176626464
39	0.02123733001662502	4.294911479196596	0.24270647568900983		1.043729543685913	0.007105427357601002	0.0014210854715202004	14.384438920192146	0.5340285605120414
40	0.02123733001662502	4.294911479196596	0.24270647564599007		0.9019248485565186	0.003552713678800501	0.0014210854715202004	7.165759934718608	0.5340285605120414
41	0.02123733001662502	4.294911479196596	0.24270647564599007		0.9013385772705078	0.0017763568394002505	0.0014210854715202004	0.34133827008451334	0.5340285605120414
42	0.03028825196515713	4.319671996501703	0.20888757594475096		0.9143671989440918	0.0008881784197001252	0.0005	1.6737819502192934	0.19269029042752805
43	0.03028825196515713	4.319671996501703	0.20888757599670238		0.9104166030883789	0.0005	0.0005	0.9423906020316224	0.19269029042752805
44	0.03028825196515713	4.319671996501703	0.20888757599670238		0.9145321846008301	0.0005	0.0005	0.04976363618621349	0.19269029042752805
45	0.0012746720340514762	4.321003425347771	0.22823815707885298		0.7959399223327637	0.00125	0.0005	2.552790113065562	0.14395137323536744
46	0.0012746720340514762	4.321003425347771	0.22823815692712907		0.9095478057861328	0.000625	0.0005	1.2745114070646295	0.14395137323536744
47	0.0012746720340514762	4.321003425347771	0.22823815692712907		0.9302635192871094	0.0005	0.0005	0.025627852329648704	0.14395137323536744
48	0.0012074805109735312	4.3229486171265155	0.22826329436953913		0.9273767471313477	0.00125	0.0005	2.5544105092389913	0.11832352090571874
49	0.0012074805109735312	4.3229486171265155	0.2282632942173132		0.9269387722015381	0.000625	0.0005	1.2761412568232728	0.11832352090571874
50	0.0012074805109735312	4.3229486171265155	0.2282632942173132		0.9107120037078857	0.0005	0.0005	0.024596515998219104	0.11832352090571874
51	0.00037668305861713464	4.324760750341398	0.22828919568998035		0.7967371940612793	0.00125	0.0005	2.555409447955739	0.09372700490749963
52	0.00037668305861713464	4.324760750341398	0.22828919553782548		0.8942704200744629	0.000625	0.0005	1.277145406021532	0.09372700490749963
53	0.00037668305861713464	4.324760750341398	0.22828919553782548		0.9201374053955078	0.0005	0.0005	0.023940445946024624	0.09372700490749963
54	0.0001445246916521141	4.32659265241822	0.22831519130607705		0.7975485324859619	0.00125	0.0005	2.5560257011213494	0.06978655896147501
55	0.0001445246916521141	4.32659265241822	0.22831519115400378		0.897496223449707	0.000625	0.0005	1.27776425694001	0.06978655896147501
56	0.0001445246916521141	4.32659265241822	0.22831519115400378		1.0295414924621582	0.0005	0.0005	0.023515508736885238	0.06978655896147501
57	0.00045944932272336085	4.328435165531388	0.22834122400522522		0.7933228015899658	0.00125	0.0005	2.5564063306062863	0.04627105022458977
58	0.00045944932272336085	4.328435165531388	0.2283412238534032		0.9053909778594971	0.000625	0.0005	1.2781458755301145	0.04627105022458977
59	0.00045944932272336085	4.328435165531388	0.2283412238534032		0.9339389801025391	0.0005	0.0005	0.023232943008167695	0.04627105022458977
60	0.0006533424821850535	4.330282656007784	0.22836725834288002		0.9523320198059082	0.00125	0.0005	2.5566419141034515	0.023038107216422077
61	0.0006533424821850535	4.330282656007784	0.228367258191102		0.913424015045166	0.000625	0.0005	1.2783814578138006	0.023038107216422077
62	0.0006533424821850535	4.330282656007784	0.228367258191102		0.9092369079589844	0.0005	0.0005	0.023038107216422077	0.023038107216422077
63	0.0005768917085885155	4.332131660671072	0.18930051871776066		0.9183568954467773	0.00125	0.0005	2.3551902897726222	0.0
64	0.0005768917085885155	4.332131660671072	0.18930051875663942		0.90724778175354	0.000625	0.0005	1.1778671069743538	0.0
65	0.0005768917085885155	4.332131660671072	0.18930051875663942		0.9050438404083252	0.0005	0.0005	0.022515347938146135	0.0
66	0.0005768917085885155	4.332131660671072	0.18930051875663942		0.8288383483886719	None	None	None	0.0

========== Optimization Summary ==========
Total Time (s): 63.003698
Total Iterations: 66
==========================================


========== RUN SUMMARY ==========
Iterations            : 66
Problem size          : 51 variables  (x|y|z = 4|7|40)
    x = black-box inputs | y = black-box outputs | z = remaining
Black-box blocks      : 2  (outputs per block: block1=3, block2=4)
Constraints           : 39  (equality 36 | inequality 3)
Wall time (s)         : 63.541
CPU time (s)          : 11.281   (process_time)
External BB evaluations (true black-box callback calls):
    block1      : 308
    block2      : 288
    TOTAL       : 596
    (evaluateDx sweeps: 132)
BB cache              : 1206 hits / 1802 requests (66.9% hit rate); 596 true evaluations
System:
  OS              : Windows-11-10.0.26200-SP0
  Processor       : Intel64 Family 6 Model 140 Stepping 1, GenuineIntel
  Architecture    : AMD64
  Python          : 3.12.12
  CPU cores       : 8 logical, 4 physical
  RAM             : 15.7 GB
  numpy / pyomo   : 2.4.2 / 6.10.1.a0 (VOTD)
=================================

======================================================================
POST-SOLVE ECONOMICS AND BALANCE CHECK
======================================================================
  CH4_produced_kg_yr: 5951514.52062112
  CH4_into_PSA_mol_s: 13.01110649874604
  CH4_PSA_output_mol_s: 0.6552020469013419
  PSA_CH4_recovery: 0.05035713503417159
  H2_electrolyser_mol_s: 59.018389388629984
  SOEL_kW: 15929.063295991235
  H2_to_CH4_stoich_ratio: 1.1340001981060939
  PSA_CH4_balance_gap: 0.949642875708571
  CAPEX_total_USD: 72908884.74813955
  CAPEX_annualised_USD_yr: 4366412.984319794
  OPEX_avg_USD_yr: 21416331.499406558
  TAC_USD_yr: 25782744.483726352
  LCOCH4_PSA_output_basis_USD_kg: 86.02815981749856
  LCOCH4_USD_kg: 4.3321316606710685
  LCOCH4_with_H2_credit_USD_kg: 3.152913363645418
  CAPEX_share: {'SOEL': 0.9176119765687453, 'DFM': 0.0382671921552837, 'COMP': 0.022423306601099636, 'GC': 0.0024346849650763998, 'PSA': 0.01665923140868228, 'FURNACE': 0.0026036083011128667}
  OPEX_share: {'SOEL': 0.8255286471440468, 'DFM': 0.08832023686142895, 'COMP': 0.038165175192686945, 'GC': 0.004143910614261721, 'PSA': 0.02959176753007483, 'FURNACE': 0.014250262657500797}
  H2_balance_rel_err: 0.0853100627376948
  C_unaccounted_frac: 0.1789951885784047
  reactor_per_cycle_mmol: {'CO2_in': 4.79080343513842, 'CH4_out': 3.2603987576917097, 'H2_out': 16.94018099313923, 'CO2_out': 0.6728739131320396, 'H2_fed': 32.778075720000196}
ECONOMICS_DICT {"CH4_produced_kg_yr": 5951514.52062112, "CH4_into_PSA_mol_s": 13.01110649874604, "CH4_PSA_output_mol_s": 0.6552020469013419, "PSA_CH4_recovery": 0.05035713503417159, "H2_electrolyser_mol_s": 59.018389388629984, "SOEL_kW": 15929.063295991235, "H2_to_CH4_stoich_ratio": 1.1340001981060939, "PSA_CH4_balance_gap": 0.949642875708571, "CAPEX_total_USD": 72908884.74813955, "CAPEX_annualised_USD_yr": 4366412.984319794, "OPEX_avg_USD_yr": 21416331.499406558, "TAC_USD_yr": 25782744.483726352, "LCOCH4_PSA_output_basis_USD_kg": 86.02815981749856, "LCOCH4_USD_kg": 4.3321316606710685, "LCOCH4_with_H2_credit_USD_kg": 3.152913363645418, "CAPEX_share": {"SOEL": 0.9176119765687453, "DFM": 0.0382671921552837, "COMP": 0.022423306601099636, "GC": 0.0024346849650763998, "PSA": 0.01665923140868228, "FURNACE": 0.0026036083011128667}, "OPEX_share": {"SOEL": 0.8255286471440468, "DFM": 0.08832023686142895, "COMP": 0.038165175192686945, "GC": 0.004143910614261721, "PSA": 0.02959176753007483, "FURNACE": 0.014250262657500797}, "H2_balance_rel_err": 0.0853100627376948, "C_unaccounted_frac": 0.1789951885784047, "reactor_per_cycle_mmol": {"CO2_in": 4.79080343513842, "CH4_out": 3.2603987576917097, "H2_out": 16.94018099313923, "CO2_out": 0.6728739131320396, "H2_fed": 32.778075720000196}}
