[flowsheet] cache: 1695 reactor and 1479 PSA evaluation(s) loaded
[flowsheet] initialised 44 variable(s) from x0_units_fixed.json
[gjh] using: <repo>\atrfu\gjh.exe
========== A-TRFu SOLVER ==========
Globalization strategy: 1 (Funnel)
Hypervolume sampling  : multiple_black_boxes=0
Restoration strategy  : 1 (R1 classic (contract on reject))
Problem size          : 51 variables  (x|y|z = 4|7|40);  2 black-box block(s)
    x = black-box inputs | y = black-box outputs | z = remaining
Constraints           : 39  (equality 36 | inequality 3)
Tolerances            : ep_i=1.0e-03, ep_chi=1.0e-03, ep_delta=1.0e-03, max_it=1000
===================================


**************************************
Iteration 0:
thetak = 230.9871475034392
objk = 3.82871665748975
trustRadius = 1.0
sampleRadius = 0.1
stepNorm = 97.88650821881674
chi = 100000000.0
Iteration time (s) = 0.7780919075012207
theta-type step
**************************************


**************************************
Iteration 1:
thetak = 35.18730066782294
objk = 0.5054281802329513
trustRadius = 1.0
sampleRadius = 0.05
stepNorm = 373.8851269948907
chi = 0.09804518467584643
Iteration time (s) = 0.18581819534301758
theta-type step
**************************************


**************************************
Iteration 2:
thetak = 21.784008952650474
objk = 0.29302300176296625
trustRadius = 1.0
sampleRadius = 0.05
stepNorm = 629.9993734779133
chi = 0.13281982702403988
Iteration time (s) = 0.9673910140991211
theta-type step
**************************************


**************************************
Iteration 3:
thetak = 27.53999403488017
objk = 1.5466036337250157
trustRadius = 0.5
sampleRadius = 0.05
stepNorm = 314.9999770007802
chi = 0.1245481054427043
Iteration time (s) = 0.9081029891967773
step rejected
**************************************


**************************************
Iteration 4:
thetak = 27.53999403488017
objk = 1.5466036337250157
trustRadius = 0.25
sampleRadius = 0.05
stepNorm = 157.49997617644658
chi = 0.1546187817786131
Iteration time (s) = 0.9112963676452637
theta-type step
**************************************


**************************************
Iteration 5:
thetak = 11.366900728271967
objk = 3.3250544862014046
trustRadius = 0.625
sampleRadius = 0.05
stepNorm = 393.74985680703736
chi = 0.1684459382497727
Iteration time (s) = 0.9311237335205078
step rejected
**************************************


**************************************
Iteration 6:
thetak = 11.366900728271967
objk = 3.3250544862014046
trustRadius = 0.3125
sampleRadius = 0.05
stepNorm = 196.8749819296179
chi = 0.2081822205643652
Iteration time (s) = 0.9159958362579346
f-type step
**************************************


**************************************
Iteration 7:
thetak = 26.023747344495703
objk = 2.0147763614367697
trustRadius = 0.78125
sampleRadius = 0.05
stepNorm = 156.01561399217735
chi = 0.1737322711132414
Iteration time (s) = 0.9153094291687012
step rejected
**************************************


**************************************
Iteration 8:
thetak = 26.023747344495703
objk = 2.0147763614367697
trustRadius = 0.390625
sampleRadius = 0.05
stepNorm = 246.0936383070821
chi = 0.18329968220910567
Iteration time (s) = 0.9301340579986572
step rejected
**************************************

[FRP] solve 1 of phase 1, thetak=2.602e+01, Delta=1.953e-01

**************************************
Iteration 9:
thetak = 26.023747344495703
objk = 2.0147763614367697
trustRadius = 0.1953125
sampleRadius = 0.05
stepNorm = 98.99855411023408
chi = 0.18329968220910567
Iteration time (s) = 0.903181791305542
theta-type step
**************************************


**************************************
Iteration 10:
thetak = 1.484113858873976
objk = 12.771449130398281
trustRadius = 0.48828125
sampleRadius = 0.05
stepNorm = 307.61705081950544
chi = 0.39406122983958847
Iteration time (s) = 0.8226604461669922
step rejected
**************************************


**************************************
Iteration 11:
thetak = 1.484113858873976
objk = 12.771449130398281
trustRadius = 0.244140625
sampleRadius = 0.05
stepNorm = 153.80857794691366
chi = 0.39406122590117615
Iteration time (s) = 0.8987631797790527
step rejected
**************************************

[FRP] solve 1 of phase 2, thetak=1.484e+00, Delta=1.221e-01

**************************************
Iteration 12:
thetak = 1.484113858873976
objk = 12.771449130398281
trustRadius = 0.1220703125
sampleRadius = 0.05
stepNorm = 23.59418058262372
chi = 0.39406122590117615
Iteration time (s) = 0.9070942401885986
theta-type step
**************************************


**************************************
Iteration 13:
thetak = 0.12197455839238085
objk = 14.127068217280925
trustRadius = 0.30517578125
sampleRadius = 0.05
stepNorm = 192.26072828660972
chi = 0.40179749727323366
Iteration time (s) = 0.7923343181610107
step rejected
**************************************


**************************************
Iteration 14:
thetak = 0.12197455839238085
objk = 14.127068217280925
trustRadius = 0.152587890625
sampleRadius = 0.05
stepNorm = 96.13034836915244
chi = 0.40179750245010026
Iteration time (s) = 0.9087207317352295
relax-theta-type step
**************************************


**************************************
Iteration 15:
thetak = 9.14141913223841
objk = 2.6914480974061616
trustRadius = 0.0762939453125
sampleRadius = 0.05
stepNorm = 48.065082267277546
chi = 0.18721629760232067
Iteration time (s) = 0.9069101810455322
theta-type step
**************************************


**************************************
Iteration 16:
thetak = 5.8203009692264
objk = 2.8913387637783767
trustRadius = 0.19073486328125
sampleRadius = 0.05
stepNorm = 120.16294843349664
chi = 0.166757230675697
Iteration time (s) = 0.8938145637512207
step rejected
**************************************


**************************************
Iteration 17:
thetak = 5.8203009692264
objk = 2.8913387637783767
trustRadius = 0.095367431640625
sampleRadius = 0.05
stepNorm = 60.081457640248686
chi = 0.2501404780811151
Iteration time (s) = 0.906132698059082
f-type step
**************************************


**************************************
Iteration 18:
thetak = 5.036071419093162
objk = 2.4914095999430748
trustRadius = 0.2384185791015625
sampleRadius = 0.05
stepNorm = 150.20360935977448
chi = 0.2512137764376632
Iteration time (s) = 0.9044978618621826
step rejected
**************************************


**************************************
Iteration 19:
thetak = 5.036071419093162
objk = 2.4914095999430748
trustRadius = 0.11920928955078125
sampleRadius = 0.05
stepNorm = 75.10183559286352
chi = 0.2621258180915303
Iteration time (s) = 0.887453556060791
relax-theta-type step
**************************************


**************************************
Iteration 20:
thetak = 7.521149557866156
objk = 2.025312009159302
trustRadius = 0.059604644775390625
sampleRadius = 0.05
stepNorm = 37.55090502784657
chi = 0.15262245111838235
Iteration time (s) = 0.9169127941131592
theta-type step
**************************************


**************************************
Iteration 21:
thetak = 1.8715075310647609
objk = 2.1585796690150127
trustRadius = 0.14901161193847656
sampleRadius = 0.05
stepNorm = 35.02063997876962
chi = 0.1565805781674237
Iteration time (s) = 0.9153933525085449
f-type step
**************************************


**************************************
Iteration 22:
thetak = 4.381803345045405
objk = 1.8732053348957736
trustRadius = 0.3725290298461914
sampleRadius = 0.05
stepNorm = 205.89674907722647
chi = 0.21098335512722083
Iteration time (s) = 0.8931875228881836
step rejected
**************************************


**************************************
Iteration 23:
thetak = 4.381803345045405
objk = 1.8732053348957736
trustRadius = 0.1862645149230957
sampleRadius = 0.05
stepNorm = 7.842504660039317
chi = 0.24857350911420809
Iteration time (s) = 0.9176468849182129
theta-type step
**************************************


**************************************
Iteration 24:
thetak = 1.8393132491238329
objk = 1.8206279625956332
trustRadius = 0.46566128730773926
sampleRadius = 0.05
stepNorm = 138.54169210425437
chi = 0.13537411666788482
Iteration time (s) = 0.9006562232971191
step rejected
**************************************


**************************************
Iteration 25:
thetak = 1.8393132491238329
objk = 1.8206279625956332
trustRadius = 0.23283064365386963
sampleRadius = 0.05
stepNorm = 146.68324991290012
chi = 0.20410965058587374
Iteration time (s) = 0.9018716812133789
step rejected
**************************************

[FRP] solve 1 of phase 3, thetak=1.839e+00, Delta=1.164e-01

**************************************
Iteration 26:
thetak = 1.8393132491238329
objk = 1.8206279625956332
trustRadius = 0.11641532182693481
sampleRadius = 0.05
stepNorm = 39.23022913676307
chi = 0.20410965058587374
Iteration time (s) = 0.9135477542877197
theta-type step
**************************************


**************************************
Iteration 27:
thetak = 1.4332993414350716
objk = 6.174964583713855
trustRadius = 0.29103830456733704
sampleRadius = 0.05
stepNorm = 183.3540930391129
chi = 0.3134332983913792
Iteration time (s) = 0.8968088626861572
step rejected
**************************************


**************************************
Iteration 28:
thetak = 1.4332993414350716
objk = 6.174964583713855
trustRadius = 0.14551915228366852
sampleRadius = 0.05
stepNorm = 91.67679822949486
chi = 0.3134331647569848
Iteration time (s) = 0.8919258117675781
step rejected
**************************************

[FRP] solve 1 of phase 4, thetak=1.433e+00, Delta=7.276e-02

**************************************
Iteration 29:
thetak = 1.4332993414350716
objk = 6.174964583713855
trustRadius = 0.07275957614183426
sampleRadius = 0.05
stepNorm = 27.3954528426587
chi = 0.3134331647569848
Iteration time (s) = 0.9057238101959229
theta-type step
**************************************


**************************************
Iteration 30:
thetak = 0.29952378366207233
objk = 7.2777692886645635
trustRadius = 0.18189894035458565
sampleRadius = 0.05
stepNorm = 114.59625479260177
chi = 0.3195425436469738
Iteration time (s) = 0.8082685470581055
step rejected
**************************************


**************************************
Iteration 31:
thetak = 0.29952378366207233
objk = 7.2777692886645635
trustRadius = 0.09094947017729282
sampleRadius = 0.05
stepNorm = 57.29814851839404
chi = 0.3195425590387917
Iteration time (s) = 0.8964748382568359
step rejected
**************************************

[FRP] solve 1 of phase 5, thetak=2.995e-01, Delta=4.547e-02

**************************************
Iteration 32:
thetak = 0.29952378366207233
objk = 7.2777692886645635
trustRadius = 0.04547473508864641
sampleRadius = 0.022737367544323206
stepNorm = 12.546206681580884
chi = 0.3247219544846174
Iteration time (s) = 0.9141504764556885
theta-type step
**************************************


**************************************
Iteration 33:
thetak = 0.003658546036086568
objk = 7.640244970917484
trustRadius = 0.11368683772161603
sampleRadius = 0.022737367544323206
stepNorm = 71.62269163254746
chi = 0.33587841052103595
Iteration time (s) = 0.9100909233093262
step rejected
**************************************


**************************************
Iteration 34:
thetak = 0.003658546036086568
objk = 7.640244970917484
trustRadius = 0.056843418860808015
sampleRadius = 0.022737367544323206
stepNorm = 43.153578148115606
chi = 0.33587841307114286
Iteration time (s) = 0.9071719646453857
step rejected
**************************************

[FRP] solve 1 of phase 6, thetak=3.659e-03, Delta=2.842e-02

**************************************
Iteration 35:
thetak = 0.003658546036086568
objk = 7.640244970917484
trustRadius = 0.028421709430404007
sampleRadius = 0.022737367544323206
stepNorm = 5.280530446672401
chi = 0.33587841307114286
Iteration time (s) = 0.9022777080535889
theta-type step
**************************************


**************************************
Iteration 36:
thetak = 0.005219690194231796
objk = 7.770945483034421
trustRadius = 0.014210854715202004
sampleRadius = 0.007105427357601002
stepNorm = 27.881237464939154
chi = 0.3499948678653812
Iteration time (s) = 0.7870798110961914
f-type step
**************************************


**************************************
Iteration 37:
thetak = 0.2621125408098253
objk = 5.119159879369688
trustRadius = 0.03552713678800501
sampleRadius = 0.007105427357601002
stepNorm = 27.581015686721322
chi = 0.27711788192746034
Iteration time (s) = 0.9105896949768066
step rejected
**************************************


**************************************
Iteration 38:
thetak = 0.2621125408098253
objk = 5.119159879369688
trustRadius = 0.017763568394002505
sampleRadius = 0.007105427357601002
stepNorm = 19.53992417556203
chi = 0.27711787149007244
Iteration time (s) = 0.9163355827331543
f-type step
**************************************


**************************************
Iteration 39:
thetak = 0.18484604508384192
objk = 3.0010752216133447
trustRadius = 0.04440892098500626
sampleRadius = 0.007105427357601002
stepNorm = 27.977595788205093
chi = 0.16621027575922365
Iteration time (s) = 0.9379191398620605
step rejected
**************************************


**************************************
Iteration 40:
thetak = 0.18484604508384192
objk = 3.0010752216133447
trustRadius = 0.02220446049250313
sampleRadius = 0.007105427357601002
stepNorm = 13.98878145583268
chi = 0.24526493675457495
Iteration time (s) = 0.9747593402862549
f-type step
**************************************


**************************************
Iteration 41:
thetak = 0.2906720207551527
objk = 2.277787655640174
trustRadius = 0.05551115123125783
sampleRadius = 0.007105427357601002
stepNorm = 34.972003685784074
chi = 0.15282073159708923
Iteration time (s) = 0.9134054183959961
step rejected
**************************************


**************************************
Iteration 42:
thetak = 0.2906720207551527
objk = 2.277787655640174
trustRadius = 0.027755575615628914
sampleRadius = 0.007105427357601002
stepNorm = 17.485986385580162
chi = 0.21972748289020627
Iteration time (s) = 0.9070978164672852
step rejected
**************************************

[FRP] solve 1 of phase 7, thetak=2.907e-01, Delta=1.388e-02

**************************************
Iteration 43:
thetak = 0.2906720207551527
objk = 2.277787655640174
trustRadius = 0.013877787807814457
sampleRadius = 0.007105427357601002
stepNorm = 16.533255644852048
chi = 0.21972748289020627
Iteration time (s) = 0.899240255355835
theta-type step
**************************************


**************************************
Iteration 44:
thetak = 0.03111956372547075
objk = 3.791809167033309
trustRadius = 0.03469446951953614
sampleRadius = 0.007105427357601002
stepNorm = 21.857491668791
chi = 0.26521487984625775
Iteration time (s) = 0.7855863571166992
step rejected
**************************************


**************************************
Iteration 45:
thetak = 0.03111956372547075
objk = 3.791809167033309
trustRadius = 0.01734723475976807
sampleRadius = 0.007105427357601002
stepNorm = 11.77462935859856
chi = 0.26521487990480197
Iteration time (s) = 0.9121246337890625
f-type step
**************************************


**************************************
Iteration 46:
thetak = 0.06005455887794574
objk = 2.2372520355204113
trustRadius = 0.04336808689942018
sampleRadius = 0.007105427357601002
stepNorm = 26.69379205385337
chi = 0.15304062052389034
Iteration time (s) = 0.9216699600219727
step rejected
**************************************


**************************************
Iteration 47:
thetak = 0.06005455887794574
objk = 2.2372520355204113
trustRadius = 0.02168404344971009
sampleRadius = 0.007105427357601002
stepNorm = 13.66092370879386
chi = 0.22604339092585524
Iteration time (s) = 0.9120099544525146
step rejected
**************************************

[FRP] solve 1 of phase 8, thetak=6.005e-02, Delta=1.084e-02

**************************************
Iteration 48:
thetak = 0.06005455887794574
objk = 2.2372520355204113
trustRadius = 0.010842021724855044
sampleRadius = 0.007105427357601002
stepNorm = 13.101681381521153
chi = 0.22604339092585524
Iteration time (s) = 0.9181053638458252
theta-type step
**************************************


**************************************
Iteration 49:
thetak = 0.017953823449919387
objk = 3.396410552684695
trustRadius = 0.02710505431213761
sampleRadius = 0.007105427357601002
stepNorm = 17.07616070311451
chi = 0.2609477149046656
Iteration time (s) = 0.916630744934082
step rejected
**************************************


**************************************
Iteration 50:
thetak = 0.017953823449919387
objk = 3.396410552684695
trustRadius = 0.013552527156068805
sampleRadius = 0.007105427357601002
stepNorm = 9.66291239249582
chi = 0.2609477149035187
Iteration time (s) = 0.9017646312713623
step rejected
**************************************

[FRP] solve 1 of phase 9, thetak=1.795e-02, Delta=6.776e-03

**************************************
Iteration 51:
thetak = 0.017953823449919387
objk = 3.396410552684695
trustRadius = 0.006776263578034403
sampleRadius = 0.0033881317890172014
stepNorm = 4.783092251029956
chi = 0.26089219821509285
Iteration time (s) = 0.9137973785400391
theta-type step
**************************************


**************************************
Iteration 52:
thetak = 9.759945244432189e-05
objk = 3.8320248864536297
trustRadius = 0.016940658945086007
sampleRadius = 0.0033881317890172014
stepNorm = 13.737329122904278
chi = 0.2649263172441713
Iteration time (s) = 0.9336676597595215
step rejected
**************************************


**************************************
Iteration 53:
thetak = 9.759945244432189e-05
objk = 3.8320248864536297
trustRadius = 0.008470329472543003
sampleRadius = 0.0033881317890172014
stepNorm = 16.00403385423723
chi = 0.2649263171175759
Iteration time (s) = 0.8979671001434326
step rejected
**************************************

[FRP] solve 1 of phase 10, thetak=9.760e-05, Delta=4.235e-03

**************************************
Iteration 54:
thetak = 9.759945244432189e-05
objk = 3.8320248864536297
trustRadius = 0.004235164736271502
sampleRadius = 0.0033881317890172014
stepNorm = 1.859427296332754
chi = 0.2649263171175759
Iteration time (s) = 0.8974335193634033
theta-type step
**************************************


**************************************
Iteration 55:
thetak = 0.0028693149968362086
objk = 4.005696620254133
trustRadius = 0.002117582368135751
sampleRadius = 0.0010587911840678754
stepNorm = 4.2743586865345335
chi = 0.26236849207929525
Iteration time (s) = 0.7975409030914307
f-type step
**************************************


**************************************
Iteration 56:
thetak = 0.005741150522522283
objk = 3.641622703635711
trustRadius = 0.005293955920339377
sampleRadius = 0.0010587911840678754
stepNorm = 10.849578516081948
chi = 0.2592170009786894
Iteration time (s) = 0.9063575267791748
step rejected
**************************************


**************************************
Iteration 57:
thetak = 0.005741150522522283
objk = 3.641622703635711
trustRadius = 0.0026469779601696886
sampleRadius = 0.0010587911840678754
stepNorm = 5.425741154018375
chi = 0.2592170007101218
Iteration time (s) = 0.9118633270263672
f-type step
**************************************


**************************************
Iteration 58:
thetak = 0.014407347982740076
objk = 3.2181764932075194
trustRadius = 0.006617444900424221
sampleRadius = 0.0010587911840678754
stepNorm = 7.628734209401792
chi = 0.24559857195343035
Iteration time (s) = 0.9174361228942871
step rejected
**************************************


**************************************
Iteration 59:
thetak = 0.014407347982740076
objk = 3.2181764932075194
trustRadius = 0.0033087224502121107
sampleRadius = 0.0010587911840678754
stepNorm = 6.717250935819855
chi = 0.24559857156397727
Iteration time (s) = 0.9054138660430908
f-type step
**************************************


**************************************
Iteration 60:
thetak = 0.004247058818295275
objk = 2.6966624217995903
trustRadius = 0.008271806125530277
sampleRadius = 0.0010587911840678754
stepNorm = 5.424491228611684
chi = 0.24305671847291413
Iteration time (s) = 0.8971707820892334
step rejected
**************************************


**************************************
Iteration 61:
thetak = 0.004247058818295275
objk = 2.6966624217995903
trustRadius = 0.004135903062765138
sampleRadius = 0.0010587911840678754
stepNorm = 4.549492175113878
chi = 0.2430567179057547
Iteration time (s) = 0.9043385982513428
step rejected
**************************************

[FRP] solve 1 of phase 11, thetak=4.247e-03, Delta=2.068e-03

**************************************
Iteration 62:
thetak = 0.004247058818295275
objk = 2.6966624217995903
trustRadius = 0.002067951531382569
sampleRadius = 0.0010587911840678754
stepNorm = 1.8644046120544573
chi = 0.2430567179057547
Iteration time (s) = 0.9087176322937012
theta-type step
**************************************


**************************************
Iteration 63:
thetak = 0.0009395840900299351
objk = 2.8786070793257514
trustRadius = 0.0051698788284564225
sampleRadius = 0.0010587911840678754
stepNorm = 5.686865517675364
chi = 0.24700453837943706
Iteration time (s) = 0.7913022041320801
step rejected
**************************************


**************************************
Iteration 64:
thetak = 0.0009395840900299351
objk = 2.8786070793257514
trustRadius = 0.0025849394142282113
sampleRadius = 0.0010587911840678754
stepNorm = 3.315897202996055
chi = 0.24700453818331256
Iteration time (s) = 0.9034626483917236
step rejected
**************************************

[FRP] solve 1 of phase 12, thetak=9.396e-04, Delta=1.292e-03

**************************************
Iteration 65:
thetak = 0.0009395840900299351
objk = 2.8786070793257514
trustRadius = 0.0012924697071141056
sampleRadius = 0.0010587911840678754
stepNorm = 0.7277691162160522
chi = 0.24700453818331256
Iteration time (s) = 0.9164001941680908
theta-type step
**************************************


**************************************
Iteration 66:
thetak = 0.00035865935002156284
objk = 2.9397584114054673
trustRadius = 0.0032311742677852643
sampleRadius = 0.0010587911840678754
stepNorm = 3.9281792508939617
chi = 0.2492664874217611
Iteration time (s) = 0.9149384498596191
step rejected
**************************************


**************************************
Iteration 67:
thetak = 0.00035865935002156284
objk = 2.9397584114054673
trustRadius = 0.0016155871338926322
sampleRadius = 0.0010587911840678754
stepNorm = 3.0517657874753894
chi = 0.24926648726539916
Iteration time (s) = 0.9197218418121338
step rejected
**************************************

[FRP] solve 1 of phase 13, thetak=3.587e-04, Delta=8.078e-04

**************************************
Iteration 68:
thetak = 0.00035865935002156284
objk = 2.9397584114054673
trustRadius = 0.0008077935669463161
sampleRadius = 0.0005
stepNorm = 0.2832243068113627
chi = 0.27151727957391764
Iteration time (s) = 0.8977885246276855
theta-type step
**************************************


**************************************
Iteration 69:
thetak = 0.0012105373812212883
objk = 2.964008535007378
trustRadius = 0.00201948391736579
sampleRadius = 0.0005
stepNorm = 4.083504752699298
chi = 0.2721718335620584
Iteration time (s) = 0.91573166847229
step rejected
**************************************


**************************************
Iteration 70:
thetak = 0.0012105373812212883
objk = 2.964008535007378
trustRadius = 0.001009741958682895
sampleRadius = 0.0005
stepNorm = 2.041340900842684
chi = 0.2721718334584159
Iteration time (s) = 0.9055814743041992
step rejected
**************************************

[FRP] solve 1 of phase 14, thetak=1.211e-03, Delta=5.049e-04

**************************************
Iteration 71:
thetak = 0.0012105373812212883
objk = 2.964008535007378
trustRadius = 0.0005048709793414475
sampleRadius = 0.0005
stepNorm = 0.1097223479295053
chi = 0.2721718334584159
Iteration time (s) = 0.9030654430389404
theta-type step
**************************************


**************************************
Iteration 72:
thetak = 0.001120348158913563
objk = 2.973461555803176
trustRadius = 0.0012621774483536187
sampleRadius = 0.0005
stepNorm = 3.1669042498233466
chi = 0.2713098613187194
Iteration time (s) = 0.7970106601715088
step rejected
**************************************


**************************************
Iteration 73:
thetak = 0.001120348158913563
objk = 2.973461555803176
trustRadius = 0.0006310887241768094
sampleRadius = 0.0005
stepNorm = 1.583704401347731
chi = 0.27130986128181617
Iteration time (s) = 0.9102985858917236
step rejected
**************************************

[FRP] solve 1 of phase 15, thetak=1.120e-03, Delta=5.000e-04

**************************************
Iteration 74:
thetak = 0.001120348158913563
objk = 2.973461555803176
trustRadius = 0.0005
sampleRadius = 0.0005
stepNorm = 0.10838216586701321
chi = 0.27130986128181617
Iteration time (s) = 0.9245591163635254
theta-type step
**************************************


**************************************
Iteration 75:
thetak = 0.000654779000014389
objk = 2.9826272978497097
trustRadius = 0.00125
sampleRadius = 0.0005
stepNorm = 2.525983276935847
chi = 0.272676737071259
Iteration time (s) = 0.8983385562896729
step rejected
**************************************


**************************************
Iteration 76:
thetak = 0.000654779000014389
objk = 2.9826272978497097
trustRadius = 0.000625
sampleRadius = 0.0005
stepNorm = 1.2626660265551664
chi = 0.27267673699300815
Iteration time (s) = 0.9078285694122314
step rejected
**************************************

[FRP] solve 1 of phase 16, thetak=6.548e-04, Delta=5.000e-04

**************************************
Iteration 77:
thetak = 0.000654779000014389
objk = 2.9826272978497097
trustRadius = 0.0005
sampleRadius = 0.0005
stepNorm = 0.1041978816755531
chi = 0.27267673699300815
Iteration time (s) = 0.9016737937927246
theta-type step
**************************************


**************************************
Iteration 78:
thetak = 0.0005363909357291169
objk = 2.9915854362758956
trustRadius = 0.00125
sampleRadius = 0.0005
stepNorm = 2.5263750818129367
chi = 0.2729158636718575
Iteration time (s) = 0.8245646953582764
step rejected
**************************************


**************************************
Iteration 79:
thetak = 0.0005363909357291169
objk = 2.9915854362758956
trustRadius = 0.000625
sampleRadius = 0.0005
stepNorm = 1.2630587453440185
chi = 0.2729158635620258
Iteration time (s) = 0.8888471126556396
step rejected
**************************************

[FRP] solve 1 of phase 17, thetak=5.364e-04, Delta=5.000e-04

**************************************
Iteration 80:
thetak = 0.0005363909357291169
objk = 2.9915854362758956
trustRadius = 0.0005
sampleRadius = 0.0005
stepNorm = 0.1021973733777628
chi = 0.2729158635620258
Iteration time (s) = 0.9017305374145508
theta-type step
**************************************


**************************************
Iteration 81:
thetak = 0.0007427022304863241
objk = 3.000446082011738
trustRadius = 0.00125
sampleRadius = 0.0005
stepNorm = 3.136362723744604
chi = 0.27202448011926406
Iteration time (s) = 0.9130055904388428
step rejected
**************************************


**************************************
Iteration 82:
thetak = 0.0007427022304863241
objk = 3.000446082011738
trustRadius = 0.000625
sampleRadius = 0.0005
stepNorm = 1.5684286271339047
chi = 0.27202448008539976
Iteration time (s) = 0.9144818782806396
step rejected
**************************************

[FRP] solve 1 of phase 18, thetak=7.427e-04, Delta=5.000e-04

**************************************
Iteration 83:
thetak = 0.0007427022304863241
objk = 3.000446082011738
trustRadius = 0.0005
sampleRadius = 0.0005
stepNorm = 0.10278565532426853
chi = 0.27202448008539976
Iteration time (s) = 0.8945951461791992
theta-type step
**************************************


**************************************
Iteration 84:
thetak = 0.0006138748372033417
objk = 3.009157720168604
trustRadius = 0.00125
sampleRadius = 0.0005
stepNorm = 2.525960026572939
chi = 0.27339106776991784
Iteration time (s) = 0.8166506290435791
step rejected
**************************************


**************************************
Iteration 85:
thetak = 0.0006138748372033417
objk = 3.009157720168604
trustRadius = 0.000625
sampleRadius = 0.0005
stepNorm = 1.2626431639992362
chi = 0.2733910676889189
Iteration time (s) = 0.8901488780975342
step rejected
**************************************

[FRP] solve 1 of phase 19, thetak=6.139e-04, Delta=5.000e-04

**************************************
Iteration 86:
thetak = 0.0006138748372033417
objk = 3.009157720168604
trustRadius = 0.0005
sampleRadius = 0.0005
stepNorm = 0.09902477029819323
chi = 0.2733910676889189
Iteration time (s) = 0.8855612277984619
theta-type step
**************************************


**************************************
Iteration 87:
thetak = 0.0005229603863253548
objk = 3.0176869553977523
trustRadius = 0.00125
sampleRadius = 0.0005
stepNorm = 2.526360854385402
chi = 0.2736188441498518
Iteration time (s) = 0.9195115566253662
step rejected
**************************************


**************************************
Iteration 88:
thetak = 0.0005229603863253548
objk = 3.0176869553977523
trustRadius = 0.000625
sampleRadius = 0.0005
stepNorm = 1.2630449663172811
chi = 0.2736188440439573
Iteration time (s) = 0.9250226020812988
step rejected
**************************************

[FRP] solve 1 of phase 20, thetak=5.230e-04, Delta=5.000e-04

**************************************
Iteration 89:
thetak = 0.0005229603863253548
objk = 3.0176869553977523
trustRadius = 0.0005
sampleRadius = 0.0005
stepNorm = 0.09726568997050578
chi = 0.2736188440439573
Iteration time (s) = 0.8923568725585938
RESTORATION
**************************************

EXIT: FEASIBLE SOLUTION FOUND (thetak=5.230e-04)
0	230.9871475034392	3.82871665748975	100000000.0		0.7780919075012207	1.0	0.1	97.88650821881674	236.8605309701174
1	35.18730066782294	0.5054281802329513	0.09804518467584643		0.18581819534301758	1.0	0.05	373.8851269948907	334.74703918893414
2	21.784008952650474	0.29302300176296625	0.13281982702403988		0.9673910140991211	1.0	0.05	629.9993734779133	68.72304676039144
3	27.53999403488017	1.5466036337250157	0.1245481054427043		0.9081029891967773	0.5	0.05	314.9999770007802	590.8612856719567
4	27.53999403488017	1.5466036337250157	0.1546187817786131		0.9112963676452637	0.25	0.05	157.49997617644658	590.8612856719567
5	11.366900728271967	3.3250544862014046	0.1684459382497727		0.9311237335205078	0.625	0.05	393.74985680703736	433.36130949551017
6	11.366900728271967	3.3250544862014046	0.2081822205643652		0.9159958362579346	0.3125	0.05	196.8749819296179	433.36130949551017
7	26.023747344495703	2.0147763614367697	0.1737322711132414		0.9153094291687012	0.78125	0.05	156.01561399217735	236.48632756589228
8	26.023747344495703	2.0147763614367697	0.18329968220910567		0.9301340579986572	0.390625	0.05	246.0936383070821	236.48632756589228
9	26.023747344495703	2.0147763614367697	0.18329968220910567		0.903181791305542	0.1953125	0.05	98.99855411023408	236.48632756589228
10	1.484113858873976	12.771449130398281	0.39406122983958847		0.8226604461669922	0.48828125	0.05	307.61705081950544	289.2178885777852
11	1.484113858873976	12.771449130398281	0.39406122590117615		0.8987631797790527	0.244140625	0.05	153.80857794691366	289.2178885777852
12	1.484113858873976	12.771449130398281	0.39406122590117615		0.9070942401885986	0.1220703125	0.05	23.59418058262372	289.2178885777852
13	0.12197455839238085	14.127068217280925	0.40179749727323366		0.7923343181610107	0.30517578125	0.05	192.26072828660972	312.81206916040884
14	0.12197455839238085	14.127068217280925	0.40179750245010026		0.9087207317352295	0.152587890625	0.05	96.13034836915244	312.81206916040884
15	9.14141913223841	2.6914480974061616	0.18721629760232067		0.9069101810455322	0.0762939453125	0.05	48.065082267277546	216.6817207912564
16	5.8203009692264	2.8913387637783767	0.166757230675697		0.8938145637512207	0.19073486328125	0.05	120.16294843349664	168.61663852397885
17	5.8203009692264	2.8913387637783767	0.2501404780811151		0.906132698059082	0.095367431640625	0.05	60.081457640248686	168.61663852397885
18	5.036071419093162	2.4914095999430748	0.2512137764376632		0.9044978618621826	0.2384185791015625	0.05	150.20360935977448	108.53518088373016
19	5.036071419093162	2.4914095999430748	0.2621258180915303		0.887453556060791	0.11920928955078125	0.05	75.10183559286352	108.53518088373016
20	7.521149557866156	2.025312009159302	0.15262245111838235		0.9169127941131592	0.059604644775390625	0.05	37.55090502784657	33.43334529086667
21	1.8715075310647609	2.1585796690150127	0.1565805781674237		0.9153933525085449	0.14901161193847656	0.05	35.02063997876962	9.131162879574802
22	4.381803345045405	1.8732053348957736	0.21098335512722083		0.8931875228881836	0.3725290298461914	0.05	205.89674907722647	39.13819971574952
23	4.381803345045405	1.8732053348957736	0.24857350911420809		0.9176468849182129	0.1862645149230957	0.05	7.842504660039317	39.13819971574952
24	1.8393132491238329	1.8206279625956332	0.13537411666788482		0.9006562232971191	0.46566128730773926	0.05	138.54169210425437	39.138131267309134
25	1.8393132491238329	1.8206279625956332	0.20410965058587374		0.9018716812133789	0.23283064365386963	0.05	146.68324991290012	39.138131267309134
26	1.8393132491238329	1.8206279625956332	0.20410965058587374		0.9135477542877197	0.11641532182693481	0.05	39.23022913676307	39.138131267309134
27	1.4332993414350716	6.174964583713855	0.3134332983913792		0.8968088626861572	0.29103830456733704	0.05	183.3540930391129	28.939348519711814
28	1.4332993414350716	6.174964583713855	0.3134331647569848		0.8919258117675781	0.14551915228366852	0.05	91.67679822949486	28.939348519711814
29	1.4332993414350716	6.174964583713855	0.3134331647569848		0.9057238101959229	0.07275957614183426	0.05	27.3954528426587	28.939348519711814
30	0.29952378366207233	7.2777692886645635	0.3195425436469738		0.8082685470581055	0.18189894035458565	0.05	114.59625479260177	34.30164856945708
31	0.29952378366207233	7.2777692886645635	0.3195425590387917		0.8964748382568359	0.09094947017729282	0.05	57.29814851839404	34.30164856945708
32	0.29952378366207233	7.2777692886645635	0.3247219544846174		0.9141504764556885	0.04547473508864641	0.022737367544323206	12.546206681580884	34.30164856945708
33	0.003658546036086568	7.640244970917484	0.33587841052103595		0.9100909233093262	0.11368683772161603	0.022737367544323206	71.62269163254746	40.03375739369352
34	0.003658546036086568	7.640244970917484	0.33587841307114286		0.9071719646453857	0.056843418860808015	0.022737367544323206	43.153578148115606	40.03375739369352
35	0.003658546036086568	7.640244970917484	0.33587841307114286		0.9022777080535889	0.028421709430404007	0.022737367544323206	5.280530446672401	40.03375739369352
36	0.005219690194231796	7.770945483034421	0.3499948678653812		0.7870798110961914	0.014210854715202004	0.007105427357601002	27.881237464939154	45.31428784036592
37	0.2621125408098253	5.119159879369688	0.27711788192746034		0.9105896949768066	0.03552713678800501	0.007105427357601002	27.581015686721322	36.361462847368216
38	0.2621125408098253	5.119159879369688	0.27711787149007244		0.9163355827331543	0.017763568394002505	0.007105427357601002	19.53992417556203	36.361462847368216
39	0.18484604508384192	3.0010752216133447	0.16621027575922365		0.9379191398620605	0.04440892098500626	0.007105427357601002	27.977595788205093	25.17046460867988
40	0.18484604508384192	3.0010752216133447	0.24526493675457495		0.9747593402862549	0.02220446049250313	0.007105427357601002	13.98878145583268	25.17046460867988
41	0.2906720207551527	2.277787655640174	0.15282073159708923		0.9134054183959961	0.05551115123125783	0.007105427357601002	34.972003685784074	11.587184668318756
42	0.2906720207551527	2.277787655640174	0.21972748289020627		0.9070978164672852	0.027755575615628914	0.007105427357601002	17.485986385580162	11.587184668318756
43	0.2906720207551527	2.277787655640174	0.21972748289020627		0.899240255355835	0.013877787807814457	0.007105427357601002	16.533255644852048	11.587184668318756
44	0.03111956372547075	3.791809167033309	0.26521487984625775		0.7855863571166992	0.03469446951953614	0.007105427357601002	21.857491668791	12.535391147698533
45	0.03111956372547075	3.791809167033309	0.26521487990480197		0.9121246337890625	0.01734723475976807	0.007105427357601002	11.77462935859856	12.535391147698533
46	0.06005455887794574	2.2372520355204113	0.15304062052389034		0.9216699600219727	0.04336808689942018	0.007105427357601002	26.69379205385337	7.838253850779404
47	0.06005455887794574	2.2372520355204113	0.22604339092585524		0.9120099544525146	0.02168404344971009	0.007105427357601002	13.66092370879386	7.838253850779404
48	0.06005455887794574	2.2372520355204113	0.22604339092585524		0.9181053638458252	0.010842021724855044	0.007105427357601002	13.101681381521153	7.838253850779404
49	0.017953823449919387	3.396410552684695	0.2609477149046656		0.916630744934082	0.02710505431213761	0.007105427357601002	17.07616070311451	6.925338852171535
50	0.017953823449919387	3.396410552684695	0.2609477149035187		0.9017646312713623	0.013552527156068805	0.007105427357601002	9.66291239249582	6.925338852171535
51	0.017953823449919387	3.396410552684695	0.26089219821509285		0.9137973785400391	0.006776263578034403	0.0033881317890172014	4.783092251029956	6.925338852171535
52	9.759945244432189e-05	3.8320248864536297	0.2649263172441713		0.9336676597595215	0.016940658945086007	0.0033881317890172014	13.737329122904278	11.056215250485842
53	9.759945244432189e-05	3.8320248864536297	0.2649263171175759		0.8979671001434326	0.008470329472543003	0.0033881317890172014	16.00403385423723	11.056215250485842
54	9.759945244432189e-05	3.8320248864536297	0.2649263171175759		0.8974335193634033	0.004235164736271502	0.0033881317890172014	1.859427296332754	11.056215250485842
55	0.0028693149968362086	4.005696620254133	0.26236849207929525		0.7975409030914307	0.002117582368135751	0.0010587911840678754	4.2743586865345335	12.915642546818596
56	0.005741150522522283	3.641622703635711	0.2592170009786894		0.9063575267791748	0.005293955920339377	0.0010587911840678754	10.849578516081948	8.641283860284062
57	0.005741150522522283	3.641622703635711	0.2592170007101218		0.9118633270263672	0.0026469779601696886	0.0010587911840678754	5.425741154018375	8.641283860284062
58	0.014407347982740076	3.2181764932075194	0.24559857195343035		0.9174361228942871	0.006617444900424221	0.0010587911840678754	7.628734209401792	3.215542706265687
59	0.014407347982740076	3.2181764932075194	0.24559857156397727		0.9054138660430908	0.0033087224502121107	0.0010587911840678754	6.717250935819855	3.215542706265687
60	0.004247058818295275	2.6966624217995903	0.24305671847291413		0.8971707820892334	0.008271806125530277	0.0010587911840678754	5.424491228611684	3.5017082295541684
61	0.004247058818295275	2.6966624217995903	0.2430567179057547		0.9043385982513428	0.004135903062765138	0.0010587911840678754	4.549492175113878	3.5017082295541684
62	0.004247058818295275	2.6966624217995903	0.2430567179057547		0.9087176322937012	0.002067951531382569	0.0010587911840678754	1.8644046120544573	3.5017082295541684
63	0.0009395840900299351	2.8786070793257514	0.24700453837943706		0.7913022041320801	0.0051698788284564225	0.0010587911840678754	5.686865517675364	1.637303617499711
64	0.0009395840900299351	2.8786070793257514	0.24700453818331256		0.9034626483917236	0.0025849394142282113	0.0010587911840678754	3.315897202996055	1.637303617499711
65	0.0009395840900299351	2.8786070793257514	0.24700453818331256		0.9164001941680908	0.0012924697071141056	0.0010587911840678754	0.7277691162160522	1.637303617499711
66	0.00035865935002156284	2.9397584114054673	0.2492664874217611		0.9149384498596191	0.0032311742677852643	0.0010587911840678754	3.9281792508939617	0.9095345012836589
67	0.00035865935002156284	2.9397584114054673	0.24926648726539916		0.9197218418121338	0.0016155871338926322	0.0010587911840678754	3.0517657874753894	0.9095345012836589
68	0.00035865935002156284	2.9397584114054673	0.27151727957391764		0.8977885246276855	0.0008077935669463161	0.0005	0.2832243068113627	0.9095345012836589
69	0.0012105373812212883	2.964008535007378	0.2721718335620584		0.91573166847229	0.00201948391736579	0.0005	4.083504752699298	0.6263101944722962
70	0.0012105373812212883	2.964008535007378	0.2721718334584159		0.9055814743041992	0.001009741958682895	0.0005	2.041340900842684	0.6263101944722962
71	0.0012105373812212883	2.964008535007378	0.2721718334584159		0.9030654430389404	0.0005048709793414475	0.0005	0.1097223479295053	0.6263101944722962
72	0.001120348158913563	2.973461555803176	0.2713098613187194		0.7970106601715088	0.0012621774483536187	0.0005	3.1669042498233466	0.5165878465427909
73	0.001120348158913563	2.973461555803176	0.27130986128181617		0.9102985858917236	0.0006310887241768094	0.0005	1.583704401347731	0.5165878465427909
74	0.001120348158913563	2.973461555803176	0.27130986128181617		0.9245591163635254	0.0005	0.0005	0.10838216586701321	0.5165878465427909
75	0.000654779000014389	2.9826272978497097	0.272676737071259		0.8983385562896729	0.00125	0.0005	2.525983276935847	0.40820568067577767
76	0.000654779000014389	2.9826272978497097	0.27267673699300815		0.9078285694122314	0.000625	0.0005	1.2626660265551664	0.40820568067577767
77	0.000654779000014389	2.9826272978497097	0.27267673699300815		0.9016737937927246	0.0005	0.0005	0.1041978816755531	0.40820568067577767
78	0.0005363909357291169	2.9915854362758956	0.2729158636718575		0.8245646953582764	0.00125	0.0005	2.5263750818129367	0.30400779900022457
79	0.0005363909357291169	2.9915854362758956	0.2729158635620258		0.8888471126556396	0.000625	0.0005	1.2630587453440185	0.30400779900022457
80	0.0005363909357291169	2.9915854362758956	0.2729158635620258		0.9017305374145508	0.0005	0.0005	0.1021973733777628	0.30400779900022457
81	0.0007427022304863241	3.000446082011738	0.27202448011926406		0.9130055904388428	0.00125	0.0005	3.136362723744604	0.20181042562246176
82	0.0007427022304863241	3.000446082011738	0.27202448008539976		0.9144818782806396	0.000625	0.0005	1.5684286271339047	0.20181042562246176
83	0.0007427022304863241	3.000446082011738	0.27202448008539976		0.8945951461791992	0.0005	0.0005	0.10278565532426853	0.20181042562246176
84	0.0006138748372033417	3.009157720168604	0.27339106776991784		0.8166506290435791	0.00125	0.0005	2.525960026572939	0.09902477029819323
85	0.0006138748372033417	3.009157720168604	0.2733910676889189		0.8901488780975342	0.000625	0.0005	1.2626431639992362	0.09902477029819323
86	0.0006138748372033417	3.009157720168604	0.2733910676889189		0.8855612277984619	0.0005	0.0005	0.09902477029819323	0.09902477029819323
87	0.0005229603863253548	3.0176869553977523	0.2736188441498518		0.9195115566253662	0.00125	0.0005	2.526360854385402	0.0
88	0.0005229603863253548	3.0176869553977523	0.2736188440439573		0.9250226020812988	0.000625	0.0005	1.2630449663172811	0.0
89	0.0005229603863253548	3.0176869553977523	0.2736188440439573		0.8923568725585938	0.0005	0.0005	0.09726568997050578	0.0
90	0.0005229603863253548	3.0176869553977523	0.2736188440439573		0.8373854160308838	None	None	None	0.0

========== Optimization Summary ==========
Total Time (s): 80.784523
Total Iterations: 90
==========================================


========== RUN SUMMARY ==========
Iterations            : 90
Problem size          : 51 variables  (x|y|z = 4|7|40)
    x = black-box inputs | y = black-box outputs | z = remaining
Black-box blocks      : 2  (outputs per block: block1=3, block2=4)
Constraints           : 39  (equality 36 | inequality 3)
Wall time (s)         : 81.317
CPU time (s)          : 14.469   (process_time)
External BB evaluations (true black-box callback calls):
    block1      : 434
    block2      : 399
    TOTAL       : 833
    (evaluateDx sweeps: 180)
BB cache              : 1617 hits / 2450 requests (66.0% hit rate); 833 true evaluations
System:
  OS              : Windows-11-10.0.26200-SP0
  Processor       : Intel64 Family 6 Model 140 Stepping 1, GenuineIntel
  Architecture    : AMD64
  Python          : 3.12.12
  CPU cores       : 8 logical, 4 physical
  RAM             : 15.7 GB
  numpy / pyomo   : 2.4.2 / 6.10.1.a0 (VOTD)
=================================

======================================================================
POST-SOLVE ECONOMICS AND BALANCE CHECK
======================================================================
  CH4_produced_kg_yr: 5338904.152281508
  CH4_into_PSA_mol_s: 11.671827443459305
  CH4_PSA_output_mol_s: 0.6075806982871262
  PSA_CH4_recovery: 0.05205531877766101
  H2_electrolyser_mol_s: 60.624806146290965
  SOEL_kW: 16362.635178883933
  H2_to_CH4_stoich_ratio: 1.2985285817488692
  PSA_CH4_balance_gap: 0.9479447226406965
  CAPEX_total_USD: 74745778.68825777
  CAPEX_annualised_USD_yr: 3960599.9829687676
  OPEX_avg_USD_yr: 12150541.433490034
  TAC_USD_yr: 16111141.416458802
  LCOCH4_PSA_output_basis_USD_kg: 57.97077083106368
  LCOCH4_USD_kg: 3.0176869553977523
  LCOCH4_with_H2_credit_USD_kg: 2.572966180808819
  CAPEX_share: {'SOEL': 0.9194240659119469, 'DFM': 0.0350399983563356, 'COMP': 0.022934293867658925, 'GC': 0.002473356890135514, 'PSA': 0.017334391742976095, 'FURNACE': 0.0027938932309470002}
  OPEX_share: {'SOEL': 0.8275641339655776, 'DFM': 0.0789519520483499, 'COMP': 0.039054015654989505, 'GC': 0.0042117938867061635, 'PSA': 0.03080613899521552, 'FURNACE': 0.01941196544916134}
  H2_balance_rel_err: 0.08090392056259804
  C_unaccounted_frac: 0.2834144826829874
  reactor_per_cycle_mmol: {'CO2_in': 5.6220039092555405, 'CH4_out': 3.4598660400783214, 'H2_out': 22.111588592701622, 'CO2_out': 0.5687805395938272, 'H2_fed': 39.115663266697105}
ECONOMICS_DICT {"CH4_produced_kg_yr": 5338904.152281508, "CH4_into_PSA_mol_s": 11.671827443459305, "CH4_PSA_output_mol_s": 0.6075806982871262, "PSA_CH4_recovery": 0.05205531877766101, "H2_electrolyser_mol_s": 60.624806146290965, "SOEL_kW": 16362.635178883933, "H2_to_CH4_stoich_ratio": 1.2985285817488692, "PSA_CH4_balance_gap": 0.9479447226406965, "CAPEX_total_USD": 74745778.68825777, "CAPEX_annualised_USD_yr": 3960599.9829687676, "OPEX_avg_USD_yr": 12150541.433490034, "TAC_USD_yr": 16111141.416458802, "LCOCH4_PSA_output_basis_USD_kg": 57.97077083106368, "LCOCH4_USD_kg": 3.0176869553977523, "LCOCH4_with_H2_credit_USD_kg": 2.572966180808819, "CAPEX_share": {"SOEL": 0.9194240659119469, "DFM": 0.0350399983563356, "COMP": 0.022934293867658925, "GC": 0.002473356890135514, "PSA": 0.017334391742976095, "FURNACE": 0.0027938932309470002}, "OPEX_share": {"SOEL": 0.8275641339655776, "DFM": 0.0789519520483499, "COMP": 0.039054015654989505, "GC": 0.0042117938867061635, "PSA": 0.03080613899521552, "FURNACE": 0.01941196544916134}, "H2_balance_rel_err": 0.08090392056259804, "C_unaccounted_frac": 0.2834144826829874, "reactor_per_cycle_mmol": {"CO2_in": 5.6220039092555405, "CH4_out": 3.4598660400783214, "H2_out": 22.111588592701622, "CO2_out": 0.5687805395938272, "H2_fed": 39.115663266697105}}
[flowsheet] wrote 44 variable(s) to <repo>\results\runs\hv_off_r1.point.json
