[flowsheet] cache: 1695 reactor and 1479 PSA evaluation(s) loaded
[flowsheet] initialised 44 variable(s) from x0_best_hvR1.json
[gjh] using: <repo>\atrfu\gjh.exe
========== A-TRFu SOLVER ==========
Globalization strategy: 1 (Funnel)
Hypervolume sampling  : multiple_black_boxes=1
Restoration strategy  : 1 (R1 classic (contract on reject))
Problem size          : 51 variables  (x|y|z = 4|7|40);  2 black-box block(s)
    x = black-box inputs | y = black-box outputs | z = remaining
Constraints           : 39  (equality 36 | inequality 3)
Tolerances            : ep_i=1.0e-03, ep_chi=1.0e-03, ep_delta=1.0e-03, max_it=54
===================================


**************************************
Iteration 0:
thetak = 42.037737027578
objk = 3.4754223139967735
trustRadius = 1.0
sampleRadius = 0.1
stepNorm = 141.73133340856492
chi = 100000000.0
Iteration time (s) = 0.7964136600494385
step rejected
**************************************


**************************************
Iteration 1:
thetak = 42.037737027578
objk = 3.4754223139967735
trustRadius = 0.5
sampleRadius = 0.1
stepNorm = 141.73172352555105
chi = 0.209291744798777
Iteration time (s) = 0.28318119049072266
theta-type step
**************************************


**************************************
Iteration 2:
thetak = 25.675815869959703
objk = 0.6228510992334748
trustRadius = 1.0
sampleRadius = 0.05
stepNorm = 130.0349675557427
chi = 0.1396432762522527
Iteration time (s) = 0.9665758609771729
theta-type step
**************************************


**************************************
Iteration 3:
thetak = 24.615733817160393
objk = 0.3639182922687198
trustRadius = 0.5
sampleRadius = 0.05
stepNorm = 130.03496657708106
chi = 0.11157400101918594
Iteration time (s) = 1.016089916229248
theta-type step
**************************************


**************************************
Iteration 4:
thetak = 15.685322602612455
objk = 0.9133145290536656
trustRadius = 1.0
sampleRadius = 0.05
stepNorm = 286.7126402678748
chi = 0.1448130315353494
Iteration time (s) = 0.9249804019927979
step rejected
**************************************


**************************************
Iteration 5:
thetak = 15.685322602612455
objk = 0.9133145290536656
trustRadius = 0.5
sampleRadius = 0.025
stepNorm = 290.21233002234317
chi = 0.1648168747263316
Iteration time (s) = 1.0269412994384766
step rejected
**************************************

[FRP] solve 1 of phase 1, thetak=1.569e+01, Delta=2.500e-01

**************************************
Iteration 6:
thetak = 15.685322602612455
objk = 0.9133145290536656
trustRadius = 0.25
sampleRadius = 0.0125
stepNorm = 126.9483851398218
chi = 0.1666942144698101
Iteration time (s) = 1.0384232997894287
theta-type step
**************************************


**************************************
Iteration 7:
thetak = 3.4225654583384286
objk = 7.750970986188131
trustRadius = 0.625
sampleRadius = 0.018750000000000003
stepNorm = 126.94812035446517
chi = 0.24532802467770465
Iteration time (s) = 0.9297614097595215
step rejected
**************************************


**************************************
Iteration 8:
thetak = 3.4225654583384286
objk = 7.750970986188131
trustRadius = 0.3125
sampleRadius = 0.009375000000000001
stepNorm = 126.94838521283253
chi = 0.25789331936751325
Iteration time (s) = 0.9190680980682373
step rejected
**************************************

[FRP] solve 1 of phase 2, thetak=3.423e+00, Delta=1.562e-01

**************************************
Iteration 9:
thetak = 3.4225654583384286
objk = 7.750970986188131
trustRadius = 0.15625
sampleRadius = 0.004687500000000001
stepNorm = 58.335761825253854
chi = 0.2463810510819383
Iteration time (s) = 0.925053596496582
theta-type step
**************************************


**************************************
Iteration 10:
thetak = 1.3836559118853815
objk = 9.28803401987549
trustRadius = 0.390625
sampleRadius = 0.007031250000000001
stepNorm = 185.28396370241205
chi = 0.27224320456361434
Iteration time (s) = 0.9506320953369141
step rejected
**************************************


**************************************
Iteration 11:
thetak = 1.3836559118853815
objk = 9.28803401987549
trustRadius = 0.1953125
sampleRadius = 0.0035156250000000005
stepNorm = 123.04685731002465
chi = 0.26195053530159607
Iteration time (s) = 1.0200374126434326
step rejected
**************************************

[FRP] solve 1 of phase 3, thetak=1.384e+00, Delta=9.766e-02

**************************************
Iteration 12:
thetak = 1.3836559118853815
objk = 9.28803401987549
trustRadius = 0.09765625
sampleRadius = 0.0017578125000000003
stepNorm = 26.24652573494876
chi = 0.2508133162514024
Iteration time (s) = 0.9723501205444336
theta-type step
**************************************


**************************************
Iteration 13:
thetak = 0.2747764687572468
objk = 10.029442299302266
trustRadius = 0.244140625
sampleRadius = 0.00263671875
stepNorm = 153.80858169515136
chi = 0.2555801623140958
Iteration time (s) = 0.9152383804321289
step rejected
**************************************


**************************************
Iteration 14:
thetak = 0.2747764687572468
objk = 10.029442299302266
trustRadius = 0.1220703125
sampleRadius = 0.001318359375
stepNorm = 76.90427316299781
chi = 0.3742358129220894
Iteration time (s) = 0.9103429317474365
step rejected
**************************************

[FRP] solve 1 of phase 4, thetak=2.748e-01, Delta=6.104e-02

**************************************
Iteration 15:
thetak = 0.2747764687572468
objk = 10.029442299302266
trustRadius = 0.06103515625
sampleRadius = 0.001318359375
stepNorm = 6.33393356964433
chi = 0.3742358129220894
Iteration time (s) = 0.9213223457336426
theta-type step
**************************************


**************************************
Iteration 16:
thetak = 0.52621303216316
objk = 10.105468257314671
trustRadius = 0.030517578125
sampleRadius = 0.001318359375
stepNorm = 58.1686832719445
chi = 0.2752495019125084
Iteration time (s) = 0.9214122295379639
f-type step
**************************************


**************************************
Iteration 17:
thetak = 0.17844261279105839
objk = 4.747595709282009
trustRadius = 0.0762939453125
sampleRadius = 0.001318359375
stepNorm = 48.065147598564636
chi = 0.24391108951459095
Iteration time (s) = 0.922875165939331
f-type step
**************************************


**************************************
Iteration 18:
thetak = 1.3175099762253901
objk = 2.5063864588077096
trustRadius = 0.19073486328125
sampleRadius = 0.0006591796875
stepNorm = 120.16287788741565
chi = 0.24179127543310378
Iteration time (s) = 0.9356975555419922
step rejected
**************************************


**************************************
Iteration 19:
thetak = 1.3175099762253901
objk = 2.5063864588077096
trustRadius = 0.095367431640625
sampleRadius = 0.0005
stepNorm = 60.56399364590489
chi = 0.24394131555007856
Iteration time (s) = 0.9081549644470215
step rejected
**************************************

[FRP] solve 1 of phase 5, thetak=1.318e+00, Delta=4.768e-02

**************************************
Iteration 20:
thetak = 1.3175099762253901
objk = 2.5063864588077096
trustRadius = 0.0476837158203125
sampleRadius = 0.0005
stepNorm = 40.69711407382779
chi = 0.24394131555007856
Iteration time (s) = 0.9143970012664795
RESTORATION
**************************************

[FRP] solve 2 of phase 5, thetak=1.318e+00, Delta=2.384e-02

**************************************
Iteration 21:
thetak = 1.3175099762253901
objk = 2.5063864588077096
trustRadius = 0.02384185791015625
sampleRadius = 0.0005
stepNorm = 27.41779116041147
chi = 0.24394131555007856
Iteration time (s) = 0.8363747596740723
RESTORATION
**************************************

[FRP] solve 3 of phase 5, thetak=1.318e+00, Delta=1.192e-02

**************************************
Iteration 22:
thetak = 1.3175099762253901
objk = 2.5063864588077096
trustRadius = 0.011920928955078125
sampleRadius = 0.0005
stepNorm = 14.965127083114751
chi = 0.24394131555007856
Iteration time (s) = 0.8238093852996826
theta-type step
**************************************


**************************************
Iteration 23:
thetak = 0.9567921721620991
objk = 3.937562417772687
trustRadius = 0.029802322387695312
sampleRadius = 0.0005
stepNorm = 18.7753641537023
chi = 0.24768031651775416
Iteration time (s) = 0.952279806137085
relax-theta-type step
**************************************


**************************************
Iteration 24:
thetak = 1.6649429290164977
objk = 2.4924861672345395
trustRadius = 0.014901161193847656
sampleRadius = 0.0005
stepNorm = 9.02755183200594
chi = 0.2883485826921483
Iteration time (s) = 0.9099671840667725
theta-type step
**************************************


**************************************
Iteration 25:
thetak = 0.12627959445912132
objk = 2.502971107955676
trustRadius = 0.03725290298461914
sampleRadius = 0.0005
stepNorm = 27.064704383709298
chi = 0.190498094313287
Iteration time (s) = 0.9079787731170654
step rejected
**************************************


**************************************
Iteration 26:
thetak = 0.12627959445912132
objk = 2.502971107955676
trustRadius = 0.01862645149230957
sampleRadius = 0.0005
stepNorm = 13.537390997027742
chi = 0.19049772145805785
Iteration time (s) = 0.9182164669036865
step rejected
**************************************

[FRP] solve 1 of phase 6, thetak=1.263e-01, Delta=9.313e-03

**************************************
Iteration 27:
thetak = 0.12627959445912132
objk = 2.502971107955676
trustRadius = 0.009313225746154785
sampleRadius = 0.0005
stepNorm = 11.86360641182138
chi = 0.19049772145805785
Iteration time (s) = 0.9275424480438232
theta-type step
**************************************


**************************************
Iteration 28:
thetak = 0.14335344213776474
objk = 3.5772424901872992
trustRadius = 0.004656612873077393
sampleRadius = 0.0005
stepNorm = 11.094987193333623
chi = 0.3454428658929193
Iteration time (s) = 0.8969955444335938
step rejected
**************************************


**************************************
Iteration 29:
thetak = 0.14335344213776474
objk = 3.5772424901872992
trustRadius = 0.0023283064365386963
sampleRadius = 0.0005
stepNorm = 5.549145553798937
chi = 0.34544286516452627
Iteration time (s) = 0.922846794128418
f-type step
**************************************


**************************************
Iteration 30:
thetak = 0.2959569504391321
objk = 3.1428361944235843
trustRadius = 0.005820766091346741
sampleRadius = 0.0005
stepNorm = 5.390803892441054
chi = 0.22460766220754533
Iteration time (s) = 0.9000542163848877
f-type step
**************************************


**************************************
Iteration 31:
thetak = 0.12228090425160792
objk = 2.5300685576006092
trustRadius = 0.014551915228366852
sampleRadius = 0.0005
stepNorm = 9.167671741217987
chi = 0.17981786463470162
Iteration time (s) = 0.9221925735473633
f-type step
**************************************


**************************************
Iteration 32:
thetak = 0.2605088980864073
objk = 2.4697208144372693
trustRadius = 0.03637978807091713
sampleRadius = 0.0005
stepNorm = 21.79427733474202
chi = 0.20719059275988297
Iteration time (s) = 0.9079270362854004
step rejected
**************************************


**************************************
Iteration 33:
thetak = 0.2605088980864073
objk = 2.4697208144372693
trustRadius = 0.018189894035458565
sampleRadius = 0.0005
stepNorm = 11.451483330174597
chi = 0.20719047698138407
Iteration time (s) = 0.910503625869751
step rejected
**************************************

[FRP] solve 1 of phase 7, thetak=2.605e-01, Delta=9.095e-03

**************************************
Iteration 34:
thetak = 0.2605088980864073
objk = 2.4697208144372693
trustRadius = 0.009094947017729282
sampleRadius = 0.0005
stepNorm = 11.567281403970782
chi = 0.20719047698138407
Iteration time (s) = 0.9083309173583984
theta-type step
**************************************


**************************************
Iteration 35:
thetak = 0.002988350413959436
objk = 3.4564789848684048
trustRadius = 0.022737367544323206
sampleRadius = 0.00075
stepNorm = 14.324474055545409
chi = 0.21870080804132444
Iteration time (s) = 0.8114399909973145
step rejected
**************************************


**************************************
Iteration 36:
thetak = 0.002988350413959436
objk = 3.4564789848684048
trustRadius = 0.011368683772161603
sampleRadius = 0.0005
stepNorm = 11.984610269303332
chi = 0.31525078198479134
Iteration time (s) = 0.9120793342590332
step rejected
**************************************

[FRP] solve 1 of phase 8, thetak=2.988e-03, Delta=5.684e-03

**************************************
Iteration 37:
thetak = 0.002988350413959436
objk = 3.4564789848684048
trustRadius = 0.0056843418860808015
sampleRadius = 0.0005
stepNorm = 4.413389634301609
chi = 0.31525078198479134
Iteration time (s) = 0.9107542037963867
theta-type step
**************************************


**************************************
Iteration 38:
thetak = 0.08652980891161759
objk = 3.8329313946624723
trustRadius = 0.0028421709430404007
sampleRadius = 0.0005
stepNorm = 5.695907156889504
chi = 0.19777796908006184
Iteration time (s) = 0.8049960136413574
f-type step
**************************************


**************************************
Iteration 39:
thetak = 0.09119092793879925
objk = 3.3722228185616134
trustRadius = 0.007105427357601002
sampleRadius = 0.0005
stepNorm = 9.953947061782856
chi = 0.22972406802163736
Iteration time (s) = 1.2009611129760742
step rejected
**************************************


**************************************
Iteration 40:
thetak = 0.09119092793879925
objk = 3.3722228185616134
trustRadius = 0.003552713678800501
sampleRadius = 0.0005
stepNorm = 7.11206227292692
chi = 0.22972406818530752
Iteration time (s) = 0.9255280494689941
step rejected
**************************************

[FRP] solve 1 of phase 9, thetak=9.119e-02, Delta=1.776e-03

**************************************
Iteration 41:
thetak = 0.09119092793879925
objk = 3.3722228185616134
trustRadius = 0.0017763568394002505
sampleRadius = 0.0005
stepNorm = 0.7256377684557265
chi = 0.22972406818530752
Iteration time (s) = 0.9184486865997314
theta-type step
**************************************


**************************************
Iteration 42:
thetak = 0.004016442018062166
objk = 3.4617061408379857
trustRadius = 0.004440892098500626
sampleRadius = 0.0005
stepNorm = 10.636956144411144
chi = 0.18985104075970666
Iteration time (s) = 0.961622953414917
step rejected
**************************************


**************************************
Iteration 43:
thetak = 0.004016442018062166
objk = 3.4617061408379857
trustRadius = 0.002220446049250313
sampleRadius = 0.0005
stepNorm = 5.320115114632671
chi = 0.18985104063774186
Iteration time (s) = 0.9240739345550537
step rejected
**************************************

[FRP] solve 1 of phase 10, thetak=4.016e-03, Delta=1.110e-03

**************************************
Iteration 44:
thetak = 0.004016442018062166
objk = 3.4617061408379857
trustRadius = 0.0011102230246251565
sampleRadius = 0.0005
stepNorm = 0.29336702456778596
chi = 0.18985104063774186
Iteration time (s) = 0.9163107872009277
theta-type step
**************************************


**************************************
Iteration 45:
thetak = 0.007264509014526108
objk = 3.487422403288481
trustRadius = 0.0005551115123125783
sampleRadius = 0.0005
stepNorm = 1.1119275246111187
chi = 0.22839832658757137
Iteration time (s) = 0.9340474605560303
f-type step
**************************************


**************************************
Iteration 46:
thetak = 0.03433862981786779
objk = 3.3618126566092563
trustRadius = 0.0013877787807814457
sampleRadius = 0.0005
stepNorm = 2.7789437823196153
chi = 0.2741270071458188
Iteration time (s) = 0.916684627532959
f-type step
**************************************


**************************************
Iteration 47:
thetak = 0.02884028210643433
objk = 3.150726940964408
trustRadius = 0.003469446951953614
sampleRadius = 0.0005
stepNorm = 7.1064737624440255
chi = 0.20411874361158638
Iteration time (s) = 0.9292447566986084
step rejected
**************************************


**************************************
Iteration 48:
thetak = 0.02884028210643433
objk = 3.150726940964408
trustRadius = 0.001734723475976807
sampleRadius = 0.0005
stepNorm = 3.471758778158815
chi = 0.2041187435719534
Iteration time (s) = 0.925525426864624
f-type step
**************************************


**************************************
Iteration 49:
thetak = 0.04129298409164467
objk = 2.881962928079781
trustRadius = 0.004336808689942018
sampleRadius = 0.0005
stepNorm = 4.66677601504314
chi = 0.23258579032940452
Iteration time (s) = 0.9033217430114746
step rejected
**************************************


**************************************
Iteration 50:
thetak = 0.04129298409164467
objk = 2.881962928079781
trustRadius = 0.002168404344971009
sampleRadius = 0.0005
stepNorm = 3.0830454661559514
chi = 0.23258579045268407
Iteration time (s) = 0.9074113368988037
step rejected
**************************************

[FRP] solve 1 of phase 11, thetak=4.129e-02, Delta=1.084e-03

**************************************
Iteration 51:
thetak = 0.04129298409164467
objk = 2.881962928079781
trustRadius = 0.0010842021724855044
sampleRadius = 0.0005
stepNorm = 0.7470206870797398
chi = 0.23258579045268407
Iteration time (s) = 0.9175217151641846
RESTORATION
**************************************

[FRP] solve 2 of phase 11, thetak=4.129e-02, Delta=5.421e-04

**************************************
Iteration 52:
thetak = 0.04129298409164467
objk = 2.881962928079781
trustRadius = 0.0005421010862427522
sampleRadius = 0.0005
stepNorm = 0.5398529408696799
chi = 0.23258579045268407
Iteration time (s) = 0.9188835620880127
theta-type step
**************************************


**************************************
Iteration 53:
thetak = 0.03759504429945617
objk = 2.940137614582514
trustRadius = 0.0005421010862427522
sampleRadius = 0.0005
stepNorm = 1.0844992131508775
chi = 0.2208673798160765
Iteration time (s) = 0.8485543727874756
step rejected
**************************************


**************************************
Iteration 54:
thetak = 0.03759504429945617
objk = 2.940137614582514
trustRadius = 0.0005
sampleRadius = 0.0005
stepNorm = 1.0002814122814954
chi = 0.22086737997655595
Iteration time (s) = 0.9349277019500732
f-type step
**************************************

EXIT: Maximum iterations

0	42.037737027578	3.4754223139967735	100000000.0		0.7964136600494385	1.0	0.1	141.73133340856492	31.116583155018276
1	42.037737027578	3.4754223139967735	0.209291744798777		0.28318119049072266	0.5	0.1	141.73172352555105	31.116583155018276
2	25.675815869959703	0.6228510992334748	0.1396432762522527		0.9665758609771729	1.0	0.05	130.0349675557427	110.6151403705328
3	24.615733817160393	0.3639182922687198	0.11157400101918594		1.016089916229248	0.5	0.05	130.03496657708106	90.39064997813087
4	15.685322602612455	0.9133145290536656	0.1448130315353494		0.9249804019927979	1.0	0.05	286.7126402678748	110.61513939187117
5	15.685322602612455	0.9133145290536656	0.1648168747263316		1.0269412994384766	0.5	0.025	290.21233002234317	110.61513939187117
6	15.685322602612455	0.9133145290536656	0.1666942144698101		1.0384232997894287	0.25	0.0125	126.9483851398218	110.61513939187117
7	3.4225654583384286	7.750970986188131	0.24532802467770465		0.9297614097595215	0.625	0.018750000000000003	126.94812035446517	41.049852728875926
8	3.4225654583384286	7.750970986188131	0.25789331936751325		0.9190680980682373	0.3125	0.009375000000000001	126.94838521283253	41.049852728875926
9	3.4225654583384286	7.750970986188131	0.2463810510819383		0.925053596496582	0.15625	0.004687500000000001	58.335761825253854	41.049852728875926
10	1.3836559118853815	9.28803401987549	0.27224320456361434		0.9506320953369141	0.390625	0.007031250000000001	185.28396370241205	74.66900757320448
11	1.3836559118853815	9.28803401987549	0.26195053530159607		1.0200374126434326	0.1953125	0.0035156250000000005	123.04685731002465	74.66900757320448
12	1.3836559118853815	9.28803401987549	0.2508133162514024		0.9723501205444336	0.09765625	0.0017578125000000003	26.24652573494876	74.66900757320448
13	0.2747764687572468	10.029442299302266	0.2555801623140958		0.9152383804321289	0.244140625	0.00263671875	153.80858169515136	100.91553330815324
14	0.2747764687572468	10.029442299302266	0.3742358129220894		0.9103429317474365	0.1220703125	0.001318359375	76.90427316299781	100.91553330815324
15	0.2747764687572468	10.029442299302266	0.3742358129220894		0.9213223457336426	0.06103515625	0.001318359375	6.33393356964433	100.91553330815324
16	0.52621303216316	10.105468257314671	0.2752495019125084		0.9214122295379639	0.030517578125	0.001318359375	58.1686832719445	107.24946687779757
17	0.17844261279105839	4.747595709282009	0.24391108951459095		0.922875165939331	0.0762939453125	0.001318359375	48.065147598564636	88.02346048568907
18	1.3175099762253901	2.5063864588077096	0.24179127543310378		0.9356975555419922	0.19073486328125	0.0006591796875	120.16287788741565	39.958312887124464
19	1.3175099762253901	2.5063864588077096	0.24394131555007856		0.9081549644470215	0.095367431640625	0.0005	60.56399364590489	39.958312887124464
20	1.3175099762253901	2.5063864588077096	0.24394131555007856		0.9143970012664795	0.0476837158203125	0.0005	40.69711407382779	39.958312887124464
21	1.3175099762253901	2.5063864588077096	0.24394131555007856		0.8363747596740723	0.02384185791015625	0.0005	27.41779116041147	39.958312887124464
22	1.3175099762253901	2.5063864588077096	0.24394131555007856		0.8238093852996826	0.011920928955078125	0.0005	14.965127083114751	39.958312887124464
23	0.9567921721620991	3.937562417772687	0.24768031651775416		0.952279806137085	0.029802322387695312	0.0005	18.7753641537023	42.399622776809565
24	1.6649429290164977	2.4924861672345395	0.2883485826921483		0.9099671840667725	0.014901161193847656	0.0005	9.02755183200594	23.624258623107295
25	0.12627959445912132	2.502971107955676	0.190498094313287		0.9079787731170654	0.03725290298461914	0.0005	27.064704383709298	14.596706791101354
26	0.12627959445912132	2.502971107955676	0.19049772145805785		0.9182164669036865	0.01862645149230957	0.0005	13.537390997027742	14.596706791101354
27	0.12627959445912132	2.502971107955676	0.19049772145805785		0.9275424480438232	0.009313225746154785	0.0005	11.86360641182138	14.596706791101354
28	0.14335344213776474	3.5772424901872992	0.3454428658929193		0.8969955444335938	0.004656612873077393	0.0005	11.094987193333623	14.600087711946372
29	0.14335344213776474	3.5772424901872992	0.34544286516452627		0.922846794128418	0.0023283064365386963	0.0005	5.549145553798937	14.600087711946372
30	0.2959569504391321	3.1428361944235843	0.22460766220754533		0.9000542163848877	0.005820766091346741	0.0005	5.390803892441054	16.066912092876834
31	0.12228090425160792	2.5300685576006092	0.17981786463470162		0.9221925735473633	0.014551915228366852	0.0005	9.167671741217987	12.399872855038524
32	0.2605088980864073	2.4697208144372693	0.20719059275988297		0.9079270362854004	0.03637978807091713	0.0005	21.79427733474202	4.8377657809817025
33	0.2605088980864073	2.4697208144372693	0.20719047698138407		0.910503625869751	0.018189894035458565	0.0005	11.451483330174597	4.8377657809817025
34	0.2605088980864073	2.4697208144372693	0.20719047698138407		0.9083309173583984	0.009094947017729282	0.0005	11.567281403970782	4.8377657809817025
35	0.002988350413959436	3.4564789848684048	0.21870080804132444		0.8114399909973145	0.022737367544323206	0.00075	14.324474055545409	7.3846793573591185
36	0.002988350413959436	3.4564789848684048	0.31525078198479134		0.9120793342590332	0.011368683772161603	0.0005	11.984610269303332	7.3846793573591185
37	0.002988350413959436	3.4564789848684048	0.31525078198479134		0.9107542037963867	0.0056843418860808015	0.0005	4.413389634301609	7.3846793573591185
38	0.08652980891161759	3.8329313946624723	0.19777796908006184		0.8049960136413574	0.0028421709430404007	0.0005	5.695907156889504	11.798068991660728
39	0.09119092793879925	3.3722228185616134	0.22972406802163736		1.2009611129760742	0.007105427357601002	0.0005	9.953947061782856	6.102161834771223
40	0.09119092793879925	3.3722228185616134	0.22972406818530752		0.9255280494689941	0.003552713678800501	0.0005	7.11206227292692	6.102161834771223
41	0.09119092793879925	3.3722228185616134	0.22972406818530752		0.9184486865997314	0.0017763568394002505	0.0005	0.7256377684557265	6.102161834771223
42	0.004016442018062166	3.4617061408379857	0.18985104075970666		0.961622953414917	0.004440892098500626	0.0005	10.636956144411144	6.82779960322695
43	0.004016442018062166	3.4617061408379857	0.18985104063774186		0.9240739345550537	0.002220446049250313	0.0005	5.320115114632671	6.82779960322695
44	0.004016442018062166	3.4617061408379857	0.18985104063774186		0.9163107872009277	0.0011102230246251565	0.0005	0.29336702456778596	6.82779960322695
45	0.007264509014526108	3.487422403288481	0.22839832658757137		0.9340474605560303	0.0005551115123125783	0.0005	1.1119275246111187	7.121166627794736
46	0.03433862981786779	3.3618126566092563	0.2741270071458188		0.916684627532959	0.0013877787807814457	0.0005	2.7789437823196153	6.009239103183617
47	0.02884028210643433	3.150726940964408	0.20411874361158638		0.9292447566986084	0.003469446951953614	0.0005	7.1064737624440255	3.230295320864002
48	0.02884028210643433	3.150726940964408	0.2041187435719534		0.925525426864624	0.001734723475976807	0.0005	3.471758778158815	3.230295320864002
49	0.04129298409164467	2.881962928079781	0.23258579032940452		0.9033217430114746	0.004336808689942018	0.0005	4.66677601504314	0.5398529408696799
50	0.04129298409164467	2.881962928079781	0.23258579045268407		0.9074113368988037	0.002168404344971009	0.0005	3.0830454661559514	0.5398529408696799
51	0.04129298409164467	2.881962928079781	0.23258579045268407		0.9175217151641846	0.0010842021724855044	0.0005	0.7470206870797398	0.5398529408696799
52	0.04129298409164467	2.881962928079781	0.23258579045268407		0.9188835620880127	0.0005421010862427522	0.0005	0.5398529408696799	0.5398529408696799
53	0.03759504429945617	2.940137614582514	0.2208673798160765		0.8485543727874756	0.0005421010862427522	0.0005	1.0844992131508775	0.0
54	0.03759504429945617	2.940137614582514	0.22086737997655595		0.9349277019500732	0.0005	0.0005	1.0002814122814954	0.0

========== Optimization Summary ==========
Total Time (s): 50.186306
Total Iterations: 54
==========================================


========== RUN SUMMARY ==========
Iterations            : 55
Problem size          : 51 variables  (x|y|z = 4|7|40)
    x = black-box inputs | y = black-box outputs | z = remaining
Black-box blocks      : 2  (outputs per block: block1=3, block2=4)
Constraints           : 39  (equality 36 | inequality 3)
Wall time (s)         : 51.106
CPU time (s)          : 9.375   (process_time)
External BB evaluations (true black-box callback calls):
    block1      : 322
    block2      : 273
    TOTAL       : 595
    (evaluateDx sweeps: 110)
BB cache              : 897 hits / 1492 requests (60.1% hit rate); 595 true evaluations
System:
  OS              : Windows-11-10.0.26200-SP0
  Processor       : Intel64 Family 6 Model 140 Stepping 1, GenuineIntel
  Architecture    : AMD64
  Python          : 3.12.12
  CPU cores       : 8 logical, 4 physical
  RAM             : 15.7 GB
  numpy / pyomo   : 2.4.2 / 6.10.1.a0 (VOTD)
=================================

======================================================================
POST-SOLVE ECONOMICS AND BALANCE CHECK
======================================================================
  CH4_produced_kg_yr: 5455174.514199635
  CH4_into_PSA_mol_s: 11.926015861604444
  CH4_PSA_output_mol_s: 0.6466979019044337
  PSA_CH4_recovery: 0.05422581266108021
  H2_electrolyser_mol_s: 67.07612744834432
  SOEL_kW: 18103.846798308135
  H2_to_CH4_stoich_ratio: 1.406088341377578
  PSA_CH4_balance_gap: 0.9457741883726852
  CAPEX_total_USD: 83400044.8595387
  CAPEX_annualised_USD_yr: 4291971.356614973
  OPEX_avg_USD_yr: 11098876.6657168
  TAC_USD_yr: 15390848.022331774
  LCOCH4_PSA_output_basis_USD_kg: 52.02928190595998
  LCOCH4_USD_kg: 2.821330093523116
  LCOCH4_with_H2_credit_USD_kg: 2.7145421059825483
  CAPEX_share: {'SOEL': 0.911704024631561, 'DFM': 0.04017146452465397, 'COMP': 0.024330895157272804, 'GC': 0.00256150308310327, 'PSA': 0.019701032706720762, 'FURNACE': 0.0015310798966883044}
  OPEX_share: {'SOEL': 0.8244985844215734, 'DFM': 0.09431233803456582, 'COMP': 0.041628298451043405, 'GC': 0.004382535625485092, 'PSA': 0.035177737576307724, 'FURNACE': 5.05891024475544e-07}
  H2_balance_rel_err: 0.09067710604961987
  C_unaccounted_frac: 0.05978072059496345
  reactor_per_cycle_mmol: {'CO2_in': 3.8160905121033415, 'CH4_out': 2.9893291375764344, 'H2_out': 24.533580338380954, 'CO2_out': 0.5986327338577663, 'H2_fed': 40.12974613468593}
ECONOMICS_DICT {"CH4_produced_kg_yr": 5455174.514199635, "CH4_into_PSA_mol_s": 11.926015861604444, "CH4_PSA_output_mol_s": 0.6466979019044337, "PSA_CH4_recovery": 0.05422581266108021, "H2_electrolyser_mol_s": 67.07612744834432, "SOEL_kW": 18103.846798308135, "H2_to_CH4_stoich_ratio": 1.406088341377578, "PSA_CH4_balance_gap": 0.9457741883726852, "CAPEX_total_USD": 83400044.8595387, "CAPEX_annualised_USD_yr": 4291971.356614973, "OPEX_avg_USD_yr": 11098876.6657168, "TAC_USD_yr": 15390848.022331774, "LCOCH4_PSA_output_basis_USD_kg": 52.02928190595998, "LCOCH4_USD_kg": 2.821330093523116, "LCOCH4_with_H2_credit_USD_kg": 2.7145421059825483, "CAPEX_share": {"SOEL": 0.911704024631561, "DFM": 0.04017146452465397, "COMP": 0.024330895157272804, "GC": 0.00256150308310327, "PSA": 0.019701032706720762, "FURNACE": 0.0015310798966883044}, "OPEX_share": {"SOEL": 0.8244985844215734, "DFM": 0.09431233803456582, "COMP": 0.041628298451043405, "GC": 0.004382535625485092, "PSA": 0.035177737576307724, "FURNACE": 5.05891024475544e-07}, "H2_balance_rel_err": 0.09067710604961987, "C_unaccounted_frac": 0.05978072059496345, "reactor_per_cycle_mmol": {"CO2_in": 3.8160905121033415, "CH4_out": 2.9893291375764344, "H2_out": 24.533580338380954, "CO2_out": 0.5986327338577663, "H2_fed": 40.12974613468593}}
[flowsheet] wrote 44 variable(s) to <repo>\results\runs\hv_on_r1_reported.point.json
