[flowsheet] cache: 1695 reactor and 1479 PSA evaluation(s) loaded
[flowsheet] initialised 44 variable(s) from x0_best_hvR1.json
[gjh] using: <repo>\atrfu\gjh.exe
========== A-TRFu SOLVER ==========
Globalization strategy: 1 (Funnel)
Hypervolume sampling  : multiple_black_boxes=1
Restoration strategy  : 1 (R1 classic (contract on reject))
Problem size          : 51 variables  (x|y|z = 4|7|40);  2 black-box block(s)
    x = black-box inputs | y = black-box outputs | z = remaining
Constraints           : 39  (equality 36 | inequality 3)
Tolerances            : ep_i=1.0e-03, ep_chi=1.0e-03, ep_delta=1.0e-03, max_it=55
===================================


**************************************
Iteration 0:
thetak = 42.037737027578
objk = 3.4754223139967735
trustRadius = 1.0
sampleRadius = 0.1
stepNorm = 141.73133340856492
chi = 100000000.0
Iteration time (s) = 0.9222145080566406
step rejected
**************************************


**************************************
Iteration 1:
thetak = 42.037737027578
objk = 3.4754223139967735
trustRadius = 0.5
sampleRadius = 0.1
stepNorm = 141.73172352555105
chi = 0.209291744798777
Iteration time (s) = 0.2873837947845459
theta-type step
**************************************


**************************************
Iteration 2:
thetak = 25.675815869959703
objk = 0.6228510992334748
trustRadius = 1.0
sampleRadius = 0.05
stepNorm = 130.0349675557427
chi = 0.1396432762522527
Iteration time (s) = 0.9228894710540771
theta-type step
**************************************


**************************************
Iteration 3:
thetak = 24.615733817160393
objk = 0.3639182922687198
trustRadius = 0.5
sampleRadius = 0.05
stepNorm = 130.03496657708106
chi = 0.11157400101918594
Iteration time (s) = 0.8158667087554932
theta-type step
**************************************


**************************************
Iteration 4:
thetak = 15.685322602612455
objk = 0.9133145290536656
trustRadius = 1.0
sampleRadius = 0.05
stepNorm = 286.7126402678748
chi = 0.1448130315353494
Iteration time (s) = 0.9379806518554688
step rejected
**************************************


**************************************
Iteration 5:
thetak = 15.685322602612455
objk = 0.9133145290536656
trustRadius = 0.5
sampleRadius = 0.025
stepNorm = 290.21233002234317
chi = 0.1648168747263316
Iteration time (s) = 0.9098641872406006
step rejected
**************************************

[FRP] solve 1 of phase 1, thetak=1.569e+01, Delta=2.500e-01

**************************************
Iteration 6:
thetak = 15.685322602612455
objk = 0.9133145290536656
trustRadius = 0.25
sampleRadius = 0.0125
stepNorm = 126.9483851398218
chi = 0.1666942144698101
Iteration time (s) = 0.8160943984985352
theta-type step
**************************************


**************************************
Iteration 7:
thetak = 3.4225654583384286
objk = 7.750970986188131
trustRadius = 0.625
sampleRadius = 0.018750000000000003
stepNorm = 126.94812035446517
chi = 0.24532802467770465
Iteration time (s) = 1.0399456024169922
step rejected
**************************************


**************************************
Iteration 8:
thetak = 3.4225654583384286
objk = 7.750970986188131
trustRadius = 0.3125
sampleRadius = 0.009375000000000001
stepNorm = 126.94838521283253
chi = 0.25789331936751325
Iteration time (s) = 0.6992552280426025
step rejected
**************************************

[FRP] solve 1 of phase 2, thetak=3.423e+00, Delta=1.562e-01

**************************************
Iteration 9:
thetak = 3.4225654583384286
objk = 7.750970986188131
trustRadius = 0.15625
sampleRadius = 0.004687500000000001
stepNorm = 58.335761825253854
chi = 0.2463810510819383
Iteration time (s) = 0.8024966716766357
theta-type step
**************************************


**************************************
Iteration 10:
thetak = 1.3836559118853815
objk = 9.28803401987549
trustRadius = 0.390625
sampleRadius = 0.007031250000000001
stepNorm = 185.28396370241205
chi = 0.27224320456361434
Iteration time (s) = 0.9109954833984375
step rejected
**************************************


**************************************
Iteration 11:
thetak = 1.3836559118853815
objk = 9.28803401987549
trustRadius = 0.1953125
sampleRadius = 0.0035156250000000005
stepNorm = 123.04685731002465
chi = 0.26195053530159607
Iteration time (s) = 0.6972236633300781
step rejected
**************************************

[FRP] solve 1 of phase 3, thetak=1.384e+00, Delta=9.766e-02

**************************************
Iteration 12:
thetak = 1.3836559118853815
objk = 9.28803401987549
trustRadius = 0.09765625
sampleRadius = 0.0017578125000000003
stepNorm = 26.24652573494876
chi = 0.2508133162514024
Iteration time (s) = 1.3366992473602295
theta-type step
**************************************


**************************************
Iteration 13:
thetak = 0.2747764687572468
objk = 10.029442299302266
trustRadius = 0.244140625
sampleRadius = 0.00263671875
stepNorm = 153.80858169515136
chi = 0.2555801623140958
Iteration time (s) = 0.9478933811187744
step rejected
**************************************


**************************************
Iteration 14:
thetak = 0.2747764687572468
objk = 10.029442299302266
trustRadius = 0.1220703125
sampleRadius = 0.001318359375
stepNorm = 76.90427316299781
chi = 0.3742358129220894
Iteration time (s) = 0.8267698287963867
step rejected
**************************************

[FRP] solve 1 of phase 4, thetak=2.748e-01, Delta=6.104e-02

**************************************
Iteration 15:
thetak = 0.2747764687572468
objk = 10.029442299302266
trustRadius = 0.06103515625
sampleRadius = 0.001318359375
stepNorm = 6.33393356964433
chi = 0.3742358129220894
Iteration time (s) = 0.9026978015899658
theta-type step
**************************************


**************************************
Iteration 16:
thetak = 0.52621303216316
objk = 10.105468257314671
trustRadius = 0.030517578125
sampleRadius = 0.001318359375
stepNorm = 58.1686832719445
chi = 0.2752495019125084
Iteration time (s) = 0.903228759765625
f-type step
**************************************


**************************************
Iteration 17:
thetak = 0.17844261279105839
objk = 4.747595709282009
trustRadius = 0.0762939453125
sampleRadius = 0.001318359375
stepNorm = 48.065147598564636
chi = 0.24391108951459095
Iteration time (s) = 0.9156675338745117
f-type step
**************************************


**************************************
Iteration 18:
thetak = 1.3175099762253901
objk = 2.5063864588077096
trustRadius = 0.19073486328125
sampleRadius = 0.0006591796875
stepNorm = 120.16287788741565
chi = 0.24179127543310378
Iteration time (s) = 0.9298639297485352
step rejected
**************************************


**************************************
Iteration 19:
thetak = 1.3175099762253901
objk = 2.5063864588077096
trustRadius = 0.095367431640625
sampleRadius = 0.0005
stepNorm = 60.56399364590489
chi = 0.24394131555007856
Iteration time (s) = 0.9339640140533447
step rejected
**************************************

[FRP] solve 1 of phase 5, thetak=1.318e+00, Delta=4.768e-02

**************************************
Iteration 20:
thetak = 1.3175099762253901
objk = 2.5063864588077096
trustRadius = 0.0476837158203125
sampleRadius = 0.0005
stepNorm = 40.69711407382779
chi = 0.24394131555007856
Iteration time (s) = 0.927945613861084
RESTORATION
**************************************

[FRP] solve 2 of phase 5, thetak=1.318e+00, Delta=2.384e-02

**************************************
Iteration 21:
thetak = 1.3175099762253901
objk = 2.5063864588077096
trustRadius = 0.02384185791015625
sampleRadius = 0.0005
stepNorm = 27.41779116041147
chi = 0.24394131555007856
Iteration time (s) = 0.7998197078704834
RESTORATION
**************************************

[FRP] solve 3 of phase 5, thetak=1.318e+00, Delta=1.192e-02

**************************************
Iteration 22:
thetak = 1.3175099762253901
objk = 2.5063864588077096
trustRadius = 0.011920928955078125
sampleRadius = 0.0005
stepNorm = 14.965127083114751
chi = 0.24394131555007856
Iteration time (s) = 0.9050197601318359
theta-type step
**************************************


**************************************
Iteration 23:
thetak = 0.9567921721620991
objk = 3.937562417772687
trustRadius = 0.029802322387695312
sampleRadius = 0.0005
stepNorm = 18.7753641537023
chi = 0.24768031651775416
Iteration time (s) = 0.9036316871643066
relax-theta-type step
**************************************


**************************************
Iteration 24:
thetak = 1.6649429290164977
objk = 2.4924861672345395
trustRadius = 0.014901161193847656
sampleRadius = 0.0005
stepNorm = 9.02755183200594
chi = 0.2883485826921483
Iteration time (s) = 0.8038573265075684
theta-type step
**************************************


**************************************
Iteration 25:
thetak = 0.12627959445912132
objk = 2.502971107955676
trustRadius = 0.03725290298461914
sampleRadius = 0.0005
stepNorm = 27.064704383709298
chi = 0.190498094313287
Iteration time (s) = 0.9468684196472168
step rejected
**************************************


**************************************
Iteration 26:
thetak = 0.12627959445912132
objk = 2.502971107955676
trustRadius = 0.01862645149230957
sampleRadius = 0.0005
stepNorm = 13.537390997027742
chi = 0.19049772145805785
Iteration time (s) = 1.053257942199707
step rejected
**************************************

[FRP] solve 1 of phase 6, thetak=1.263e-01, Delta=9.313e-03

**************************************
Iteration 27:
thetak = 0.12627959445912132
objk = 2.502971107955676
trustRadius = 0.009313225746154785
sampleRadius = 0.0005
stepNorm = 11.86360641182138
chi = 0.19049772145805785
Iteration time (s) = 0.719294548034668
theta-type step
**************************************


**************************************
Iteration 28:
thetak = 0.14335344213776474
objk = 3.5772424901872992
trustRadius = 0.004656612873077393
sampleRadius = 0.0005
stepNorm = 11.094987193333623
chi = 0.3454428658929193
Iteration time (s) = 0.8063077926635742
step rejected
**************************************


**************************************
Iteration 29:
thetak = 0.14335344213776474
objk = 3.5772424901872992
trustRadius = 0.0023283064365386963
sampleRadius = 0.0005
stepNorm = 5.549145553798937
chi = 0.34544286516452627
Iteration time (s) = 0.8982882499694824
f-type step
**************************************


**************************************
Iteration 30:
thetak = 0.2959569504391321
objk = 3.1428361944235843
trustRadius = 0.005820766091346741
sampleRadius = 0.0005
stepNorm = 5.390803892441054
chi = 0.22460766220754533
Iteration time (s) = 1.0225396156311035
f-type step
**************************************


**************************************
Iteration 31:
thetak = 0.12228090425160792
objk = 2.5300685576006092
trustRadius = 0.014551915228366852
sampleRadius = 0.0005
stepNorm = 9.167671741217987
chi = 0.17981786463470162
Iteration time (s) = 2.8482658863067627
f-type step
**************************************


**************************************
Iteration 32:
thetak = 0.2605088980864073
objk = 2.4697208144372693
trustRadius = 0.03637978807091713
sampleRadius = 0.0005
stepNorm = 21.79427733474202
chi = 0.20719059275988297
Iteration time (s) = 1.9653961658477783
step rejected
**************************************


**************************************
Iteration 33:
thetak = 0.2605088980864073
objk = 2.4697208144372693
trustRadius = 0.018189894035458565
sampleRadius = 0.0005
stepNorm = 11.451483330174597
chi = 0.20719047698138407
Iteration time (s) = 1.713186264038086
step rejected
**************************************

[FRP] solve 1 of phase 7, thetak=2.605e-01, Delta=9.095e-03

**************************************
Iteration 34:
thetak = 0.2605088980864073
objk = 2.4697208144372693
trustRadius = 0.009094947017729282
sampleRadius = 0.0005
stepNorm = 11.567281403970782
chi = 0.20719047698138407
Iteration time (s) = 1.3597583770751953
theta-type step
**************************************


**************************************
Iteration 35:
thetak = 0.002988350413959436
objk = 3.4564789848684048
trustRadius = 0.022737367544323206
sampleRadius = 0.00075
stepNorm = 14.324474055545409
chi = 0.21870080804132444
Iteration time (s) = 1.2763431072235107
step rejected
**************************************


**************************************
Iteration 36:
thetak = 0.002988350413959436
objk = 3.4564789848684048
trustRadius = 0.011368683772161603
sampleRadius = 0.0005
stepNorm = 11.984610269303332
chi = 0.31525078198479134
Iteration time (s) = 0.9774181842803955
step rejected
**************************************

[FRP] solve 1 of phase 8, thetak=2.988e-03, Delta=5.684e-03

**************************************
Iteration 37:
thetak = 0.002988350413959436
objk = 3.4564789848684048
trustRadius = 0.0056843418860808015
sampleRadius = 0.0005
stepNorm = 4.413389634301609
chi = 0.31525078198479134
Iteration time (s) = 0.9128103256225586
theta-type step
**************************************


**************************************
Iteration 38:
thetak = 0.08652980891161759
objk = 3.8329313946624723
trustRadius = 0.0028421709430404007
sampleRadius = 0.0005
stepNorm = 5.695907156889504
chi = 0.19777796908006184
Iteration time (s) = 0.8283953666687012
f-type step
**************************************


**************************************
Iteration 39:
thetak = 0.09119092793879925
objk = 3.3722228185616134
trustRadius = 0.007105427357601002
sampleRadius = 0.0005
stepNorm = 9.953947061782856
chi = 0.22972406802163736
Iteration time (s) = 0.9136447906494141
step rejected
**************************************


**************************************
Iteration 40:
thetak = 0.09119092793879925
objk = 3.3722228185616134
trustRadius = 0.003552713678800501
sampleRadius = 0.0005
stepNorm = 7.11206227292692
chi = 0.22972406818530752
Iteration time (s) = 0.8009135723114014
step rejected
**************************************

[FRP] solve 1 of phase 9, thetak=9.119e-02, Delta=1.776e-03

**************************************
Iteration 41:
thetak = 0.09119092793879925
objk = 3.3722228185616134
trustRadius = 0.0017763568394002505
sampleRadius = 0.0005
stepNorm = 0.7256377684557265
chi = 0.22972406818530752
Iteration time (s) = 0.9188311100006104
theta-type step
**************************************


**************************************
Iteration 42:
thetak = 0.004016442018062166
objk = 3.4617061408379857
trustRadius = 0.004440892098500626
sampleRadius = 0.0005
stepNorm = 10.636956144411144
chi = 0.18985104075970666
Iteration time (s) = 0.8187463283538818
step rejected
**************************************


**************************************
Iteration 43:
thetak = 0.004016442018062166
objk = 3.4617061408379857
trustRadius = 0.002220446049250313
sampleRadius = 0.0005
stepNorm = 5.320115114632671
chi = 0.18985104063774186
Iteration time (s) = 0.8146352767944336
step rejected
**************************************

[FRP] solve 1 of phase 10, thetak=4.016e-03, Delta=1.110e-03

**************************************
Iteration 44:
thetak = 0.004016442018062166
objk = 3.4617061408379857
trustRadius = 0.0011102230246251565
sampleRadius = 0.0005
stepNorm = 0.29336702456778596
chi = 0.18985104063774186
Iteration time (s) = 0.7922971248626709
theta-type step
**************************************


**************************************
Iteration 45:
thetak = 0.007264509014526108
objk = 3.487422403288481
trustRadius = 0.0005551115123125783
sampleRadius = 0.0005
stepNorm = 1.1119275246111187
chi = 0.22839832658757137
Iteration time (s) = 0.8431086540222168
f-type step
**************************************


**************************************
Iteration 46:
thetak = 0.03433862981786779
objk = 3.3618126566092563
trustRadius = 0.0013877787807814457
sampleRadius = 0.0005
stepNorm = 2.7789437823196153
chi = 0.2741270071458188
Iteration time (s) = 0.9088220596313477
f-type step
**************************************


**************************************
Iteration 47:
thetak = 0.02884028210643433
objk = 3.150726940964408
trustRadius = 0.003469446951953614
sampleRadius = 0.0005
stepNorm = 7.1064737624440255
chi = 0.20411874361158638
Iteration time (s) = 0.9164714813232422
step rejected
**************************************


**************************************
Iteration 48:
thetak = 0.02884028210643433
objk = 3.150726940964408
trustRadius = 0.001734723475976807
sampleRadius = 0.0005
stepNorm = 3.471758778158815
chi = 0.2041187435719534
Iteration time (s) = 0.8313043117523193
f-type step
**************************************


**************************************
Iteration 49:
thetak = 0.04129298409164467
objk = 2.881962928079781
trustRadius = 0.004336808689942018
sampleRadius = 0.0005
stepNorm = 4.66677601504314
chi = 0.23258579032940452
Iteration time (s) = 0.8317193984985352
step rejected
**************************************


**************************************
Iteration 50:
thetak = 0.04129298409164467
objk = 2.881962928079781
trustRadius = 0.002168404344971009
sampleRadius = 0.0005
stepNorm = 3.0830454661559514
chi = 0.23258579045268407
Iteration time (s) = 0.8127005100250244
step rejected
**************************************

[FRP] solve 1 of phase 11, thetak=4.129e-02, Delta=1.084e-03

**************************************
Iteration 51:
thetak = 0.04129298409164467
objk = 2.881962928079781
trustRadius = 0.0010842021724855044
sampleRadius = 0.0005
stepNorm = 0.7470206870797398
chi = 0.23258579045268407
Iteration time (s) = 0.9119088649749756
RESTORATION
**************************************

[FRP] solve 2 of phase 11, thetak=4.129e-02, Delta=5.421e-04

**************************************
Iteration 52:
thetak = 0.04129298409164467
objk = 2.881962928079781
trustRadius = 0.0005421010862427522
sampleRadius = 0.0005
stepNorm = 0.5398529408696799
chi = 0.23258579045268407
Iteration time (s) = 0.8027911186218262
theta-type step
**************************************


**************************************
Iteration 53:
thetak = 0.03759504429945617
objk = 2.940137614582514
trustRadius = 0.0005421010862427522
sampleRadius = 0.0005
stepNorm = 1.0844992131508775
chi = 0.2208673798160765
Iteration time (s) = 1.0389306545257568
step rejected
**************************************


**************************************
Iteration 54:
thetak = 0.03759504429945617
objk = 2.940137614582514
trustRadius = 0.0005
sampleRadius = 0.0005
stepNorm = 1.0002814122814954
chi = 0.22086737997655595
Iteration time (s) = 0.7122921943664551
f-type step
**************************************


**************************************
Iteration 55:
thetak = 0.0034241348350468534
objk = 2.821330093523116
trustRadius = 0.00125
sampleRadius = 0.0005
stepNorm = 1.3749988015630707
chi = 0.2821709468001078
Iteration time (s) = 1.003627061843872
step rejected
**************************************

EXIT: Maximum iterations

0	42.037737027578	3.4754223139967735	100000000.0		0.9222145080566406	1.0	0.1	141.73133340856492	31.43155900861035
1	42.037737027578	3.4754223139967735	0.209291744798777		0.2873837947845459	0.5	0.1	141.73172352555105	31.43155900861035
2	25.675815869959703	0.6228510992334748	0.1396432762522527		0.9228894710540771	1.0	0.05	130.0349675557427	110.30016451694071
3	24.615733817160393	0.3639182922687198	0.11157400101918594		0.8158667087554932	0.5	0.05	130.03496657708106	90.42857119826648
4	15.685322602612455	0.9133145290536656	0.1448130315353494		0.9379806518554688	1.0	0.05	286.7126402678748	110.30016353827908
5	15.685322602612455	0.9133145290536656	0.1648168747263316		0.9098641872406006	0.5	0.025	290.21233002234317	110.30016353827908
6	15.685322602612455	0.9133145290536656	0.1666942144698101		0.8160943984985352	0.25	0.0125	126.9483851398218	110.30016353827908
7	3.4225654583384286	7.750970986188131	0.24532802467770465		1.0399456024169922	0.625	0.018750000000000003	126.94812035446517	41.59985190276646
8	3.4225654583384286	7.750970986188131	0.25789331936751325		0.6992552280426025	0.3125	0.009375000000000001	126.94838521283253	41.59985190276646
9	3.4225654583384286	7.750970986188131	0.2463810510819383		0.8024966716766357	0.15625	0.004687500000000001	58.335761825253854	41.59985190276646
10	1.3836559118853815	9.28803401987549	0.27224320456361434		0.9109954833984375	0.390625	0.007031250000000001	185.28396370241205	74.98398342679656
11	1.3836559118853815	9.28803401987549	0.26195053530159607		0.6972236633300781	0.1953125	0.0035156250000000005	123.04685731002465	74.98398342679656
12	1.3836559118853815	9.28803401987549	0.2508133162514024		1.3366992473602295	0.09765625	0.0017578125000000003	26.24652573494876	74.98398342679656
13	0.2747764687572468	10.029442299302266	0.2555801623140958		0.9478933811187744	0.244140625	0.00263671875	153.80858169515136	101.23050916174532
14	0.2747764687572468	10.029442299302266	0.3742358129220894		0.8267698287963867	0.1220703125	0.001318359375	76.90427316299781	101.23050916174532
15	0.2747764687572468	10.029442299302266	0.3742358129220894		0.9026978015899658	0.06103515625	0.001318359375	6.33393356964433	101.23050916174532
16	0.52621303216316	10.105468257314671	0.2752495019125084		0.903228759765625	0.030517578125	0.001318359375	58.1686832719445	107.56444273138965
17	0.17844261279105839	4.747595709282009	0.24391108951459095		0.9156675338745117	0.0762939453125	0.001318359375	48.065147598564636	88.33843633928115
18	1.3175099762253901	2.5063864588077096	0.24179127543310378		0.9298639297485352	0.19073486328125	0.0006591796875	120.16287788741565	40.27328874071654
19	1.3175099762253901	2.5063864588077096	0.24394131555007856		0.9339640140533447	0.095367431640625	0.0005	60.56399364590489	40.27328874071654
20	1.3175099762253901	2.5063864588077096	0.24394131555007856		0.927945613861084	0.0476837158203125	0.0005	40.69711407382779	40.27328874071654
21	1.3175099762253901	2.5063864588077096	0.24394131555007856		0.7998197078704834	0.02384185791015625	0.0005	27.41779116041147	40.27328874071654
22	1.3175099762253901	2.5063864588077096	0.24394131555007856		0.9050197601318359	0.011920928955078125	0.0005	14.965127083114751	40.27328874071654
23	0.9567921721620991	3.937562417772687	0.24768031651775416		0.9036316871643066	0.029802322387695312	0.0005	18.7753641537023	42.71459863040167
24	1.6649429290164977	2.4924861672345395	0.2883485826921483		0.8038573265075684	0.014901161193847656	0.0005	9.02755183200594	23.93923447669937
25	0.12627959445912132	2.502971107955676	0.190498094313287		0.9468684196472168	0.03725290298461914	0.0005	27.064704383709298	14.911682644693428
26	0.12627959445912132	2.502971107955676	0.19049772145805785		1.053257942199707	0.01862645149230957	0.0005	13.537390997027742	14.911682644693428
27	0.12627959445912132	2.502971107955676	0.19049772145805785		0.719294548034668	0.009313225746154785	0.0005	11.86360641182138	14.911682644693428
28	0.14335344213776474	3.5772424901872992	0.3454428658929193		0.8063077926635742	0.004656612873077393	0.0005	11.094987193333623	14.915063565538446
29	0.14335344213776474	3.5772424901872992	0.34544286516452627		0.8982882499694824	0.0023283064365386963	0.0005	5.549145553798937	14.915063565538446
30	0.2959569504391321	3.1428361944235843	0.22460766220754533		1.0225396156311035	0.005820766091346741	0.0005	5.390803892441054	16.381887946468908
31	0.12228090425160792	2.5300685576006092	0.17981786463470162		2.8482658863067627	0.014551915228366852	0.0005	9.167671741217987	12.714848708630598
32	0.2605088980864073	2.4697208144372693	0.20719059275988297		1.9653961658477783	0.03637978807091713	0.0005	21.79427733474202	4.287766607091165
33	0.2605088980864073	2.4697208144372693	0.20719047698138407		1.713186264038086	0.018189894035458565	0.0005	11.451483330174597	4.287766607091165
34	0.2605088980864073	2.4697208144372693	0.20719047698138407		1.3597583770751953	0.009094947017729282	0.0005	11.567281403970782	4.287766607091165
35	0.002988350413959436	3.4564789848684048	0.21870080804132444		1.2763431072235107	0.022737367544323206	0.00075	14.324474055545409	8.384960769640614
36	0.002988350413959436	3.4564789848684048	0.31525078198479134		0.9774181842803955	0.011368683772161603	0.0005	11.984610269303332	8.384960769640614
37	0.002988350413959436	3.4564789848684048	0.31525078198479134		0.9128103256225586	0.0056843418860808015	0.0005	4.413389634301609	8.384960769640614
38	0.08652980891161759	3.8329313946624723	0.19777796908006184		0.8283953666687012	0.0028421709430404007	0.0005	5.695907156889504	12.798350403942223
39	0.09119092793879925	3.3722228185616134	0.22972406802163736		0.9136447906494141	0.007105427357601002	0.0005	9.953947061782856	7.102443247052719
40	0.09119092793879925	3.3722228185616134	0.22972406818530752		0.8009135723114014	0.003552713678800501	0.0005	7.11206227292692	7.102443247052719
41	0.09119092793879925	3.3722228185616134	0.22972406818530752		0.9188311100006104	0.0017763568394002505	0.0005	0.7256377684557265	7.102443247052719
42	0.004016442018062166	3.4617061408379857	0.18985104075970666		0.8187463283538818	0.004440892098500626	0.0005	10.636956144411144	7.828081015508445
43	0.004016442018062166	3.4617061408379857	0.18985104063774186		0.8146352767944336	0.002220446049250313	0.0005	5.320115114632671	7.828081015508445
44	0.004016442018062166	3.4617061408379857	0.18985104063774186		0.7922971248626709	0.0011102230246251565	0.0005	0.29336702456778596	7.828081015508445
45	0.007264509014526108	3.487422403288481	0.22839832658757137		0.8431086540222168	0.0005551115123125783	0.0005	1.1119275246111187	8.121448040076231
46	0.03433862981786779	3.3618126566092563	0.2741270071458188		0.9088220596313477	0.0013877787807814457	0.0005	2.7789437823196153	7.009520515465113
47	0.02884028210643433	3.150726940964408	0.20411874361158638		0.9164714813232422	0.003469446951953614	0.0005	7.1064737624440255	4.230576733145497
48	0.02884028210643433	3.150726940964408	0.2041187435719534		0.8313043117523193	0.001734723475976807	0.0005	3.471758778158815	4.230576733145497
49	0.04129298409164467	2.881962928079781	0.23258579032940452		0.8317193984985352	0.004336808689942018	0.0005	4.66677601504314	0.7588179549866823
50	0.04129298409164467	2.881962928079781	0.23258579045268407		0.8127005100250244	0.002168404344971009	0.0005	3.0830454661559514	0.7588179549866823
51	0.04129298409164467	2.881962928079781	0.23258579045268407		0.9119088649749756	0.0010842021724855044	0.0005	0.7470206870797398	0.7588179549866823
52	0.04129298409164467	2.881962928079781	0.23258579045268407		0.8027911186218262	0.0005421010862427522	0.0005	0.5398529408696799	0.7588179549866823
53	0.03759504429945617	2.940137614582514	0.2208673798160765		1.0389306545257568	0.0005421010862427522	0.0005	1.0844992131508775	1.0002814122814954
54	0.03759504429945617	2.940137614582514	0.22086737997655595		0.7122921943664551	0.0005	0.0005	1.0002814122814954	1.0002814122814954
55	0.0034241348350468534	2.821330093523116	0.2821709468001078		1.003627061843872	0.00125	0.0005	1.3749988015630707	0.0

========== Optimization Summary ==========
Total Time (s): 53.800144
Total Iterations: 55
==========================================


========== RUN SUMMARY ==========
Iterations            : 56
Problem size          : 51 variables  (x|y|z = 4|7|40)
    x = black-box inputs | y = black-box outputs | z = remaining
Black-box blocks      : 2  (outputs per block: block1=3, block2=4)
Constraints           : 39  (equality 36 | inequality 3)
Wall time (s)         : 54.706
CPU time (s)          : 9.984   (process_time)
External BB evaluations (true black-box callback calls):
    block1      : 330
    block2      : 279
    TOTAL       : 609
    (evaluateDx sweeps: 112)
BB cache              : 910 hits / 1519 requests (59.9% hit rate); 609 true evaluations
Dual values           : 39 captured (last subproblem solve); largest |dual|:
    DFM_c1                          : -898.306
    DFM_c3                          : 795.349
    PSA_c1                          : -24.3254
    CF_c9                           : 0.18233
    DFM_c9                          : -0.0785187
    DFM_Compressor_c1               : 0.0475882
    Compressor_PSA_c1               : -0.0239455
    Recycle_c1                      : -0.0150232
    DFM_c4                          : 0.00658614
    DFM_c6                          : -0.00645139
    SOEL_c1                         : -0.000177227
    GC_c2                           : 8.52638e-05
    DFM_c0                          : 8.34409e-05
    GC_c3                           : -3.45966e-06
    Furnace_c1                      : -3.41142e-06
System:
  OS              : Windows-11-10.0.26200-SP0
  Processor       : Intel64 Family 6 Model 140 Stepping 1, GenuineIntel
  Architecture    : AMD64
  Python          : 3.12.12
  CPU cores       : 8 logical, 4 physical
  RAM             : 15.7 GB
  numpy / pyomo   : 2.4.2 / 6.10.1.a0 (VOTD)
=================================

======================================================================
POST-SOLVE ECONOMICS AND BALANCE CHECK
======================================================================
  CH4_produced_kg_yr: 5484563.308725883
  CH4_into_PSA_mol_s: 11.990265177324986
  CH4_PSA_output_mol_s: 0.6494522712229914
  PSA_CH4_recovery: 0.054164963127853315
  H2_electrolyser_mol_s: 66.94502682546309
  SOEL_kW: 18068.462740192488
  H2_to_CH4_stoich_ratio: 1.395820397535162
  PSA_CH4_balance_gap: 0.945835043045085
  CAPEX_total_USD: 83239861.14483088
  CAPEX_annualised_USD_yr: 4244731.041567326
  OPEX_avg_USD_yr: 10336786.19215824
  TAC_USD_yr: 14581517.233725566
  LCOCH4_PSA_output_basis_USD_kg: 49.08425568085516
  LCOCH4_USD_kg: 2.658646899111644
  LCOCH4_with_H2_credit_USD_kg: 2.6586462214145477
  CAPEX_share: {'SOEL': 0.911673115080887, 'DFM': 0.04013065211509044, 'COMP': 0.024367662101370025, 'GC': 0.002565525016309126, 'PSA': 0.01972901931572742, 'FURNACE': 0.0015340263706159348}
  OPEX_share: {'SOEL': 0.8244486846075357, 'DFM': 0.09424464199273885, 'COMP': 0.041690094088134046, 'GC': 0.004389300002209716, 'PSA': 0.03522677212418846, 'FURNACE': 5.071851930663533e-07}
  H2_balance_rel_err: 0.09083478237893167
  C_unaccounted_frac: 0.05940818729540989
  reactor_per_cycle_mmol: {'CO2_in': 3.8227407491246375, 'CH4_out': 2.9959005763626916, 'H2_out': 24.427690079406062, 'CO2_out': 0.5997380743561539, 'H2_fed': 40.04914803068579}
ECONOMICS_DICT {"CH4_produced_kg_yr": 5484563.308725883, "CH4_into_PSA_mol_s": 11.990265177324986, "CH4_PSA_output_mol_s": 0.6494522712229914, "PSA_CH4_recovery": 0.054164963127853315, "H2_electrolyser_mol_s": 66.94502682546309, "SOEL_kW": 18068.462740192488, "H2_to_CH4_stoich_ratio": 1.395820397535162, "PSA_CH4_balance_gap": 0.945835043045085, "CAPEX_total_USD": 83239861.14483088, "CAPEX_annualised_USD_yr": 4244731.041567326, "OPEX_avg_USD_yr": 10336786.19215824, "TAC_USD_yr": 14581517.233725566, "LCOCH4_PSA_output_basis_USD_kg": 49.08425568085516, "LCOCH4_USD_kg": 2.658646899111644, "LCOCH4_with_H2_credit_USD_kg": 2.6586462214145477, "CAPEX_share": {"SOEL": 0.911673115080887, "DFM": 0.04013065211509044, "COMP": 0.024367662101370025, "GC": 0.002565525016309126, "PSA": 0.01972901931572742, "FURNACE": 0.0015340263706159348}, "OPEX_share": {"SOEL": 0.8244486846075357, "DFM": 0.09424464199273885, "COMP": 0.041690094088134046, "GC": 0.004389300002209716, "PSA": 0.03522677212418846, "FURNACE": 5.071851930663533e-07}, "H2_balance_rel_err": 0.09083478237893167, "C_unaccounted_frac": 0.05940818729540989, "reactor_per_cycle_mmol": {"CO2_in": 3.8227407491246375, "CH4_out": 2.9959005763626916, "H2_out": 24.427690079406062, "CO2_out": 0.5997380743561539, "H2_fed": 40.04914803068579}}
[flowsheet] wrote 44 variable(s) to <repo>\results\runs\hv_on_r1_duals.point.json
