[flowsheet] cache: 1695 reactor and 1479 PSA evaluation(s) loaded
[flowsheet] initialised 44 variable(s) from x0_units_fixed.json
[gjh] using: <repo>\atrfu\gjh.exe
========== A-TRFu SOLVER ==========
Globalization strategy: 1 (Funnel)
Hypervolume sampling  : multiple_black_boxes=1
Restoration strategy  : 1 (R1 classic (contract on reject))
Problem size          : 51 variables  (x|y|z = 4|7|40);  2 black-box block(s)
    x = black-box inputs | y = black-box outputs | z = remaining
Constraints           : 39  (equality 36 | inequality 3)
Tolerances            : ep_i=6.0e-03, ep_chi=1.0e-03, ep_delta=1.0e-03, max_it=63
===================================


**************************************
Iteration 0:
thetak = 230.9871475034392
objk = 3.82871665748975
trustRadius = 1.0
sampleRadius = 0.1
stepNorm = 97.88650821881674
chi = 100000000.0
Iteration time (s) = 0.7823717594146729
theta-type step
**************************************


**************************************
Iteration 1:
thetak = 35.18730066782294
objk = 0.5054281802329513
trustRadius = 1.0
sampleRadius = 0.07500000000000001
stepNorm = 373.8851320918123
chi = 0.09719982770883345
Iteration time (s) = 0.28162097930908203
theta-type step
**************************************


**************************************
Iteration 2:
thetak = 21.676125724796908
objk = 0.29290696614110784
trustRadius = 1.0
sampleRadius = 0.037500000000000006
stepNorm = 629.9992839074616
chi = 0.1330066586595027
Iteration time (s) = 0.9361732006072998
theta-type step
**************************************


**************************************
Iteration 3:
thetak = 27.796529008807497
objk = 1.6463476477265448
trustRadius = 0.5
sampleRadius = 0.018750000000000003
stepNorm = 314.99998457530137
chi = 0.1380940705553135
Iteration time (s) = 0.922743558883667
step rejected
**************************************


**************************************
Iteration 4:
thetak = 27.796529008807497
objk = 1.6463476477265448
trustRadius = 0.25
sampleRadius = 0.018750000000000003
stepNorm = 157.49997458289965
chi = 0.15219891648124698
Iteration time (s) = 0.9253880977630615
theta-type step
**************************************


**************************************
Iteration 5:
thetak = 10.359806594180496
objk = 3.1894917341463014
trustRadius = 0.625
sampleRadius = 0.028125000000000004
stepNorm = 393.749840942153
chi = 0.14543320563517198
Iteration time (s) = 0.9286069869995117
step rejected
**************************************


**************************************
Iteration 6:
thetak = 10.359806594180496
objk = 3.1894917341463014
trustRadius = 0.3125
sampleRadius = 0.014062500000000002
stepNorm = 196.8749815950198
chi = 0.17765521498806075
Iteration time (s) = 0.9477474689483643
f-type step
**************************************


**************************************
Iteration 7:
thetak = 26.30239328359222
objk = 1.9165683162502078
trustRadius = 0.78125
sampleRadius = 0.007031250000000001
stepNorm = 216.18573732071627
chi = 0.18876391723047287
Iteration time (s) = 0.92569899559021
step rejected
**************************************


**************************************
Iteration 8:
thetak = 26.30239328359222
objk = 1.9165683162502078
trustRadius = 0.390625
sampleRadius = 0.007031250000000001
stepNorm = 246.09369043254605
chi = 0.20282097533518997
Iteration time (s) = 0.9056787490844727
step rejected
**************************************

[FRP] solve 1 of phase 1, thetak=2.630e+01, Delta=1.953e-01

**************************************
Iteration 9:
thetak = 26.30239328359222
objk = 1.9165683162502078
trustRadius = 0.1953125
sampleRadius = 0.0035156250000000005
stepNorm = 100.09120294109997
chi = 0.30388127147014315
Iteration time (s) = 0.9202754497528076
theta-type step
**************************************


**************************************
Iteration 10:
thetak = 4.18114764188574
objk = 11.351855325907962
trustRadius = 0.48828125
sampleRadius = 0.0052734375
stepNorm = 277.8175174618475
chi = 0.6776680745768314
Iteration time (s) = 0.8998572826385498
step rejected
**************************************


**************************************
Iteration 11:
thetak = 4.18114764188574
objk = 11.351855325907962
trustRadius = 0.244140625
sampleRadius = 0.00263671875
stepNorm = 153.8085597401149
chi = 0.7107314978981905
Iteration time (s) = 0.9094283580780029
step rejected
**************************************

[FRP] solve 1 of phase 2, thetak=4.181e+00, Delta=1.221e-01

**************************************
Iteration 12:
thetak = 4.18114764188574
objk = 11.351855325907962
trustRadius = 0.1220703125
sampleRadius = 0.001318359375
stepNorm = 37.54476092237576
chi = 0.5955894395230676
Iteration time (s) = 0.9057424068450928
theta-type step
**************************************


**************************************
Iteration 13:
thetak = 8.28032412409304
objk = 12.17716909221982
trustRadius = 0.06103515625
sampleRadius = 0.001318359375
stepNorm = 58.97665830574172
chi = 0.6583714584720088
Iteration time (s) = 0.924340009689331
step rejected
**************************************


**************************************
Iteration 14:
thetak = 8.28032412409304
objk = 12.17716909221982
trustRadius = 0.030517578125
sampleRadius = 0.0006591796875
stepNorm = 64.98429046997425
chi = 0.7942298341163193
Iteration time (s) = 0.8941476345062256
f-type step
**************************************


**************************************
Iteration 15:
thetak = 8.416882066806636
objk = 5.288850627477655
trustRadius = 0.0762939453125
sampleRadius = 0.0005
stepNorm = 48.06517275249166
chi = 0.26062476693863046
Iteration time (s) = 0.9188117980957031
f-type step
**************************************


**************************************
Iteration 16:
thetak = 10.316639690072584
objk = 2.370264516669436
trustRadius = 0.19073486328125
sampleRadius = 0.0005
stepNorm = 120.16293119442145
chi = 0.15548515550559316
Iteration time (s) = 0.8975224494934082
theta-type step
**************************************


**************************************
Iteration 17:
thetak = 8.395176801897437
objk = 1.776812683482722
trustRadius = 0.19073486328125
sampleRadius = 0.0005
stepNorm = 120.16292071188667
chi = 0.22172413929109877
Iteration time (s) = 0.9210689067840576
f-type step
**************************************


**************************************
Iteration 18:
thetak = 5.968997137791619
objk = 0.9479000894534054
trustRadius = 0.476837158203125
sampleRadius = 0.0005
stepNorm = 300.4073141524962
chi = 0.06044958070235748
Iteration time (s) = 0.9172482490539551
step rejected
**************************************


**************************************
Iteration 19:
thetak = 5.968997137791619
objk = 0.9479000894534054
trustRadius = 0.2384185791015625
sampleRadius = 0.0005
stepNorm = 150.2036478842436
chi = 0.0987311688961694
Iteration time (s) = 0.9144737720489502
theta-type step
**************************************


**************************************
Iteration 20:
thetak = 5.732887035164534
objk = 1.6190635300173033
trustRadius = 0.11920928955078125
sampleRadius = 0.0005
stepNorm = 75.10181062555347
chi = 0.20773020051083665
Iteration time (s) = 0.8773384094238281
theta-type step
**************************************


**************************************
Iteration 21:
thetak = 5.979527798724032
objk = 1.87357570861941
trustRadius = 0.059604644775390625
sampleRadius = 0.0005
stepNorm = 37.550917900878005
chi = 0.17106369798241197
Iteration time (s) = 0.8954973220825195
theta-type step
**************************************


**************************************
Iteration 22:
thetak = 5.260017449163087
objk = 1.8347051519885627
trustRadius = 0.059604644775390625
sampleRadius = 0.0005
stepNorm = 37.55080128258726
chi = 0.12361504233782633
Iteration time (s) = 0.8799567222595215
theta-type step
**************************************


**************************************
Iteration 23:
thetak = 2.6889882564775967
objk = 2.9937934962964166
trustRadius = 0.14901161193847656
sampleRadius = 0.0005
stepNorm = 93.87729508701977
chi = 0.21200164213296524
Iteration time (s) = 0.9009397029876709
step rejected
**************************************


**************************************
Iteration 24:
thetak = 2.6889882564775967
objk = 2.9937934962964166
trustRadius = 0.07450580596923828
sampleRadius = 0.0005
stepNorm = 46.93864781098159
chi = 0.24714135725330072
Iteration time (s) = 0.9162678718566895
step rejected
**************************************

[FRP] solve 1 of phase 3, thetak=2.689e+00, Delta=3.725e-02

**************************************
Iteration 25:
thetak = 2.6889882564775967
objk = 2.9937934962964166
trustRadius = 0.03725290298461914
sampleRadius = 0.0005
stepNorm = 39.442917717145434
chi = 0.24714135725330072
Iteration time (s) = 0.8937926292419434
theta-type step
**************************************


**************************************
Iteration 26:
thetak = 0.8079050856903776
objk = 6.710099608885775
trustRadius = 0.09313225746154785
sampleRadius = 0.00075
stepNorm = 70.94156988527192
chi = 0.3193566999915119
Iteration time (s) = 0.9221537113189697
step rejected
**************************************


**************************************
Iteration 27:
thetak = 0.8079050856903776
objk = 6.710099608885775
trustRadius = 0.046566128730773926
sampleRadius = 0.0005
stepNorm = 60.41734245992086
chi = 0.29256996804275864
Iteration time (s) = 0.899986982345581
step rejected
**************************************

[FRP] solve 1 of phase 4, thetak=8.079e-01, Delta=2.328e-02

**************************************
Iteration 28:
thetak = 0.8079050856903776
objk = 6.710099608885775
trustRadius = 0.023283064365386963
sampleRadius = 0.0005
stepNorm = 9.615970066427394
chi = 0.29256996804275864
Iteration time (s) = 0.7992227077484131
theta-type step
**************************************


**************************************
Iteration 29:
thetak = 0.25933965257476316
objk = 8.561402096670484
trustRadius = 0.05820766091346741
sampleRadius = 0.00075
stepNorm = 51.49714915473136
chi = 0.32345202128679135
Iteration time (s) = 0.819025993347168
relax-theta-type step
**************************************


**************************************
Iteration 30:
thetak = 1.5219676086249134
objk = 2.7892852443076386
trustRadius = 0.029103830456733704
sampleRadius = 0.0005
stepNorm = 18.33537844851594
chi = 0.17174234130754573
Iteration time (s) = 0.9052467346191406
theta-type step
**************************************


**************************************
Iteration 31:
thetak = 0.24335159775093085
objk = 2.806843576883599
trustRadius = 0.07275957614183426
sampleRadius = 0.0005
stepNorm = 45.83847657748947
chi = 0.18280722404738886
Iteration time (s) = 0.8996007442474365
step rejected
**************************************


**************************************
Iteration 32:
thetak = 0.24335159775093085
objk = 2.806843576883599
trustRadius = 0.03637978807091713
sampleRadius = 0.0005
stepNorm = 22.919199114906178
chi = 0.18280701396993834
Iteration time (s) = 0.8865306377410889
step rejected
**************************************

[FRP] solve 1 of phase 5, thetak=2.434e-01, Delta=1.819e-02

**************************************
Iteration 33:
thetak = 0.24335159775093085
objk = 2.806843576883599
trustRadius = 0.018189894035458565
sampleRadius = 0.0005
stepNorm = 22.900420132041404
chi = 0.18280701396993834
Iteration time (s) = 0.9148638248443604
theta-type step
**************************************


**************************************
Iteration 34:
thetak = 0.17797779574146777
objk = 5.027715690911709
trustRadius = 0.04547473508864641
sampleRadius = 0.0005
stepNorm = 28.649073322054505
chi = 0.3664142729351371
Iteration time (s) = 0.785430908203125
step rejected
**************************************


**************************************
Iteration 35:
thetak = 0.17797779574146777
objk = 5.027715690911709
trustRadius = 0.022737367544323206
sampleRadius = 0.0005
stepNorm = 24.714783428451852
chi = 0.3664142731434656
Iteration time (s) = 0.9030570983886719
step rejected
**************************************

[FRP] solve 1 of phase 6, thetak=1.780e-01, Delta=1.137e-02

**************************************
Iteration 36:
thetak = 0.17797779574146777
objk = 5.027715690911709
trustRadius = 0.011368683772161603
sampleRadius = 0.0005
stepNorm = 8.579009783605883
chi = 0.3664142731434656
Iteration time (s) = 0.915513277053833
theta-type step
**************************************


**************************************
Iteration 37:
thetak = 0.005756595178944502
objk = 5.821246538209408
trustRadius = 0.028421709430404007
sampleRadius = 0.00075
stepNorm = 26.309561057144364
chi = 0.28370129184621695
Iteration time (s) = 0.914147138595581
f-type step
**************************************


**************************************
Iteration 38:
thetak = 0.18530211143336525
objk = 2.786409798187092
trustRadius = 0.07105427357601002
sampleRadius = 0.0005
stepNorm = 44.764169491805035
chi = 0.18375878635103032
Iteration time (s) = 0.9237744808197021
step rejected
**************************************


**************************************
Iteration 39:
thetak = 0.18530211143336525
objk = 2.786409798187092
trustRadius = 0.03552713678800501
sampleRadius = 0.0005
stepNorm = 22.382072286001204
chi = 0.1837587608696051
Iteration time (s) = 0.8923287391662598
f-type step
**************************************


**************************************
Iteration 40:
thetak = 0.1548932584014543
objk = 2.582707267791451
trustRadius = 0.08881784197001252
sampleRadius = 0.0005
stepNorm = 39.986471697659
chi = 0.3858131091613735
Iteration time (s) = 0.9103069305419922
step rejected
**************************************


**************************************
Iteration 41:
thetak = 0.1548932584014543
objk = 2.582707267791451
trustRadius = 0.04440892098500626
sampleRadius = 0.0005
stepNorm = 25.90072883245989
chi = 0.41259172506798436
Iteration time (s) = 0.9009826183319092
step rejected
**************************************

[FRP] solve 1 of phase 7, thetak=1.549e-01, Delta=2.220e-02

**************************************
Iteration 42:
thetak = 0.1548932584014543
objk = 2.582707267791451
trustRadius = 0.02220446049250313
sampleRadius = 0.0005
stepNorm = 26.777933862327316
chi = 0.41259172506798436
Iteration time (s) = 0.9105675220489502
theta-type step
**************************************


**************************************
Iteration 43:
thetak = 0.08943421876882932
objk = 5.012790912187252
trustRadius = 0.05551115123125783
sampleRadius = 0.0005
stepNorm = 55.20601088273176
chi = 0.3218300673388845
Iteration time (s) = 0.9331393241882324
step rejected
**************************************


**************************************
Iteration 44:
thetak = 0.08943421876882932
objk = 5.012790912187252
trustRadius = 0.027755575615628914
sampleRadius = 0.0005
stepNorm = 41.17579859351436
chi = 0.32183006818935816
Iteration time (s) = 0.9138591289520264
step rejected
**************************************

[FRP] solve 1 of phase 8, thetak=8.943e-02, Delta=1.388e-02

**************************************
Iteration 45:
thetak = 0.08943421876882932
objk = 5.012790912187252
trustRadius = 0.013877787807814457
sampleRadius = 0.0005
stepNorm = 8.305116106146826
chi = 0.32183006818935816
Iteration time (s) = 0.8946201801300049
RESTORATION
**************************************

[FRP] solve 2 of phase 8, thetak=8.943e-02, Delta=6.939e-03

**************************************
Iteration 46:
thetak = 0.08943421876882932
objk = 5.012790912187252
trustRadius = 0.006938893903907228
sampleRadius = 0.0005
stepNorm = 3.407307719810717
chi = 0.32183006818935816
Iteration time (s) = 0.795557975769043
theta-type step
**************************************


**************************************
Iteration 47:
thetak = 0.12381421354786183
objk = 5.353483582390528
trustRadius = 0.003469446951953614
sampleRadius = 0.0005
stepNorm = 8.195361945414874
chi = 0.29576575400725674
Iteration time (s) = 0.7910168170928955
step rejected
**************************************


**************************************
Iteration 48:
thetak = 0.12381421354786183
objk = 5.353483582390528
trustRadius = 0.001734723475976807
sampleRadius = 0.0005
stepNorm = 4.098437728701782
chi = 0.2957657540714051
Iteration time (s) = 0.9028081893920898
f-type step
**************************************


**************************************
Iteration 49:
thetak = 0.11758009875825917
objk = 5.056622915270453
trustRadius = 0.004336808689942018
sampleRadius = 0.0005
stepNorm = 8.83288093795224
chi = 0.27629912882377683
Iteration time (s) = 0.9083824157714844
step rejected
**************************************


**************************************
Iteration 50:
thetak = 0.11758009875825917
objk = 5.056622915270453
trustRadius = 0.002168404344971009
sampleRadius = 0.0005
stepNorm = 4.417652280846028
chi = 0.2762991288364156
Iteration time (s) = 0.9254751205444336
step rejected
**************************************

[FRP] solve 1 of phase 9, thetak=1.176e-01, Delta=1.084e-03

**************************************
Iteration 51:
thetak = 0.11758009875825917
objk = 5.056622915270453
trustRadius = 0.0010842021724855044
sampleRadius = 0.0005
stepNorm = 0.4590784150616821
chi = 0.2762991288364156
Iteration time (s) = 0.9069585800170898
theta-type step
**************************************


**************************************
Iteration 52:
thetak = 0.07521550364918923
objk = 5.121443602524994
trustRadius = 0.002710505431213761
sampleRadius = 0.0005
stepNorm = 6.400862660872733
chi = 0.24558032047941145
Iteration time (s) = 0.7781462669372559
step rejected
**************************************


**************************************
Iteration 53:
thetak = 0.07521550364918923
objk = 5.121443602524994
trustRadius = 0.0013552527156068805
sampleRadius = 0.0005
stepNorm = 3.2008948280833494
chi = 0.24558032058083543
Iteration time (s) = 0.9169778823852539
step rejected
**************************************

[FRP] solve 1 of phase 10, thetak=7.522e-02, Delta=6.776e-04

**************************************
Iteration 54:
thetak = 0.07521550364918923
objk = 5.121443602524994
trustRadius = 0.0006776263578034403
sampleRadius = 0.0005
stepNorm = 0.19251334961717248
chi = 0.24558032058083543
Iteration time (s) = 0.9040155410766602
theta-type step
**************************************


**************************************
Iteration 55:
thetak = 0.030315369729215193
objk = 5.135409220436131
trustRadius = 0.0016940658945086007
sampleRadius = 0.0005
stepNorm = 3.451455265062222
chi = 0.4650363192660983
Iteration time (s) = 0.8186171054840088
f-type step
**************************************


**************************************
Iteration 56:
thetak = 0.06641774477690233
objk = 4.792874114260085
trustRadius = 0.004235164736271502
sampleRadius = 0.0005
stepNorm = 8.622149433838715
chi = 0.32307172286814784
Iteration time (s) = 0.8921642303466797
step rejected
**************************************


**************************************
Iteration 57:
thetak = 0.06641774477690233
objk = 4.792874114260085
trustRadius = 0.002117582368135751
sampleRadius = 0.0005
stepNorm = 4.312240926906924
chi = 0.32307172297392095
Iteration time (s) = 0.9012577533721924
f-type step
**************************************


**************************************
Iteration 58:
thetak = 0.03181846965838069
objk = 4.4489448311520485
trustRadius = 0.005293955920339377
sampleRadius = 0.0005
stepNorm = 10.770340710464211
chi = 0.25654541536017283
Iteration time (s) = 0.9610641002655029
step rejected
**************************************


**************************************
Iteration 59:
thetak = 0.03181846965838069
objk = 4.4489448311520485
trustRadius = 0.0026469779601696886
sampleRadius = 0.0005
stepNorm = 5.38701615940677
chi = 0.25654541538410375
Iteration time (s) = 0.8878583908081055
f-type step
**************************************


**************************************
Iteration 60:
thetak = 0.06881869011297634
objk = 4.024011448739995
trustRadius = 0.006617444900424221
sampleRadius = 0.0005
stepNorm = 11.108228691772496
chi = 0.24445958667170214
Iteration time (s) = 0.9227101802825928
f-type step
**************************************


**************************************
Iteration 61:
thetak = 0.03673704841133429
objk = 3.0249339404747397
trustRadius = 0.016543612251060553
sampleRadius = 0.0005
stepNorm = 10.422463438871773
chi = 0.21149474998452794
Iteration time (s) = 0.9149138927459717
step rejected
**************************************


**************************************
Iteration 62:
thetak = 0.03673704841133429
objk = 3.0249339404747397
trustRadius = 0.008271806125530277
sampleRadius = 0.0005
stepNorm = 5.211226487738315
chi = 0.21149472114174855
Iteration time (s) = 0.8982524871826172
step rejected
**************************************

[FRP] solve 1 of phase 11, thetak=3.674e-02, Delta=4.136e-03

**************************************
Iteration 63:
thetak = 0.03673704841133429
objk = 3.0249339404747397
trustRadius = 0.004135903062765138
sampleRadius = 0.0005
stepNorm = 4.818219236850936
chi = 0.21149472114174855
Iteration time (s) = 0.9229826927185059
theta-type step
**************************************

EXIT: Maximum iterations

0	230.9871475034392	3.82871665748975	100000000.0		0.7823717594146729	1.0	0.1	97.88650821881674	134.51608876669047
1	35.18730066782294	0.5054281802329513	0.09719982770883345		0.28162097930908203	1.0	0.07500000000000001	373.8851320918123	232.40259698550722
2	21.676125724796908	0.29290696614110784	0.1330066586595027		0.9361732006072998	1.0	0.037500000000000006	629.9992839074616	141.48253510630508
3	27.796529008807497	1.6463476477265448	0.1380940705553135		0.922743558883667	0.5	0.018750000000000003	314.99998457530137	488.5167488011565
4	27.796529008807497	1.6463476477265448	0.15219891648124698		0.9253880977630615	0.25	0.018750000000000003	157.49997458289965	488.5167488011565
5	10.359806594180496	3.1894917341463014	0.14543320563517198		0.9286069869995117	0.625	0.028125000000000004	393.749840942153	331.01677421825684
6	10.359806594180496	3.1894917341463014	0.17765521498806075		0.9477474689483643	0.3125	0.014062500000000002	196.8749815950198	331.01677421825684
7	26.30239328359222	1.9165683162502078	0.18876391723047287		0.92569899559021	0.78125	0.007031250000000001	216.18573732071627	134.14179262323705
8	26.30239328359222	1.9165683162502078	0.20282097533518997		0.9056787490844727	0.390625	0.007031250000000001	246.09369043254605	134.14179262323705
9	26.30239328359222	1.9165683162502078	0.30388127147014315		0.9202754497528076	0.1953125	0.0035156250000000005	100.09120294109997	134.14179262323705
10	4.18114764188574	11.351855325907962	0.6776680745768314		0.8998572826385498	0.48828125	0.0052734375	277.8175174618475	186.5248005798137
11	4.18114764188574	11.351855325907962	0.7107314978981905		0.9094283580780029	0.244140625	0.00263671875	153.8085597401149	186.5248005798137
12	4.18114764188574	11.351855325907962	0.5955894395230676		0.9057424068450928	0.1220703125	0.001318359375	37.54476092237576	186.5248005798137
13	8.28032412409304	12.17716909221982	0.6583714584720088		0.924340009689331	0.06103515625	0.001318359375	58.97665830574172	224.06956150218946
14	8.28032412409304	12.17716909221982	0.7942298341163193		0.8941476345062256	0.030517578125	0.0006591796875	64.98429046997425	224.06956150218946
15	8.416882066806636	5.288850627477655	0.26062476693863046		0.9188117980957031	0.0762939453125	0.0005	48.06517275249166	204.84351564922287
16	10.316639690072584	2.370264516669436	0.15548515550559316		0.8975224494934082	0.19073486328125	0.0005	120.16293119442145	252.90868840171447
17	8.395176801897437	1.776812683482722	0.22172413929109877		0.9210689067840576	0.19073486328125	0.0005	120.16292071188667	132.74575720729308
18	5.968997137791619	0.9479000894534054	0.06044958070235748		0.9172482490539551	0.476837158203125	0.0005	300.4073141524962	26.200695061082058
19	5.968997137791619	0.9479000894534054	0.0987311688961694		0.9144737720489502	0.2384185791015625	0.0005	150.2036478842436	26.200695061082058
20	5.732887035164534	1.6190635300173033	0.20773020051083665		0.8773384094238281	0.11920928955078125	0.0005	75.10181062555347	162.78648437965
21	5.979527798724032	1.87357570861941	0.17106369798241197		0.8954973220825195	0.059604644775390625	0.0005	37.550917900878005	87.68467375409654
22	5.260017449163087	1.8347051519885627	0.12361504233782633		0.8799567222595215	0.059604644775390625	0.0005	37.55080128258726	125.23559165497454
23	2.6889882564775967	2.9937934962964166	0.21200164213296524		0.9009397029876709	0.14901161193847656	0.0005	93.87729508701977	87.68479037238728
24	2.6889882564775967	2.9937934962964166	0.24714135725330072		0.9162678718566895	0.07450580596923828	0.0005	46.93864781098159	87.68479037238728
25	2.6889882564775967	2.9937934962964166	0.24714135725330072		0.8937926292419434	0.03725290298461914	0.0005	39.442917717145434	87.68479037238728
26	0.8079050856903776	6.710099608885775	0.3193566999915119		0.9221537113189697	0.09313225746154785	0.00075	70.94156988527192	96.1322577550718
27	0.8079050856903776	6.710099608885775	0.29256996804275864		0.899986982345581	0.046566128730773926	0.0005	60.41734245992086	96.1322577550718
28	0.8079050856903776	6.710099608885775	0.29256996804275864		0.7992227077484131	0.023283064365386963	0.0005	9.615970066427394	96.1322577550718
29	0.25933965257476316	8.561402096670484	0.32345202128679135		0.819025993347168	0.05820766091346741	0.00075	51.49714915473136	98.27770665317479
30	1.5219676086249134	2.7892852443076386	0.17174234130754573		0.9052467346191406	0.029103830456733704	0.0005	18.33537844851594	61.60694865755369
31	0.24335159775093085	2.806843576883599	0.18280722404738886		0.8996007442474365	0.07275957614183426	0.0005	45.83847657748947	43.27157020903775
32	0.24335159775093085	2.806843576883599	0.18280701396993834		0.8865306377410889	0.03637978807091713	0.0005	22.919199114906178	43.27157020903775
33	0.24335159775093085	2.806843576883599	0.18280701396993834		0.9148638248443604	0.018189894035458565	0.0005	22.900420132041404	43.27157020903775
34	0.17797779574146777	5.027715690911709	0.3664142729351371		0.785430908203125	0.04547473508864641	0.0005	28.649073322054505	45.25128336989599
35	0.17797779574146777	5.027715690911709	0.3664142731434656		0.9030570983886719	0.022737367544323206	0.0005	24.714783428451852	45.25128336989599
36	0.17797779574146777	5.027715690911709	0.3664142731434656		0.915513277053833	0.011368683772161603	0.0005	8.579009783605883	45.25128336989599
37	0.005756595178944502	5.821246538209408	0.28370129184621695		0.914147138595581	0.028421709430404007	0.00075	26.309561057144364	45.204072893727755
38	0.18530211143336525	2.786409798187092	0.18375878635103032		0.9237744808197021	0.07105427357601002	0.0005	44.764169491805035	27.298470734809428
39	0.18530211143336525	2.786409798187092	0.1837587608696051		0.8923287391662598	0.03552713678800501	0.0005	22.382072286001204	27.298470734809428
40	0.1548932584014543	2.582707267791451	0.3858131091613735		0.9103069305419922	0.08881784197001252	0.0005	39.986471697659	5.026986512124332
41	0.1548932584014543	2.582707267791451	0.41259172506798436		0.9009826183319092	0.04440892098500626	0.0005	25.90072883245989	5.026986512124332
42	0.1548932584014543	2.582707267791451	0.41259172506798436		0.9105675220489502	0.02220446049250313	0.0005	26.777933862327316	5.026986512124332
43	0.08943421876882932	5.012790912187252	0.3218300673388845		0.9331393241882324	0.05551115123125783	0.0005	55.20601088273176	24.79539383390562
44	0.08943421876882932	5.012790912187252	0.32183006818935816		0.9138591289520264	0.027755575615628914	0.0005	41.17579859351436	24.79539383390562
45	0.08943421876882932	5.012790912187252	0.32183006818935816		0.8946201801300049	0.013877787807814457	0.0005	8.305116106146826	24.79539383390562
46	0.08943421876882932	5.012790912187252	0.32183006818935816		0.795557975769043	0.006938893903907228	0.0005	3.407307719810717	24.79539383390562
47	0.12381421354786183	5.353483582390528	0.29576575400725674		0.7910168170928955	0.003469446951953614	0.0005	8.195361945414874	28.202701553716338
48	0.12381421354786183	5.353483582390528	0.2957657540714051		0.9028081893920898	0.001734723475976807	0.0005	4.098437728701782	28.202701553716338
49	0.11758009875825917	5.056622915270453	0.27629912882377683		0.9083824157714844	0.004336808689942018	0.0005	8.83288093795224	24.104263825014556
50	0.11758009875825917	5.056622915270453	0.2762991288364156		0.9254751205444336	0.002168404344971009	0.0005	4.417652280846028	24.104263825014556
51	0.11758009875825917	5.056622915270453	0.2762991288364156		0.9069585800170898	0.0010842021724855044	0.0005	0.4590784150616821	24.104263825014556
52	0.07521550364918923	5.121443602524994	0.24558032047941145		0.7781462669372559	0.002710505431213761	0.0005	6.400862660872733	24.2214772712733
53	0.07521550364918923	5.121443602524994	0.24558032058083543		0.9169778823852539	0.0013552527156068805	0.0005	3.2008948280833494	24.2214772712733
54	0.07521550364918923	5.121443602524994	0.24558032058083543		0.9040155410766602	0.0006776263578034403	0.0005	0.19251334961717248	24.2214772712733
55	0.030315369729215193	5.135409220436131	0.4650363192660983		0.8186171054840088	0.0016940658945086007	0.0005	3.451455265062222	24.25894104314841
56	0.06641774477690233	4.792874114260085	0.32307172286814784		0.8921642303466797	0.004235164736271502	0.0005	8.622149433838715	20.80748577808619
57	0.06641774477690233	4.792874114260085	0.32307172297392095		0.9012577533721924	0.002117582368135751	0.0005	4.312240926906924	20.80748577808619
58	0.03181846965838069	4.4489448311520485	0.25654541536017283		0.9610641002655029	0.005293955920339377	0.0005	10.770340710464211	16.495244851179265
59	0.03181846965838069	4.4489448311520485	0.25654541538410375		0.8878583908081055	0.0026469779601696886	0.0005	5.38701615940677	16.495244851179265
60	0.06881869011297634	4.024011448739995	0.24445958667170214		0.9227101802825928	0.006617444900424221	0.0005	11.108228691772496	11.108228691772496
61	0.03673704841133429	3.0249339404747397	0.21149474998452794		0.9149138927459717	0.016543612251060553	0.0005	10.422463438871773	0.0
62	0.03673704841133429	3.0249339404747397	0.21149472114174855		0.8982524871826172	0.008271806125530277	0.0005	5.211226487738315	0.0
63	0.03673704841133429	3.0249339404747397	0.21149472114174855		0.9229826927185059	0.004135903062765138	0.0005	4.818219236850936	0.0

========== Optimization Summary ==========
Total Time (s): 56.736257
Total Iterations: 63
==========================================


========== RUN SUMMARY ==========
Iterations            : 64
Problem size          : 51 variables  (x|y|z = 4|7|40)
    x = black-box inputs | y = black-box outputs | z = remaining
Black-box blocks      : 2  (outputs per block: block1=3, block2=4)
Constraints           : 39  (equality 36 | inequality 3)
Wall time (s)         : 57.550
CPU time (s)          : 10.141   (process_time)
External BB evaluations (true black-box callback calls):
    block1      : 364
    block2      : 312
    TOTAL       : 676
    (evaluateDx sweeps: 128)
BB cache              : 1059 hits / 1735 requests (61.0% hit rate); 676 true evaluations
System:
  OS              : Windows-11-10.0.26200-SP0
  Processor       : Intel64 Family 6 Model 140 Stepping 1, GenuineIntel
  Architecture    : AMD64
  Python          : 3.12.12
  CPU cores       : 8 logical, 4 physical
  RAM             : 15.7 GB
  numpy / pyomo   : 2.4.2 / 6.10.1.a0 (VOTD)
=================================

======================================================================
POST-SOLVE ECONOMICS AND BALANCE CHECK
======================================================================
  CH4_produced_kg_yr: 5209669.56967428
  CH4_into_PSA_mol_s: 11.389296851994303
  CH4_PSA_output_mol_s: 0.6346172277094071
  PSA_CH4_recovery: 0.0557204923145263
  H2_electrolyser_mol_s: 65.76691022658977
  SOEL_kW: 17750.48907015658
  H2_to_CH4_stoich_ratio: 1.4436121711735386
  PSA_CH4_balance_gap: 0.9442795694907706
  CAPEX_total_USD: 83824040.72685824
  CAPEX_annualised_USD_yr: 4422001.778257618
  OPEX_avg_USD_yr: 13683800.09273835
  TAC_USD_yr: 18105801.87099597
  LCOCH4_PSA_output_basis_USD_kg: 62.372426546036365
  LCOCH4_USD_kg: 3.4754223139967753
  LCOCH4_with_H2_credit_USD_kg: 3.060720722289103
  CAPEX_share: {'SOEL': 0.8893875008672809, 'DFM': 0.057612200241384554, 'COMP': 0.02588782295278348, 'GC': 0.002699414049607889, 'PSA': 0.02153127325099932, 'FURNACE': 0.002881788637943786}
  OPEX_share: {'SOEL': 0.7634292295781465, 'DFM': 0.1284425245749435, 'COMP': 0.0420404950779331, 'GC': 0.0043837097956374105, 'PSA': 0.036491384841217486, 'FURNACE': 0.025212656132122077}
  H2_balance_rel_err: 0.08451326483637125
  C_unaccounted_frac: 0.032916692459382446
  reactor_per_cycle_mmol: {'CO2_in': 2.642871436484501, 'CH4_out': 2.1472364283279295, 'H2_out': 20.65728297682644, 'CO2_out': 0.40864042187212485, 'H2_fed': 31.946097706058907}
ECONOMICS_DICT {"CH4_produced_kg_yr": 5209669.56967428, "CH4_into_PSA_mol_s": 11.389296851994303, "CH4_PSA_output_mol_s": 0.6346172277094071, "PSA_CH4_recovery": 0.0557204923145263, "H2_electrolyser_mol_s": 65.76691022658977, "SOEL_kW": 17750.48907015658, "H2_to_CH4_stoich_ratio": 1.4436121711735386, "PSA_CH4_balance_gap": 0.9442795694907706, "CAPEX_total_USD": 83824040.72685824, "CAPEX_annualised_USD_yr": 4422001.778257618, "OPEX_avg_USD_yr": 13683800.09273835, "TAC_USD_yr": 18105801.87099597, "LCOCH4_PSA_output_basis_USD_kg": 62.372426546036365, "LCOCH4_USD_kg": 3.4754223139967753, "LCOCH4_with_H2_credit_USD_kg": 3.060720722289103, "CAPEX_share": {"SOEL": 0.8893875008672809, "DFM": 0.057612200241384554, "COMP": 0.02588782295278348, "GC": 0.002699414049607889, "PSA": 0.02153127325099932, "FURNACE": 0.002881788637943786}, "OPEX_share": {"SOEL": 0.7634292295781465, "DFM": 0.1284425245749435, "COMP": 0.0420404950779331, "GC": 0.0043837097956374105, "PSA": 0.036491384841217486, "FURNACE": 0.025212656132122077}, "H2_balance_rel_err": 0.08451326483637125, "C_unaccounted_frac": 0.032916692459382446, "reactor_per_cycle_mmol": {"CO2_in": 2.642871436484501, "CH4_out": 2.1472364283279295, "H2_out": 20.65728297682644, "CO2_out": 0.40864042187212485, "H2_fed": 31.946097706058907}}
[flowsheet] wrote 44 variable(s) to <repo>\results\runs\hv_on_r1_run1.point.json
