[flowsheet] cache: 1695 reactor and 1479 PSA evaluation(s) loaded
[flowsheet] initialised 44 variable(s) from x0_best_hvR1.json
[gjh] using: <repo>\atrfu\gjh.exe
========== A-TRFu SOLVER ==========
Globalization strategy: 1 (Funnel)
Hypervolume sampling  : multiple_black_boxes=0
Restoration strategy  : 2 (R2 relaxed (entry reset + rho radius))
Problem size          : 51 variables  (x|y|z = 4|7|40);  2 black-box block(s)
    x = black-box inputs | y = black-box outputs | z = remaining
Constraints           : 39  (equality 36 | inequality 3)
Tolerances            : ep_i=1.0e-03, ep_chi=1.0e-03, ep_delta=1.0e-03, max_it=1000
===================================


**************************************
Iteration 0:
thetak = 42.037737027578
objk = 3.4754223139967735
trustRadius = 1.0
sampleRadius = 0.1
stepNorm = 141.73133340856492
chi = 100000000.0
Iteration time (s) = 0.8157479763031006
step rejected
**************************************


**************************************
Iteration 1:
thetak = 42.037737027578
objk = 3.4754223139967735
trustRadius = 0.5
sampleRadius = 0.1
stepNorm = 141.73172352555105
chi = 0.209291744798777
Iteration time (s) = 0.279268741607666
theta-type step
**************************************


**************************************
Iteration 2:
thetak = 25.675815869959703
objk = 0.6228510992334748
trustRadius = 1.0
sampleRadius = 0.05
stepNorm = 130.0349675557427
chi = 0.1396432762522527
Iteration time (s) = 0.9257290363311768
theta-type step
**************************************


**************************************
Iteration 3:
thetak = 24.615733817160393
objk = 0.3639182922687198
trustRadius = 0.5
sampleRadius = 0.05
stepNorm = 130.03496657708106
chi = 0.11157400101918594
Iteration time (s) = 1.016575813293457
theta-type step
**************************************


**************************************
Iteration 4:
thetak = 15.685322602612455
objk = 0.9133145290536656
trustRadius = 1.0
sampleRadius = 0.05
stepNorm = 286.7126402678748
chi = 0.1448130315353494
Iteration time (s) = 0.819943904876709
step rejected
**************************************


**************************************
Iteration 5:
thetak = 15.685322602612455
objk = 0.9133145290536656
trustRadius = 0.5
sampleRadius = 0.05
stepNorm = 286.71387878978413
chi = 0.15828962855775963
Iteration time (s) = 0.8215086460113525
step rejected
**************************************

[FRP] entering restoration phase 1: Delta 2.500e-01 -> 1.000e+00 (gamma_e * accepted_radius=1.000e+00, CLAMPED at radius_max), thetak=1.569e+01
[FRP] solve 1 of phase 1, thetak=1.569e+01, Delta=1.000e+00 (at radius_max)
[FRP] solve 1 outcome: theta+=1.122e+01 (thetak=1.569e+01), rhok=2.848e-01 -> expand

**************************************
Iteration 6:
thetak = 15.685322602612455
objk = 0.9133145290536656
trustRadius = 0.25
sampleRadius = 0.05
stepNorm = 264.54629133778434
chi = 0.15828962855775963
Iteration time (s) = 0.9373900890350342
theta-type step
**************************************


**************************************
Iteration 7:
thetak = 11.219489265115435
objk = 9.88509086973601
trustRadius = 1.0
sampleRadius = 0.05
stepNorm = 264.5461664535077
chi = 0.2872931674897866
Iteration time (s) = 0.9350423812866211
step rejected
**************************************


**************************************
Iteration 8:
thetak = 11.219489265115435
objk = 9.88509086973601
trustRadius = 0.5
sampleRadius = 0.05
stepNorm = 264.5461664535801
chi = 0.2872933464477408
Iteration time (s) = 0.9183697700500488
step rejected
**************************************

[FRP] entering restoration phase 2: Delta 2.500e-01 -> 1.000e+00 (gamma_e * accepted_radius=1.000e+00, CLAMPED at radius_max), thetak=1.122e+01
[FRP] solve 1 of phase 2, thetak=1.122e+01, Delta=1.000e+00 (at radius_max)
[FRP] solve 1 outcome: theta+=8.069e-01 (thetak=1.122e+01), rhok=9.282e-01 -> expand

**************************************
Iteration 9:
thetak = 11.219489265115435
objk = 9.88509086973601
trustRadius = 0.25
sampleRadius = 0.05
stepNorm = 117.7521223776589
chi = 0.2872933464477408
Iteration time (s) = 0.9369525909423828
theta-type step
**************************************


**************************************
Iteration 10:
thetak = 0.8069414926710109
objk = 14.3479398205728
trustRadius = 1.0
sampleRadius = 0.05
stepNorm = 382.29829937703664
chi = 0.34787516906252014
Iteration time (s) = 0.8113672733306885
step rejected
**************************************


**************************************
Iteration 11:
thetak = 0.8069414926710109
objk = 14.3479398205728
trustRadius = 0.5
sampleRadius = 0.05
stepNorm = 314.99985735634357
chi = 0.3478751790680753
Iteration time (s) = 0.9314982891082764
step rejected
**************************************

[FRP] entering restoration phase 3: Delta 2.500e-01 -> 1.000e+00 (gamma_e * accepted_radius=1.000e+00, CLAMPED at radius_max), thetak=8.069e-01
[FRP] solve 1 of phase 3, thetak=8.069e-01, Delta=1.000e+00 (at radius_max)
[FRP] solve 1 outcome: theta+=8.265e-01 (thetak=8.069e-01), rhok=-2.303e-02 -> contract

**************************************
Iteration 12:
thetak = 0.8069414926710109
objk = 14.3479398205728
trustRadius = 0.25
sampleRadius = 0.05
stepNorm = 54.36959566998837
chi = 0.3478751790680753
Iteration time (s) = 0.9415168762207031
theta-type step
**************************************


**************************************
Iteration 13:
thetak = 0.8265219530948626
objk = 16.14189493190301
trustRadius = 0.5
sampleRadius = 0.05
stepNorm = 314.99984433805605
chi = 0.36588879324197554
Iteration time (s) = 0.8154983520507812
step rejected
**************************************


**************************************
Iteration 14:
thetak = 0.8265219530948626
objk = 16.14189493190301
trustRadius = 0.25
sampleRadius = 0.05
stepNorm = 157.49998159326486
chi = 0.3658887984012355
Iteration time (s) = 0.9087541103363037
step rejected
**************************************

[FRP] entering restoration phase 4: Delta 1.250e-01 -> 1.000e+00 (gamma_e * accepted_radius=5.000e-01, CLAMPED at radius_max), thetak=8.265e-01
[FRP] solve 1 of phase 4, thetak=8.265e-01, Delta=1.000e+00 (at radius_max)
[FRP] solve 1 outcome: theta+=3.892e-01 (thetak=8.265e-01), rhok=5.303e-01 -> expand

**************************************
Iteration 15:
thetak = 0.8265219530948626
objk = 16.14189493190301
trustRadius = 0.125
sampleRadius = 0.05
stepNorm = 28.719893559878642
chi = 0.3658887984012355
Iteration time (s) = 1.0580532550811768
theta-type step
**************************************


**************************************
Iteration 16:
thetak = 0.38919733998888767
objk = 16.916850402409352
trustRadius = 1.0
sampleRadius = 0.05
stepNorm = 465.3877879732354
chi = 0.36082761622580706
Iteration time (s) = 0.8029096126556396
step rejected
**************************************


**************************************
Iteration 17:
thetak = 0.38919733998888767
objk = 16.916850402409352
trustRadius = 0.5
sampleRadius = 0.05
stepNorm = 314.99981792314003
chi = 0.36082761843648564
Iteration time (s) = 0.9046969413757324
step rejected
**************************************

[FRP] entering restoration phase 5: Delta 2.500e-01 -> 1.000e+00 (gamma_e * accepted_radius=1.000e+00, CLAMPED at radius_max), thetak=3.892e-01
[FRP] solve 1 of phase 5, thetak=3.892e-01, Delta=1.000e+00 (at radius_max)
[FRP] solve 1 outcome: theta+=2.315e-01 (thetak=3.892e-01), rhok=4.077e-01 -> expand

**************************************
Iteration 18:
thetak = 0.38919733998888767
objk = 16.916850402409352
trustRadius = 0.25
sampleRadius = 0.05
stepNorm = 13.5664063935086
chi = 0.36082761843648564
Iteration time (s) = 0.8904755115509033
theta-type step
**************************************


**************************************
Iteration 19:
thetak = 0.23151896544946748
objk = 17.36656441348481
trustRadius = 1.0
sampleRadius = 0.05
stepNorm = 478.9541968699056
chi = 0.3750839464960063
Iteration time (s) = 0.7838563919067383
step rejected
**************************************


**************************************
Iteration 20:
thetak = 0.23151896544946748
objk = 17.36656441348481
trustRadius = 0.5
sampleRadius = 0.05
stepNorm = 314.99972839313136
chi = 0.3750839474337841
Iteration time (s) = 0.9318201541900635
step rejected
**************************************

[FRP] entering restoration phase 6: Delta 2.500e-01 -> 1.000e+00 (gamma_e * accepted_radius=1.000e+00, CLAMPED at radius_max), thetak=2.315e-01
[FRP] solve 1 of phase 6, thetak=2.315e-01, Delta=1.000e+00 (at radius_max)
[FRP] solve 1 outcome: theta+=2.244e-01 (thetak=2.315e-01), rhok=3.523e-02 -> contract

**************************************
Iteration 21:
thetak = 0.23151896544946748
objk = 17.36656441348481
trustRadius = 0.25
sampleRadius = 0.05
stepNorm = 5.64807677982742
chi = 0.3750839474337841
Iteration time (s) = 0.9064290523529053
theta-type step
**************************************


**************************************
Iteration 22:
thetak = 0.2243614864234616
objk = 17.56893366067141
trustRadius = 0.5
sampleRadius = 0.05
stepNorm = 314.9997393957803
chi = 0.38617317202213647
Iteration time (s) = 0.8018674850463867
step rejected
**************************************


**************************************
Iteration 23:
thetak = 0.2243614864234616
objk = 17.56893366067141
trustRadius = 0.25
sampleRadius = 0.05
stepNorm = 157.49998314167271
chi = 0.3861731728207155
Iteration time (s) = 0.9035775661468506
step rejected
**************************************

[FRP] entering restoration phase 7: Delta 1.250e-01 -> 1.000e+00 (gamma_e * accepted_radius=5.000e-01, CLAMPED at radius_max), thetak=2.244e-01
[FRP] solve 1 of phase 7, thetak=2.244e-01, Delta=1.000e+00 (at radius_max)
[FRP] solve 1 outcome: theta+=3.185e-02 (thetak=2.244e-01), rhok=8.625e-01 -> expand

**************************************
Iteration 24:
thetak = 0.2243614864234616
objk = 17.56893366067141
trustRadius = 0.125
sampleRadius = 0.05
stepNorm = 2.811183503900452
chi = 0.3861731728207155
Iteration time (s) = 0.9114153385162354
theta-type step
**************************************


**************************************
Iteration 25:
thetak = 0.031848341014210295
objk = 17.666091505740642
trustRadius = 1.0
sampleRadius = 0.05
stepNorm = 487.41346848974877
chi = 0.3969527097189717
Iteration time (s) = 0.8948392868041992
step rejected
**************************************


**************************************
Iteration 26:
thetak = 0.031848341014210295
objk = 17.666091505740642
trustRadius = 0.5
sampleRadius = 0.05
stepNorm = 314.9997620472775
chi = 0.39695271007798755
Iteration time (s) = 0.9120934009552002
step rejected
**************************************

[FRP] entering restoration phase 8: Delta 2.500e-01 -> 1.000e+00 (gamma_e * accepted_radius=1.000e+00, CLAMPED at radius_max), thetak=3.185e-02
[FRP] solve 1 of phase 8, thetak=3.185e-02, Delta=1.000e+00 (at radius_max)
[FRP] solve 1 outcome: theta+=7.742e-02 (thetak=3.185e-02), rhok=-1.399e+00 -> contract

**************************************
Iteration 27:
thetak = 0.031848341014210295
objk = 17.666091505740642
trustRadius = 0.25
sampleRadius = 0.05
stepNorm = 3.381541574283915
chi = 0.39695271007798755
Iteration time (s) = 0.9069890975952148
theta-type step
**************************************


**************************************
Iteration 28:
thetak = 0.07741990886607128
objk = 17.780594226022437
trustRadius = 0.5
sampleRadius = 0.05
stepNorm = 314.9998243427634
chi = 0.38041664105887996
Iteration time (s) = 0.9237082004547119
step rejected
**************************************


**************************************
Iteration 29:
thetak = 0.07741990886607128
objk = 17.780594226022437
trustRadius = 0.25
sampleRadius = 0.05
stepNorm = 157.49998316101312
chi = 0.380416641318654
Iteration time (s) = 0.9059550762176514
step rejected
**************************************

[FRP] entering restoration phase 9: Delta 1.250e-01 -> 1.000e+00 (gamma_e * accepted_radius=5.000e-01, CLAMPED at radius_max), thetak=7.742e-02
[FRP] solve 1 of phase 9, thetak=7.742e-02, Delta=1.000e+00 (at radius_max)
[FRP] solve 1 outcome: theta+=3.373e-02 (thetak=7.742e-02), rhok=5.772e-01 -> expand

**************************************
Iteration 30:
thetak = 0.07741990886607128
objk = 17.780594226022437
trustRadius = 0.125
sampleRadius = 0.05
stepNorm = 1.7622408073585802
chi = 0.380416641318654
Iteration time (s) = 0.9118201732635498
theta-type step
**************************************


**************************************
Iteration 31:
thetak = 0.03373197924605057
objk = 17.817673751532343
trustRadius = 1.0
sampleRadius = 0.05
stepNorm = 492.5572417990224
chi = 0.38804784482445515
Iteration time (s) = 0.8961784839630127
step rejected
**************************************


**************************************
Iteration 32:
thetak = 0.03373197924605057
objk = 17.817673751532343
trustRadius = 0.5
sampleRadius = 0.05
stepNorm = 314.99982909623463
chi = 0.38804784489714456
Iteration time (s) = 0.9049601554870605
step rejected
**************************************

[FRP] entering restoration phase 10: Delta 2.500e-01 -> 1.000e+00 (gamma_e * accepted_radius=1.000e+00, CLAMPED at radius_max), thetak=3.373e-02
[FRP] solve 1 of phase 10, thetak=3.373e-02, Delta=1.000e+00 (at radius_max)
[FRP] solve 1 outcome: theta+=1.201e-01 (thetak=3.373e-02), rhok=-2.531e+00 -> contract

**************************************
Iteration 33:
thetak = 0.03373197924605057
objk = 17.817673751532343
trustRadius = 0.25
sampleRadius = 0.05
stepNorm = 0.9550782971394369
chi = 0.38804784489714456
Iteration time (s) = 0.9108037948608398
RESTORATION
**************************************

[FRP] solve 2 of phase 10, thetak=3.373e-02, Delta=5.000e-01
[FRP] solve 2 outcome: theta+=4.483e-02 (thetak=3.373e-02), rhok=-2.992e-01 -> contract

**************************************
Iteration 34:
thetak = 0.03373197924605057
objk = 17.817673751532343
trustRadius = 0.5
sampleRadius = 0.05
stepNorm = 10.042226316205642
chi = 0.38804784489714456
Iteration time (s) = 0.9045064449310303
theta-type step
**************************************


**************************************
Iteration 35:
thetak = 0.04482545092885948
objk = 18.079146086268114
trustRadius = 0.25
sampleRadius = 0.05
stepNorm = 157.49998352456333
chi = 0.3846129595116194
Iteration time (s) = 0.7953300476074219
step rejected
**************************************


**************************************
Iteration 36:
thetak = 0.04482545092885948
objk = 18.079146086268114
trustRadius = 0.125
sampleRadius = 0.05
stepNorm = 96.2136963144836
chi = 0.38461296031392495
Iteration time (s) = 0.9061932563781738
step rejected
**************************************

[FRP] entering restoration phase 11: Delta 6.250e-02 -> 6.250e-01 (gamma_e * accepted_radius=2.500e-01), thetak=4.483e-02
[FRP] solve 1 of phase 11, thetak=4.483e-02, Delta=6.250e-01
[FRP] solve 1 outcome: theta+=2.512e-02 (thetak=4.483e-02), rhok=4.620e-01 -> expand

**************************************
Iteration 37:
thetak = 0.04482545092885948
objk = 18.079146086268114
trustRadius = 0.0625
sampleRadius = 0.05
stepNorm = 0.7017140232991324
chi = 0.38461296031392495
Iteration time (s) = 0.8927347660064697
theta-type step
**************************************


**************************************
Iteration 38:
thetak = 0.02511594436480066
objk = 18.096733281787863
trustRadius = 1.0
sampleRadius = 0.05
stepNorm = 501.897759937817
chi = 0.38924364087361135
Iteration time (s) = 0.9011762142181396
step rejected
**************************************


**************************************
Iteration 39:
thetak = 0.02511594436480066
objk = 18.096733281787863
trustRadius = 0.5
sampleRadius = 0.05
stepNorm = 314.9998274742908
chi = 0.3892436409069582
Iteration time (s) = 0.9026672840118408
step rejected
**************************************

[FRP] entering restoration phase 12: Delta 2.500e-01 -> 1.000e+00 (gamma_e * accepted_radius=1.000e+00, CLAMPED at radius_max), thetak=2.512e-02
[FRP] solve 1 of phase 12, thetak=2.512e-02, Delta=1.000e+00 (at radius_max)
[FRP] solve 1 outcome: theta+=1.613e-01 (thetak=2.512e-02), rhok=-5.381e+00 -> contract

**************************************
Iteration 40:
thetak = 0.02511594436480066
objk = 18.096733281787863
trustRadius = 0.25
sampleRadius = 0.05
stepNorm = 4.640091287937594
chi = 0.3892436409069582
Iteration time (s) = 0.9082925319671631
RESTORATION
**************************************

[FRP] solve 2 of phase 12, thetak=2.512e-02, Delta=5.000e-01
[FRP] solve 2 outcome: theta+=7.728e-02 (thetak=2.512e-02), rhok=-2.037e+00 -> contract

**************************************
Iteration 41:
thetak = 0.02511594436480066
objk = 18.096733281787863
trustRadius = 0.5
sampleRadius = 0.05
stepNorm = 4.845264479155617
chi = 0.3892436409069582
Iteration time (s) = 0.9163196086883545
RESTORATION
**************************************

[FRP] solve 3 of phase 12, thetak=2.512e-02, Delta=2.500e-01
[FRP] solve 3 outcome: theta+=3.907e-01 (thetak=2.512e-02), rhok=-1.451e+01 -> contract

**************************************
Iteration 42:
thetak = 0.02511594436480066
objk = 18.096733281787863
trustRadius = 0.25
sampleRadius = 0.05
stepNorm = 22.570791108645153
chi = 0.3892436409069582
Iteration time (s) = 0.8043382167816162
RESTORATION
**************************************

[FRP] solve 4 of phase 12, thetak=2.512e-02, Delta=1.250e-01
[FRP] solve 4 outcome: theta+=7.623e-02 (thetak=2.512e-02), rhok=-1.995e+00 -> contract

**************************************
Iteration 43:
thetak = 0.02511594436480066
objk = 18.096733281787863
trustRadius = 0.125
sampleRadius = 0.05
stepNorm = 13.958977597182184
chi = 0.3892436409069582
Iteration time (s) = 0.802180290222168
RESTORATION
**************************************

[FRP] solve 5 of phase 12, thetak=2.512e-02, Delta=6.250e-02
[FRP] solve 5 outcome: theta+=9.503e-02 (thetak=2.512e-02), rhok=-2.744e+00 -> contract

**************************************
Iteration 44:
thetak = 0.02511594436480066
objk = 18.096733281787863
trustRadius = 0.0625
sampleRadius = 0.05
stepNorm = 7.350210063413115
chi = 0.3892436409069582
Iteration time (s) = 0.7997500896453857
RESTORATION
**************************************

[FRP] solve 6 of phase 12, thetak=2.512e-02, Delta=3.125e-02
[FRP] solve 6 outcome: theta+=4.118e-02 (thetak=2.512e-02), rhok=-5.997e-01 -> contract

**************************************
Iteration 45:
thetak = 0.02511594436480066
objk = 18.096733281787863
trustRadius = 0.03125
sampleRadius = 0.015625
stepNorm = 4.893792456473619
chi = 0.409587436349376
Iteration time (s) = 0.9029645919799805
f-type step
**************************************


**************************************
Iteration 46:
thetak = 0.04117858386616613
objk = 17.481907609142567
trustRadius = 0.078125
sampleRadius = 0.015625
stepNorm = 91.02264709528059
chi = 0.38112161691379376
Iteration time (s) = 0.9184365272521973
step rejected
**************************************


**************************************
Iteration 47:
thetak = 0.04117858386616613
objk = 17.481907609142567
trustRadius = 0.0390625
sampleRadius = 0.015625
stepNorm = 84.09238490391361
chi = 0.3811216169031924
Iteration time (s) = 0.894934892654419
step rejected
**************************************

[FRP] entering restoration phase 13: Delta 1.953e-02 -> 1.953e-01 (gamma_e * accepted_radius=7.812e-02), thetak=4.118e-02
[FRP] solve 1 of phase 13, thetak=4.118e-02, Delta=1.953e-01
[FRP] solve 1 outcome: theta+=3.692e-01 (thetak=4.118e-02), rhok=-7.941e+00 -> contract

**************************************
Iteration 48:
thetak = 0.04117858386616613
objk = 17.481907609142567
trustRadius = 0.01953125
sampleRadius = 0.015625
stepNorm = 26.998697391473
chi = 0.3811216169031924
Iteration time (s) = 0.8947155475616455
RESTORATION
**************************************

[FRP] solve 2 of phase 13, thetak=4.118e-02, Delta=9.766e-02
[FRP] solve 2 outcome: theta+=1.870e-01 (thetak=4.118e-02), rhok=-3.517e+00 -> contract

**************************************
Iteration 49:
thetak = 0.04117858386616613
objk = 17.481907609142567
trustRadius = 0.09765625
sampleRadius = 0.015625
stepNorm = 9.482035584925825
chi = 0.3811216169031924
Iteration time (s) = 0.7904272079467773
RESTORATION
**************************************

[FRP] solve 3 of phase 13, thetak=4.118e-02, Delta=4.883e-02
[FRP] solve 3 outcome: theta+=1.427e-01 (thetak=4.118e-02), rhok=-2.441e+00 -> contract

**************************************
Iteration 50:
thetak = 0.04117858386616613
objk = 17.481907609142567
trustRadius = 0.048828125
sampleRadius = 0.015625
stepNorm = 3.481956843962095
chi = 0.3811216169031924
Iteration time (s) = 0.7966859340667725
RESTORATION
**************************************

[FRP] solve 4 of phase 13, thetak=4.118e-02, Delta=2.441e-02
[FRP] solve 4 outcome: theta+=2.384e-01 (thetak=4.118e-02), rhok=-4.766e+00 -> contract

**************************************
Iteration 51:
thetak = 0.04117858386616613
objk = 17.481907609142567
trustRadius = 0.0244140625
sampleRadius = 0.015625
stepNorm = 1.4242517651350965
chi = 0.3811216169031924
Iteration time (s) = 0.8990678787231445
RESTORATION
**************************************

[FRP] solve 5 of phase 13, thetak=4.118e-02, Delta=1.221e-02
[FRP] solve 5 outcome: theta+=1.325e-02 (thetak=4.118e-02), rhok=7.026e-01 -> expand

**************************************
Iteration 52:
thetak = 0.04117858386616613
objk = 17.481907609142567
trustRadius = 0.01220703125
sampleRadius = 0.006103515625
stepNorm = 0.1480515699630729
chi = 0.38278997467618464
Iteration time (s) = 0.802377462387085
theta-type step
**************************************


**************************************
Iteration 53:
thetak = 0.013245701912772127
objk = 17.481939617529143
trustRadius = 0.030517578125
sampleRadius = 0.006103515625
stepNorm = 65.70829932380059
chi = 0.41062962543695075
Iteration time (s) = 0.9036190509796143
step rejected
**************************************


**************************************
Iteration 54:
thetak = 0.013245701912772127
objk = 17.481939617529143
trustRadius = 0.0152587890625
sampleRadius = 0.006103515625
stepNorm = 32.863394581717074
chi = 0.4106296253876183
Iteration time (s) = 0.9221096038818359
step rejected
**************************************

[FRP] entering restoration phase 14: Delta 7.629e-03 -> 7.629e-02 (gamma_e * accepted_radius=3.052e-02), thetak=1.325e-02
[FRP] solve 1 of phase 14, thetak=1.325e-02, Delta=7.629e-02
[FRP] solve 1 outcome: theta+=1.056e-01 (thetak=1.325e-02), rhok=-6.895e+00 -> contract

**************************************
Iteration 55:
thetak = 0.013245701912772127
objk = 17.481939617529143
trustRadius = 0.00762939453125
sampleRadius = 0.006103515625
stepNorm = 6.875378049842979
chi = 0.4106296253876183
Iteration time (s) = 0.8843951225280762
RESTORATION
**************************************

[FRP] solve 2 of phase 14, thetak=1.325e-02, Delta=3.815e-02
[FRP] solve 2 outcome: theta+=1.929e-02 (thetak=1.325e-02), rhok=-3.806e-01 -> contract

**************************************
Iteration 56:
thetak = 0.013245701912772127
objk = 17.481939617529143
trustRadius = 0.03814697265625
sampleRadius = 0.006103515625
stepNorm = 2.656746084726194
chi = 0.4106296253876183
Iteration time (s) = 0.8281209468841553
f-type step
**************************************


**************************************
Iteration 57:
thetak = 0.019286508880585116
objk = 17.240782115532888
trustRadius = 0.095367431640625
sampleRadius = 0.006103515625
stepNorm = 87.3891184148975
chi = 0.46960121193872273
Iteration time (s) = 0.7947449684143066
step rejected
**************************************


**************************************
Iteration 58:
thetak = 0.019286508880585116
objk = 17.240782115532888
trustRadius = 0.0476837158203125
sampleRadius = 0.006103515625
stepNorm = 88.91101947981039
chi = 0.4696012118953475
Iteration time (s) = 0.8906257152557373
step rejected
**************************************

[FRP] entering restoration phase 15: Delta 2.384e-02 -> 2.384e-01 (gamma_e * accepted_radius=9.537e-02), thetak=1.929e-02
[FRP] solve 1 of phase 15, thetak=1.929e-02, Delta=2.384e-01
[FRP] solve 1 outcome: theta+=1.951e-01 (thetak=1.929e-02), rhok=-9.066e+00 -> contract

**************************************
Iteration 59:
thetak = 0.019286508880585116
objk = 17.240782115532888
trustRadius = 0.02384185791015625
sampleRadius = 0.006103515625
stepNorm = 23.077505959551445
chi = 0.4696012118953475
Iteration time (s) = 0.9029521942138672
RESTORATION
**************************************

[FRP] solve 2 of phase 15, thetak=1.929e-02, Delta=1.192e-01
[FRP] solve 2 outcome: theta+=3.293e-02 (thetak=1.929e-02), rhok=-6.556e-01 -> contract

**************************************
Iteration 60:
thetak = 0.019286508880585116
objk = 17.240782115532888
trustRadius = 0.11920928955078125
sampleRadius = 0.006103515625
stepNorm = 12.876660598822582
chi = 0.4696012118953475
Iteration time (s) = 0.8264186382293701
RESTORATION
**************************************

[FRP] solve 3 of phase 15, thetak=1.929e-02, Delta=5.960e-02
[FRP] solve 3 outcome: theta+=7.384e-02 (thetak=1.929e-02), rhok=-2.777e+00 -> contract

**************************************
Iteration 61:
thetak = 0.019286508880585116
objk = 17.240782115532888
trustRadius = 0.059604644775390625
sampleRadius = 0.006103515625
stepNorm = 3.82916196655367
chi = 0.4696012118953475
Iteration time (s) = 0.7814936637878418
RESTORATION
**************************************

[FRP] solve 4 of phase 15, thetak=1.929e-02, Delta=2.980e-02
[FRP] solve 4 outcome: theta+=7.183e-02 (thetak=1.929e-02), rhok=-2.672e+00 -> contract

**************************************
Iteration 62:
thetak = 0.019286508880585116
objk = 17.240782115532888
trustRadius = 0.029802322387695312
sampleRadius = 0.006103515625
stepNorm = 1.0231860634836494
chi = 0.4696012118953475
Iteration time (s) = 0.8262794017791748
RESTORATION
**************************************

[FRP] solve 5 of phase 15, thetak=1.929e-02, Delta=1.490e-02
[FRP] solve 5 outcome: theta+=6.312e-02 (thetak=1.929e-02), rhok=-2.221e+00 -> contract

**************************************
Iteration 63:
thetak = 0.019286508880585116
objk = 17.240782115532888
trustRadius = 0.014901161193847656
sampleRadius = 0.006103515625
stepNorm = 0.3112193203682736
chi = 0.4696012118953475
Iteration time (s) = 0.912198543548584
RESTORATION
**************************************

[FRP] solve 6 of phase 15, thetak=1.929e-02, Delta=7.451e-03
[FRP] solve 6 outcome: theta+=2.240e-02 (thetak=1.929e-02), rhok=-1.098e-01 -> contract

**************************************
Iteration 64:
thetak = 0.019286508880585116
objk = 17.240782115532888
trustRadius = 0.007450580596923828
sampleRadius = 0.006103515625
stepNorm = 0.3661957912518119
chi = 0.4696012118953475
Iteration time (s) = 0.7987697124481201
theta-type step
**************************************


**************************************
Iteration 65:
thetak = 0.022404476680985705
objk = 17.3199860265502
trustRadius = 0.003725290298461914
sampleRadius = 0.001862645149230957
stepNorm = 8.364550692135907
chi = 0.8062245207497443
Iteration time (s) = 0.8350751399993896
step rejected
**************************************


**************************************
Iteration 66:
thetak = 0.022404476680985705
objk = 17.3199860265502
trustRadius = 0.001862645149230957
sampleRadius = 0.001862645149230957
stepNorm = 4.182405115459289
chi = 0.8062245205930528
Iteration time (s) = 0.8998463153839111
step rejected
**************************************

[FRP] entering restoration phase 16: Delta 9.313e-04 -> 9.313e-03 (gamma_e * accepted_radius=3.725e-03), thetak=2.240e-02
[FRP] solve 1 of phase 16, thetak=2.240e-02, Delta=9.313e-03
[FRP] solve 1 outcome: theta+=2.018e-01 (thetak=2.240e-02), rhok=-7.963e+00 -> contract

**************************************
Iteration 67:
thetak = 0.022404476680985705
objk = 17.3199860265502
trustRadius = 0.0009313225746154785
sampleRadius = 0.0005
stepNorm = 0.3451801484306287
chi = 1.0000000075340927
Iteration time (s) = 0.8969407081604004
RESTORATION
**************************************

[FRP] solve 2 of phase 16, thetak=2.240e-02, Delta=4.657e-03
[FRP] solve 2 outcome: theta+=2.292e-02 (thetak=2.240e-02), rhok=2.146e-02 -> contract

**************************************
Iteration 68:
thetak = 0.022404476680985705
objk = 17.3199860265502
trustRadius = 0.004656612873077393
sampleRadius = 0.0005
stepNorm = 0.13666471371219302
chi = 1.0000000075340927
Iteration time (s) = 0.8981595039367676
theta-type step
**************************************


**************************************
Iteration 69:
thetak = 0.022923703366549517
objk = 17.3439038377871
trustRadius = 0.0023283064365386963
sampleRadius = 0.0005
stepNorm = 5.016160436145924
chi = 0.9827543426148347
Iteration time (s) = 0.793480634689331
step rejected
**************************************


**************************************
Iteration 70:
thetak = 0.022923703366549517
objk = 17.3439038377871
trustRadius = 0.0011641532182693481
sampleRadius = 0.0005
stepNorm = 2.508131042729957
chi = 0.9827543424086148
Iteration time (s) = 0.9342834949493408
step rejected
**************************************

[FRP] entering restoration phase 17: Delta 5.821e-04 -> 5.821e-03 (gamma_e * accepted_radius=2.328e-03), thetak=2.292e-02
[FRP] solve 1 of phase 17, thetak=2.292e-02, Delta=5.821e-03
[FRP] solve 1 outcome: theta+=4.993e-02 (thetak=2.292e-02), rhok=-1.135e+00 -> contract

**************************************
Iteration 71:
thetak = 0.022923703366549517
objk = 17.3439038377871
trustRadius = 0.0005820766091346741
sampleRadius = 0.0005
stepNorm = 0.20897235632136812
chi = 0.9827543424086148
Iteration time (s) = 0.9032487869262695
RESTORATION
**************************************

[FRP] solve 2 of phase 17, thetak=2.292e-02, Delta=2.910e-03
[FRP] solve 2 outcome: theta+=1.536e-01 (thetak=2.292e-02), rhok=-5.657e+00 -> contract

**************************************
Iteration 72:
thetak = 0.022923703366549517
objk = 17.3439038377871
trustRadius = 0.0029103830456733704
sampleRadius = 0.0005
stepNorm = 0.044613512419928725
chi = 0.9827543424086148
Iteration time (s) = 0.7995960712432861
RESTORATION
**************************************

[FRP] solve 3 of phase 17, thetak=2.292e-02, Delta=1.455e-03
[FRP] solve 3 outcome: theta+=9.497e-03 (thetak=2.292e-02), rhok=6.293e-01 -> expand

**************************************
Iteration 73:
thetak = 0.022923703366549517
objk = 17.3439038377871
trustRadius = 0.0014551915228366852
sampleRadius = 0.0005
stepNorm = 0.015311698919305172
chi = 0.9827543424086148
Iteration time (s) = 0.9985237121582031
f-type step
**************************************


**************************************
Iteration 74:
thetak = 0.009496977698677097
objk = 17.34227096097174
trustRadius = 0.003637978807091713
sampleRadius = 0.0005
stepNorm = 7.8375707286957805
chi = 0.9825669513126087
Iteration time (s) = 0.7822034358978271
step rejected
**************************************


**************************************
Iteration 75:
thetak = 0.009496977698677097
objk = 17.34227096097174
trustRadius = 0.0018189894035458565
sampleRadius = 0.0005
stepNorm = 3.918910777465456
chi = 0.9825669511315728
Iteration time (s) = 0.912656307220459
step rejected
**************************************

[FRP] entering restoration phase 18: Delta 9.095e-04 -> 9.095e-03 (gamma_e * accepted_radius=3.638e-03), thetak=9.497e-03
[FRP] solve 1 of phase 18, thetak=9.497e-03, Delta=9.095e-03
[FRP] solve 1 outcome: theta+=2.676e-01 (thetak=9.497e-03), rhok=-2.707e+01 -> contract

**************************************
Iteration 76:
thetak = 0.009496977698677097
objk = 17.34227096097174
trustRadius = 0.0009094947017729282
sampleRadius = 0.0005
stepNorm = 0.3198395228954354
chi = 0.9825669511315728
Iteration time (s) = 0.9003279209136963
RESTORATION
**************************************

[FRP] solve 2 of phase 18, thetak=9.497e-03, Delta=4.547e-03
[FRP] solve 2 outcome: theta+=4.573e-02 (thetak=9.497e-03), rhok=-3.710e+00 -> contract

**************************************
Iteration 77:
thetak = 0.009496977698677097
objk = 17.34227096097174
trustRadius = 0.004547473508864641
sampleRadius = 0.0005
stepNorm = 0.12330518512770539
chi = 0.9825669511315728
Iteration time (s) = 0.7905399799346924
RESTORATION
**************************************

[FRP] solve 3 of phase 18, thetak=9.497e-03, Delta=2.274e-03
[FRP] solve 3 outcome: theta+=1.406e-01 (thetak=9.497e-03), rhok=-1.370e+01 -> contract

**************************************
Iteration 78:
thetak = 0.009496977698677097
objk = 17.34227096097174
trustRadius = 0.0022737367544323206
sampleRadius = 0.0005
stepNorm = 0.024096458824686806
chi = 0.9825669511315728
Iteration time (s) = 0.8116519451141357
RESTORATION
**************************************

[FRP] solve 4 of phase 18, thetak=9.497e-03, Delta=1.137e-03
[FRP] solve 4 outcome: theta+=4.861e-03 (thetak=9.497e-03), rhok=5.934e-01 -> expand

**************************************
Iteration 79:
thetak = 0.009496977698677097
objk = 17.34227096097174
trustRadius = 0.0011368683772161603
sampleRadius = 0.0005
stepNorm = 0.005928342124690289
chi = 0.9825669511315728
Iteration time (s) = 0.9058413505554199
f-type step
**************************************


**************************************
Iteration 80:
thetak = 0.004861257913530965
objk = 17.341925767489368
trustRadius = 0.0028421709430404007
sampleRadius = 0.0005
stepNorm = 6.123188545862604
chi = 0.9825184944644529
Iteration time (s) = 0.9059879779815674
step rejected
**************************************


**************************************
Iteration 81:
thetak = 0.004861257913530965
objk = 17.341925767489368
trustRadius = 0.0014210854715202004
sampleRadius = 0.0005
stepNorm = 3.0616704381333903
chi = 0.9825184941576058
Iteration time (s) = 0.9132993221282959
step rejected
**************************************

[FRP] entering restoration phase 19: Delta 7.105e-04 -> 7.105e-03 (gamma_e * accepted_radius=2.842e-03), thetak=4.861e-03
[FRP] solve 1 of phase 19, thetak=4.861e-03, Delta=7.105e-03
[FRP] solve 1 outcome: theta+=1.891e-01 (thetak=4.861e-03), rhok=-3.770e+01 -> contract

**************************************
Iteration 82:
thetak = 0.004861257913530965
objk = 17.341925767489368
trustRadius = 0.0007105427357601002
sampleRadius = 0.0005
stepNorm = 0.3139513338028763
chi = 0.9825184941576058
Iteration time (s) = 0.8955323696136475
RESTORATION
**************************************

[FRP] solve 2 of phase 19, thetak=4.861e-03, Delta=3.553e-03
[FRP] solve 2 outcome: theta+=2.379e-02 (thetak=4.861e-03), rhok=-3.688e+00 -> contract

**************************************
Iteration 83:
thetak = 0.004861257913530965
objk = 17.341925767489368
trustRadius = 0.003552713678800501
sampleRadius = 0.0005
stepNorm = 0.07104913092894094
chi = 0.9825184941576058
Iteration time (s) = 0.7870724201202393
RESTORATION
**************************************

[FRP] solve 3 of phase 19, thetak=4.861e-03, Delta=1.776e-03
[FRP] solve 3 outcome: theta+=1.336e-01 (thetak=4.861e-03), rhok=-2.627e+01 -> contract

**************************************
Iteration 84:
thetak = 0.004861257913530965
objk = 17.341925767489368
trustRadius = 0.0017763568394002505
sampleRadius = 0.0005
stepNorm = 0.012215179666668519
chi = 0.9825184941576058
Iteration time (s) = 0.934178352355957
RESTORATION
**************************************

[FRP] solve 4 of phase 19, thetak=4.861e-03, Delta=8.882e-04
[FRP] solve 4 outcome: theta+=2.752e-03 (thetak=4.861e-03), rhok=6.396e-01 -> expand

**************************************
Iteration 85:
thetak = 0.004861257913530965
objk = 17.341925767489368
trustRadius = 0.0008881784197001252
sampleRadius = 0.0005
stepNorm = 0.0029074617624189614
chi = 0.9825184941576058
Iteration time (s) = 0.9086496829986572
f-type step
**************************************


**************************************
Iteration 86:
thetak = 0.0027518654523256783
objk = 17.341687829322048
trustRadius = 0.002220446049250313
sampleRadius = 0.0005
stepNorm = 4.7837935326384695
chi = 0.9824958998253459
Iteration time (s) = 0.8068530559539795
step rejected
**************************************


**************************************
Iteration 87:
thetak = 0.0027518654523256783
objk = 17.341687829322048
trustRadius = 0.0011102230246251565
sampleRadius = 0.0005
stepNorm = 2.3919429134806336
chi = 0.9824958997843981
Iteration time (s) = 0.8918030261993408
step rejected
**************************************

[FRP] entering restoration phase 20: Delta 5.551e-04 -> 5.551e-03 (gamma_e * accepted_radius=2.220e-03), thetak=2.752e-03
[FRP] solve 1 of phase 20, thetak=2.752e-03, Delta=5.551e-03
[FRP] solve 1 outcome: theta+=3.611e-02 (thetak=2.752e-03), rhok=-1.176e+01 -> contract

**************************************
Iteration 88:
thetak = 0.0027518654523256783
objk = 17.341687829322048
trustRadius = 0.0005551115123125783
sampleRadius = 0.0005
stepNorm = 0.18890010206952468
chi = 0.9824958997843981
Iteration time (s) = 0.9074249267578125
RESTORATION
**************************************

[FRP] solve 2 of phase 20, thetak=2.752e-03, Delta=2.776e-03
[FRP] solve 2 outcome: theta+=1.476e-01 (thetak=2.752e-03), rhok=-5.226e+01 -> contract

**************************************
Iteration 89:
thetak = 0.0027518654523256783
objk = 17.341687829322048
trustRadius = 0.0027755575615628914
sampleRadius = 0.0005
stepNorm = 0.03972695081424149
chi = 0.9824958997843981
Iteration time (s) = 0.9295432567596436
RESTORATION
**************************************

[FRP] solve 3 of phase 20, thetak=2.752e-03, Delta=1.388e-03
[FRP] solve 3 outcome: theta+=1.296e-01 (thetak=2.752e-03), rhok=-4.573e+01 -> contract

**************************************
Iteration 90:
thetak = 0.0027518654523256783
objk = 17.341687829322048
trustRadius = 0.0013877787807814457
sampleRadius = 0.0005
stepNorm = 0.005742883943050003
chi = 0.9824958997843981
Iteration time (s) = 0.7983529567718506
RESTORATION
**************************************

[FRP] solve 4 of phase 20, thetak=2.752e-03, Delta=6.939e-04
[FRP] solve 4 outcome: theta+=1.613e-03 (thetak=2.752e-03), rhok=7.771e-01 -> expand

**************************************
Iteration 91:
thetak = 0.0027518654523256783
objk = 17.341687829322048
trustRadius = 0.0006938893903907228
sampleRadius = 0.0005
stepNorm = 0.0016164025800833315
chi = 0.9824958997843981
Iteration time (s) = 0.7988319396972656
f-type step
**************************************


**************************************
Iteration 92:
thetak = 0.0016133748096128471
objk = 17.341418555763507
trustRadius = 0.001734723475976807
sampleRadius = 0.0005
stepNorm = 3.73737053773678
chi = 0.9824794253148288
Iteration time (s) = 0.9161183834075928
step rejected
**************************************


**************************************
Iteration 93:
thetak = 0.0016133748096128471
objk = 17.341418555763507
trustRadius = 0.0008673617379884035
sampleRadius = 0.0005
stepNorm = 1.8687131137228619
chi = 0.9824794251483033
Iteration time (s) = 0.9023957252502441
step rejected
**************************************

[FRP] entering restoration phase 21: Delta 5.000e-04 -> 4.337e-03 (gamma_e * accepted_radius=1.735e-03), thetak=1.613e-03
[FRP] solve 1 of phase 21, thetak=1.613e-03, Delta=4.337e-03
[FRP] solve 1 outcome: theta+=3.818e-02 (thetak=1.613e-03), rhok=-2.204e+01 -> contract

**************************************
Iteration 94:
thetak = 0.0016133748096128471
objk = 17.341418555763507
trustRadius = 0.0005
sampleRadius = 0.0005
stepNorm = 0.1110936351562799
chi = 0.9824794251483033
Iteration time (s) = 0.9115822315216064
RESTORATION
**************************************

[FRP] solve 2 of phase 21, thetak=1.613e-03, Delta=2.168e-03
[FRP] solve 2 outcome: theta+=1.378e-01 (thetak=1.613e-03), rhok=-8.379e+01 -> contract

**************************************
Iteration 95:
thetak = 0.0016133748096128471
objk = 17.341418555763507
trustRadius = 0.002168404344971009
sampleRadius = 0.0005
stepNorm = 0.021272327814372716
chi = 0.9824794251483033
Iteration time (s) = 0.8067626953125
RESTORATION
**************************************

[FRP] solve 3 of phase 21, thetak=1.613e-03, Delta=1.084e-03
[FRP] solve 3 outcome: theta+=1.274e-01 (thetak=1.613e-03), rhok=-7.736e+01 -> contract

**************************************
Iteration 96:
thetak = 0.0016133748096128471
objk = 17.341418555763507
trustRadius = 0.0010842021724855044
sampleRadius = 0.0005
stepNorm = 0.002637449665719771
chi = 0.9824794251483033
Iteration time (s) = 0.7886090278625488
RESTORATION
**************************************

[FRP] solve 4 of phase 21, thetak=1.613e-03, Delta=5.421e-04
[FRP] solve 4 outcome: theta+=1.252e-01 (thetak=1.613e-03), rhok=-7.598e+01 -> contract

**************************************
Iteration 97:
thetak = 0.0016133748096128471
objk = 17.341418555763507
trustRadius = 0.0005421010862427522
sampleRadius = 0.0005
stepNorm = 0.0009375333699495059
chi = 0.9824794251483033
Iteration time (s) = 0.9248955249786377
RESTORATION
**************************************

[FRP] solve 5 of phase 21, thetak=1.613e-03, Delta=5.000e-04
[FRP] solve 5 outcome: theta+=1.251e-01 (thetak=1.613e-03), rhok=-7.591e+01 -> contract

**************************************
Iteration 98:
thetak = 0.0016133748096128471
objk = 17.341418555763507
trustRadius = 0.0005
sampleRadius = 0.0005
stepNorm = 0.0012102806030371838
chi = 0.9824794251483033
Iteration time (s) = 0.8014407157897949
RESTORATION
**************************************

[FRP] solve 6 of phase 21, thetak=1.613e-03, Delta=5.000e-04
[FRP] solve 6 outcome: theta+=1.251e-01 (thetak=1.613e-03), rhok=-7.591e+01 -> contract

**************************************
Iteration 99:
thetak = 0.0016133748096128471
objk = 17.341418555763507
trustRadius = 0.0005
sampleRadius = 0.0005
stepNorm = 0.0012102806030371838
chi = 0.9824794251483033
Iteration time (s) = 0.9311747550964355
RESTORATION
**************************************

[FRP] solve 7 of phase 21, thetak=1.613e-03, Delta=5.000e-04
[FRP] solve 7 outcome: theta+=1.251e-01 (thetak=1.613e-03), rhok=-7.591e+01 -> contract

**************************************
Iteration 100:
thetak = 0.0016133748096128471
objk = 17.341418555763507
trustRadius = 0.0005
sampleRadius = 0.0005
stepNorm = 0.0012102806030371838
chi = 0.9824794251483033
Iteration time (s) = 0.9071941375732422
RESTORATION
**************************************

[FRP] solve 8 of phase 21, thetak=1.613e-03, Delta=5.000e-04
[FRP] solve 8 outcome: theta+=1.251e-01 (thetak=1.613e-03), rhok=-7.591e+01 -> contract

**************************************
Iteration 101:
thetak = 0.0016133748096128471
objk = 17.341418555763507
trustRadius = 0.0005
sampleRadius = 0.0005
stepNorm = 0.0012102806030371838
chi = 0.9824794251483033
Iteration time (s) = 0.8034353256225586
RESTORATION
**************************************

[FRP] solve 9 of phase 21, thetak=1.613e-03, Delta=5.000e-04
[FRP] solve 9 outcome: theta+=1.251e-01 (thetak=1.613e-03), rhok=-7.591e+01 -> contract

**************************************
Iteration 102:
thetak = 0.0016133748096128471
objk = 17.341418555763507
trustRadius = 0.0005
sampleRadius = 0.0005
stepNorm = 0.0012102806030371838
chi = 0.9824794251483033
Iteration time (s) = 0.931027889251709
RESTORATION
**************************************

[FRP] solve 10 of phase 21, thetak=1.613e-03, Delta=5.000e-04
[FRP] solve 10 outcome: theta+=1.251e-01 (thetak=1.613e-03), rhok=-7.591e+01 -> contract

**************************************
Iteration 103:
thetak = 0.0016133748096128471
objk = 17.341418555763507
trustRadius = 0.0005
sampleRadius = 0.0005
stepNorm = 0.0012102806030371838
chi = 0.9824794251483033
Iteration time (s) = 0.9142875671386719
RESTORATION
**************************************

EXIT: RESTORATION STATIONARY -- NOT FEASIBLE (10 consecutive restoration iterations, thetak=1.613e-03 >= ep_i=1.0e-03; theta over the restoration run: 1.613e-03 -> 1.613e-03)
0	42.037737027578	3.4754223139967735	100000000.0		0.8157479763031006	1.0	0.1	141.73133340856492	363.0531644027364
1	42.037737027578	3.4754223139967735	0.209291744798777		0.279268741607666	0.5	0.1	141.73172352555105	363.0531644027364
2	25.675815869959703	0.6228510992334748	0.1396432762522527		0.9257290363311768	1.0	0.05	130.0349675557427	504.78488792828745
3	24.615733817160393	0.3639182922687198	0.11157400101918594		1.016575813293457	0.5	0.05	130.03496657708106	374.7499203725448
4	15.685322602612455	0.9133145290536656	0.1448130315353494		0.819943904876709	1.0	0.05	286.7126402678748	504.78488694962584
5	15.685322602612455	0.9133145290536656	0.15828962855775963		0.8215086460113525	0.5	0.05	286.71387878978413	504.78488694962584
6	15.685322602612455	0.9133145290536656	0.15828962855775963		0.9373900890350342	0.25	0.05	264.54629133778434	504.78488694962584
7	11.219489265115435	9.88509086973601	0.2872931674897866		0.9350423812866211	1.0	0.05	264.5461664535077	240.23859561184156
8	11.219489265115435	9.88509086973601	0.2872933464477408		0.9183697700500488	0.5	0.05	264.5461664535801	240.23859561184156
9	11.219489265115435	9.88509086973601	0.2872933464477408		0.9369525909423828	0.25	0.05	117.7521223776589	240.23859561184156
10	0.8069414926710109	14.3479398205728	0.34787516906252014		0.8113672733306885	1.0	0.05	382.29829937703664	122.48647323418265
11	0.8069414926710109	14.3479398205728	0.3478751790680753		0.9314982891082764	0.5	0.05	314.99985735634357	122.48647323418265
12	0.8069414926710109	14.3479398205728	0.3478751790680753		0.9415168762207031	0.25	0.05	54.36959566998837	122.48647323418265
13	0.8265219530948626	16.14189493190301	0.36588879324197554		0.8154983520507812	0.5	0.05	314.99984433805605	68.11687756419428
14	0.8265219530948626	16.14189493190301	0.3658887984012355		0.9087541103363037	0.25	0.05	157.49998159326486	68.11687756419428
15	0.8265219530948626	16.14189493190301	0.3658887984012355		1.0580532550811768	0.125	0.05	28.719893559878642	68.11687756419428
16	0.38919733998888767	16.916850402409352	0.36082761622580706		0.8029096126556396	1.0	0.05	465.3877879732354	39.39698400431564
17	0.38919733998888767	16.916850402409352	0.36082761843648564		0.9046969413757324	0.5	0.05	314.99981792314003	39.39698400431564
18	0.38919733998888767	16.916850402409352	0.36082761843648564		0.8904755115509033	0.25	0.05	13.5664063935086	39.39698400431564
19	0.23151896544946748	17.36656441348481	0.3750839464960063		0.7838563919067383	1.0	0.05	478.9541968699056	25.83057761080704
20	0.23151896544946748	17.36656441348481	0.3750839474337841		0.9318201541900635	0.5	0.05	314.99972839313136	25.83057761080704
21	0.23151896544946748	17.36656441348481	0.3750839474337841		0.9064290523529053	0.25	0.05	5.64807677982742	25.83057761080704
22	0.2243614864234616	17.56893366067141	0.38617317202213647		0.8018674850463867	0.5	0.05	314.9997393957803	20.18250083097962
23	0.2243614864234616	17.56893366067141	0.3861731728207155		0.9035775661468506	0.25	0.05	157.49998314167271	20.18250083097962
24	0.2243614864234616	17.56893366067141	0.3861731728207155		0.9114153385162354	0.125	0.05	2.811183503900452	20.18250083097962
25	0.031848341014210295	17.666091505740642	0.3969527097189717		0.8948392868041992	1.0	0.05	487.41346848974877	17.37131732707917
26	0.031848341014210295	17.666091505740642	0.39695271007798755		0.9120934009552002	0.5	0.05	314.9997620472775	17.37131732707917
27	0.031848341014210295	17.666091505740642	0.39695271007798755		0.9069890975952148	0.25	0.05	3.381541574283915	17.37131732707917
28	0.07741990886607128	17.780594226022437	0.38041664105887996		0.9237082004547119	0.5	0.05	314.9998243427634	13.989775752795254
29	0.07741990886607128	17.780594226022437	0.380416641318654		0.9059550762176514	0.25	0.05	157.49998316101312	13.989775752795254
30	0.07741990886607128	17.780594226022437	0.380416641318654		0.9118201732635498	0.125	0.05	1.7622408073585802	13.989775752795254
31	0.03373197924605057	17.817673751532343	0.38804784482445515		0.8961784839630127	1.0	0.05	492.5572417990224	12.227534945436673
32	0.03373197924605057	17.817673751532343	0.38804784489714456		0.9049601554870605	0.5	0.05	314.99982909623463	12.227534945436673
33	0.03373197924605057	17.817673751532343	0.38804784489714456		0.9108037948608398	0.25	0.05	0.9550782971394369	12.227534945436673
34	0.03373197924605057	17.817673751532343	0.38804784489714456		0.9045064449310303	0.5	0.05	10.042226316205642	12.227534945436673
35	0.04482545092885948	18.079146086268114	0.3846129595116194		0.7953300476074219	0.25	0.05	157.49998352456333	6.8458715300271535
36	0.04482545092885948	18.079146086268114	0.38461296031392495		0.9061932563781738	0.125	0.05	96.2136963144836	6.8458715300271535
37	0.04482545092885948	18.079146086268114	0.38461296031392495		0.8927347660064697	0.0625	0.05	0.7017140232991324	6.8458715300271535
38	0.02511594436480066	18.096733281787863	0.38924364087361135		0.9011762142181396	1.0	0.05	501.897759937817	7.154115227622853
39	0.02511594436480066	18.096733281787863	0.3892436409069582		0.9026672840118408	0.5	0.05	314.9998274742908	7.154115227622853
40	0.02511594436480066	18.096733281787863	0.3892436409069582		0.9082925319671631	0.25	0.05	4.640091287937594	7.154115227622853
41	0.02511594436480066	18.096733281787863	0.3892436409069582		0.9163196086883545	0.5	0.05	4.845264479155617	7.154115227622853
42	0.02511594436480066	18.096733281787863	0.3892436409069582		0.8043382167816162	0.25	0.05	22.570791108645153	7.154115227622853
43	0.02511594436480066	18.096733281787863	0.3892436409069582		0.802180290222168	0.125	0.05	13.958977597182184	7.154115227622853
44	0.02511594436480066	18.096733281787863	0.3892436409069582		0.7997500896453857	0.0625	0.05	7.350210063413115	7.154115227622853
45	0.02511594436480066	18.096733281787863	0.409587436349376		0.9029645919799805	0.03125	0.015625	4.893792456473619	7.154115227622853
46	0.04117858386616613	17.481907609142567	0.38112161691379376		0.9184365272521973	0.078125	0.015625	91.02264709528059	2.2603227711492337
47	0.04117858386616613	17.481907609142567	0.3811216169031924		0.894934892654419	0.0390625	0.015625	84.09238490391361	2.2603227711492337
48	0.04117858386616613	17.481907609142567	0.3811216169031924		0.8947155475616455	0.01953125	0.015625	26.998697391473	2.2603227711492337
49	0.04117858386616613	17.481907609142567	0.3811216169031924		0.7904272079467773	0.09765625	0.015625	9.482035584925825	2.2603227711492337
50	0.04117858386616613	17.481907609142567	0.3811216169031924		0.7966859340667725	0.048828125	0.015625	3.481956843962095	2.2603227711492337
51	0.04117858386616613	17.481907609142567	0.3811216169031924		0.8990678787231445	0.0244140625	0.015625	1.4242517651350965	2.2603227711492337
52	0.04117858386616613	17.481907609142567	0.38278997467618464		0.802377462387085	0.01220703125	0.006103515625	0.1480515699630729	2.2603227711492337
53	0.013245701912772127	17.481939617529143	0.41062962543695075		0.9036190509796143	0.030517578125	0.006103515625	65.70829932380059	2.144568676669593
54	0.013245701912772127	17.481939617529143	0.4106296253876183		0.9221096038818359	0.0152587890625	0.006103515625	32.863394581717074	2.144568676669593
55	0.013245701912772127	17.481939617529143	0.4106296253876183		0.8843951225280762	0.00762939453125	0.006103515625	6.875378049842979	2.144568676669593
56	0.013245701912772127	17.481939617529143	0.4106296253876183		0.8281209468841553	0.03814697265625	0.006103515625	2.656746084726194	2.144568676669593
57	0.019286508880585116	17.240782115532888	0.46960121193872273		0.7947449684143066	0.095367431640625	0.006103515625	87.3891184148975	0.5121774080566013
58	0.019286508880585116	17.240782115532888	0.4696012118953475		0.8906257152557373	0.0476837158203125	0.006103515625	88.91101947981039	0.5121774080566013
59	0.019286508880585116	17.240782115532888	0.4696012118953475		0.9029521942138672	0.02384185791015625	0.006103515625	23.077505959551445	0.5121774080566013
60	0.019286508880585116	17.240782115532888	0.4696012118953475		0.8264186382293701	0.11920928955078125	0.006103515625	12.876660598822582	0.5121774080566013
61	0.019286508880585116	17.240782115532888	0.4696012118953475		0.7814936637878418	0.059604644775390625	0.006103515625	3.82916196655367	0.5121774080566013
62	0.019286508880585116	17.240782115532888	0.4696012118953475		0.8262794017791748	0.029802322387695312	0.006103515625	1.0231860634836494	0.5121774080566013
63	0.019286508880585116	17.240782115532888	0.4696012118953475		0.912198543548584	0.014901161193847656	0.006103515625	0.3112193203682736	0.5121774080566013
64	0.019286508880585116	17.240782115532888	0.4696012118953475		0.7987697124481201	0.007450580596923828	0.006103515625	0.3661957912518119	0.5121774080566013
65	0.022404476680985705	17.3199860265502	0.8062245207497443		0.8350751399993896	0.003725290298461914	0.001862645149230957	8.364550692135907	0.14598161680478938
66	0.022404476680985705	17.3199860265502	0.8062245205930528		0.8998463153839111	0.001862645149230957	0.001862645149230957	4.182405115459289	0.14598161680478938
67	0.022404476680985705	17.3199860265502	1.0000000075340927		0.8969407081604004	0.0009313225746154785	0.0005	0.3451801484306287	0.14598161680478938
68	0.022404476680985705	17.3199860265502	1.0000000075340927		0.8981595039367676	0.004656612873077393	0.0005	0.13666471371219302	0.14598161680478938
69	0.022923703366549517	17.3439038377871	0.9827543426148347		0.793480634689331	0.0023283064365386963	0.0005	5.016160436145924	0.025763905386497754
70	0.022923703366549517	17.3439038377871	0.9827543424086148		0.9342834949493408	0.0011641532182693481	0.0005	2.508131042729957	0.025763905386497754
71	0.022923703366549517	17.3439038377871	0.9827543424086148		0.9032487869262695	0.0005820766091346741	0.0005	0.20897235632136812	0.025763905386497754
72	0.022923703366549517	17.3439038377871	0.9827543424086148		0.7995960712432861	0.0029103830456733704	0.0005	0.044613512419928725	0.025763905386497754
73	0.022923703366549517	17.3439038377871	0.9827543424086148		0.9985237121582031	0.0014551915228366852	0.0005	0.015311698919305172	0.025763905386497754
74	0.009496977698677097	17.34227096097174	0.9825669513126087		0.7822034358978271	0.003637978807091713	0.0005	7.8375707286957805	0.010452206467192582
75	0.009496977698677097	17.34227096097174	0.9825669511315728		0.912656307220459	0.0018189894035458565	0.0005	3.918910777465456	0.010452206467192582
76	0.009496977698677097	17.34227096097174	0.9825669511315728		0.9003279209136963	0.0009094947017729282	0.0005	0.3198395228954354	0.010452206467192582
77	0.009496977698677097	17.34227096097174	0.9825669511315728		0.7905399799346924	0.004547473508864641	0.0005	0.12330518512770539	0.010452206467192582
78	0.009496977698677097	17.34227096097174	0.9825669511315728		0.8116519451141357	0.0022737367544323206	0.0005	0.024096458824686806	0.010452206467192582
79	0.009496977698677097	17.34227096097174	0.9825669511315728		0.9058413505554199	0.0011368683772161603	0.0005	0.005928342124690289	0.010452206467192582
80	0.004861257913530965	17.341925767489368	0.9825184944644529		0.9059879779815674	0.0028421709430404007	0.0005	6.123188545862604	0.004523864342502293
81	0.004861257913530965	17.341925767489368	0.9825184941576058		0.9132993221282959	0.0014210854715202004	0.0005	3.0616704381333903	0.004523864342502293
82	0.004861257913530965	17.341925767489368	0.9825184941576058		0.8955323696136475	0.0007105427357601002	0.0005	0.3139513338028763	0.004523864342502293
83	0.004861257913530965	17.341925767489368	0.9825184941576058		0.7870724201202393	0.003552713678800501	0.0005	0.07104913092894094	0.004523864342502293
84	0.004861257913530965	17.341925767489368	0.9825184941576058		0.934178352355957	0.0017763568394002505	0.0005	0.012215179666668519	0.004523864342502293
85	0.004861257913530965	17.341925767489368	0.9825184941576058		0.9086496829986572	0.0008881784197001252	0.0005	0.0029074617624189614	0.004523864342502293
86	0.0027518654523256783	17.341687829322048	0.9824958998253459		0.8068530559539795	0.002220446049250313	0.0005	4.7837935326384695	0.0016164025800833315
87	0.0027518654523256783	17.341687829322048	0.9824958997843981		0.8918030261993408	0.0011102230246251565	0.0005	2.3919429134806336	0.0016164025800833315
88	0.0027518654523256783	17.341687829322048	0.9824958997843981		0.9074249267578125	0.0005551115123125783	0.0005	0.18890010206952468	0.0016164025800833315
89	0.0027518654523256783	17.341687829322048	0.9824958997843981		0.9295432567596436	0.0027755575615628914	0.0005	0.03972695081424149	0.0016164025800833315
90	0.0027518654523256783	17.341687829322048	0.9824958997843981		0.7983529567718506	0.0013877787807814457	0.0005	0.005742883943050003	0.0016164025800833315
91	0.0027518654523256783	17.341687829322048	0.9824958997843981		0.7988319396972656	0.0006938893903907228	0.0005	0.0016164025800833315	0.0016164025800833315
92	0.0016133748096128471	17.341418555763507	0.9824794253148288		0.9161183834075928	0.001734723475976807	0.0005	3.73737053773678	0.0
93	0.0016133748096128471	17.341418555763507	0.9824794251483033		0.9023957252502441	0.0008673617379884035	0.0005	1.8687131137228619	0.0
94	0.0016133748096128471	17.341418555763507	0.9824794251483033		0.9115822315216064	0.0005	0.0005	0.1110936351562799	0.0
95	0.0016133748096128471	17.341418555763507	0.9824794251483033		0.8067626953125	0.002168404344971009	0.0005	0.021272327814372716	0.0
96	0.0016133748096128471	17.341418555763507	0.9824794251483033		0.7886090278625488	0.0010842021724855044	0.0005	0.002637449665719771	0.0
97	0.0016133748096128471	17.341418555763507	0.9824794251483033		0.9248955249786377	0.0005421010862427522	0.0005	0.0009375333699495059	0.0
98	0.0016133748096128471	17.341418555763507	0.9824794251483033		0.8014407157897949	0.0005	0.0005	0.0012102806030371838	0.0
99	0.0016133748096128471	17.341418555763507	0.9824794251483033		0.9311747550964355	0.0005	0.0005	0.0012102806030371838	0.0
100	0.0016133748096128471	17.341418555763507	0.9824794251483033		0.9071941375732422	0.0005	0.0005	0.0012102806030371838	0.0
101	0.0016133748096128471	17.341418555763507	0.9824794251483033		0.8034353256225586	0.0005	0.0005	0.0012102806030371838	0.0
102	0.0016133748096128471	17.341418555763507	0.9824794251483033		0.931027889251709	0.0005	0.0005	0.0012102806030371838	0.0
103	0.0016133748096128471	17.341418555763507	0.9824794251483033		0.9142875671386719	0.0005	0.0005	0.0012102806030371838	0.0
104	0.0016133748096128471	17.341418555763507	0.9824794251483033		1.06422758102417	0.0005	0.0005	None	0.0

========== Optimization Summary ==========
Total Time (s): 91.725495
Total Iterations: 104
==========================================


========== RUN SUMMARY ==========
Iterations            : 104
Problem size          : 51 variables  (x|y|z = 4|7|40)
    x = black-box inputs | y = black-box outputs | z = remaining
Black-box blocks      : 2  (outputs per block: block1=3, block2=4)
Constraints           : 39  (equality 36 | inequality 3)
Wall time (s)         : 92.370
CPU time (s)          : 16.891   (process_time)
External BB evaluations (true black-box callback calls):
    block1      : 362
    block2      : 381
    TOTAL       : 743
    (evaluateDx sweeps: 208)
BB cache              : 2085 hits / 2828 requests (73.7% hit rate); 743 true evaluations
System:
  OS              : Windows-11-10.0.26200-SP0
  Processor       : Intel64 Family 6 Model 140 Stepping 1, GenuineIntel
  Architecture    : AMD64
  Python          : 3.12.12
  CPU cores       : 8 logical, 4 physical
  RAM             : 15.7 GB
  numpy / pyomo   : 2.4.2 / 6.10.1.a0 (VOTD)
=================================

======================================================================
POST-SOLVE ECONOMICS AND BALANCE CHECK
======================================================================
  CH4_produced_kg_yr: 2898344.960428663
  CH4_into_PSA_mol_s: 6.336315709149206
  CH4_PSA_output_mol_s: 0.4587726774809958
  PSA_CH4_recovery: 0.07240369617608534
  H2_electrolyser_mol_s: 92.05091429498619
  SOEL_kW: 24844.54176821677
  H2_to_CH4_stoich_ratio: 3.6318784653545184
  PSA_CH4_balance_gap: 0.9275963142066016
  CAPEX_total_USD: 118182723.00769575
  CAPEX_annualised_USD_yr: 7485870.220092616
  OPEX_avg_USD_yr: 42775542.85768862
  TAC_USD_yr: 50261413.07778124
  LCOCH4_PSA_output_basis_USD_kg: 239.51012823418955
  LCOCH4_USD_kg: 17.341418555763497
  LCOCH4_with_H2_credit_USD_kg: 3.7550754820450507
  CAPEX_share: {'SOEL': 0.8829300321648168, 'DFM': 0.06417433364897014, 'COMP': 0.025026066369063658, 'GC': 0.002496633455007406, 'PSA': 0.023553754110488562, 'FURNACE': 0.0018191802516534965}
  OPEX_share: {'SOEL': 0.7753188330882246, 'DFM': 0.12499501775422207, 'COMP': 0.04157585278032255, 'GC': 0.004147662019314768, 'PSA': 0.04083730291083036, 'FURNACE': 0.013125331447085666}
  H2_balance_rel_err: 0.05770504345627781
  C_unaccounted_frac: 0.022495062335218977
  reactor_per_cycle_mmol: {'CO2_in': 3.6389477588402075, 'CH4_out': 3.1737824405664274, 'H2_out': 91.00649280368226, 'CO2_out': 0.3833069616040642, 'H2_fed': 110.05218890942483}
ECONOMICS_DICT {"CH4_produced_kg_yr": 2898344.960428663, "CH4_into_PSA_mol_s": 6.336315709149206, "CH4_PSA_output_mol_s": 0.4587726774809958, "PSA_CH4_recovery": 0.07240369617608534, "H2_electrolyser_mol_s": 92.05091429498619, "SOEL_kW": 24844.54176821677, "H2_to_CH4_stoich_ratio": 3.6318784653545184, "PSA_CH4_balance_gap": 0.9275963142066016, "CAPEX_total_USD": 118182723.00769575, "CAPEX_annualised_USD_yr": 7485870.220092616, "OPEX_avg_USD_yr": 42775542.85768862, "TAC_USD_yr": 50261413.07778124, "LCOCH4_PSA_output_basis_USD_kg": 239.51012823418955, "LCOCH4_USD_kg": 17.341418555763497, "LCOCH4_with_H2_credit_USD_kg": 3.7550754820450507, "CAPEX_share": {"SOEL": 0.8829300321648168, "DFM": 0.06417433364897014, "COMP": 0.025026066369063658, "GC": 0.002496633455007406, "PSA": 0.023553754110488562, "FURNACE": 0.0018191802516534965}, "OPEX_share": {"SOEL": 0.7753188330882246, "DFM": 0.12499501775422207, "COMP": 0.04157585278032255, "GC": 0.004147662019314768, "PSA": 0.04083730291083036, "FURNACE": 0.013125331447085666}, "H2_balance_rel_err": 0.05770504345627781, "C_unaccounted_frac": 0.022495062335218977, "reactor_per_cycle_mmol": {"CO2_in": 3.6389477588402075, "CH4_out": 3.1737824405664274, "H2_out": 91.00649280368226, "CO2_out": 0.3833069616040642, "H2_fed": 110.05218890942483}}
