[flowsheet] cache: 1695 reactor and 1479 PSA evaluation(s) loaded
[flowsheet] initialised 44 variable(s) from x0_best_hvR1.json
[gjh] using: <repo>\atrfu\gjh.exe
========== A-TRFu SOLVER ==========
Globalization strategy: 1 (Funnel)
Hypervolume sampling  : multiple_black_boxes=1
Restoration strategy  : 2 (R2 relaxed (entry reset + rho radius))
Problem size          : 51 variables  (x|y|z = 4|7|40);  2 black-box block(s)
    x = black-box inputs | y = black-box outputs | z = remaining
Constraints           : 39  (equality 36 | inequality 3)
Tolerances            : ep_i=1.0e-03, ep_chi=1.0e-03, ep_delta=1.0e-03, max_it=1000
===================================


**************************************
Iteration 0:
thetak = 42.037737027578
objk = 3.4754223139967735
trustRadius = 1.0
sampleRadius = 0.1
stepNorm = 141.73133340856492
chi = 100000000.0
Iteration time (s) = 0.7986087799072266
step rejected
**************************************


**************************************
Iteration 1:
thetak = 42.037737027578
objk = 3.4754223139967735
trustRadius = 0.5
sampleRadius = 0.1
stepNorm = 141.73172352555105
chi = 0.209291744798777
Iteration time (s) = 0.27382349967956543
theta-type step
**************************************


**************************************
Iteration 2:
thetak = 25.675815869959703
objk = 0.6228510992334748
trustRadius = 1.0
sampleRadius = 0.05
stepNorm = 130.0349675557427
chi = 0.1396432762522527
Iteration time (s) = 0.9632771015167236
theta-type step
**************************************


**************************************
Iteration 3:
thetak = 24.615733817160393
objk = 0.3639182922687198
trustRadius = 0.5
sampleRadius = 0.05
stepNorm = 130.03496657708106
chi = 0.11157400101918594
Iteration time (s) = 0.9137475490570068
theta-type step
**************************************


**************************************
Iteration 4:
thetak = 15.685322602612455
objk = 0.9133145290536656
trustRadius = 1.0
sampleRadius = 0.05
stepNorm = 286.7126402678748
chi = 0.1448130315353494
Iteration time (s) = 0.9114174842834473
step rejected
**************************************


**************************************
Iteration 5:
thetak = 15.685322602612455
objk = 0.9133145290536656
trustRadius = 0.5
sampleRadius = 0.025
stepNorm = 290.21233002234317
chi = 0.1648168747263316
Iteration time (s) = 0.9057967662811279
step rejected
**************************************

[FRP] entering restoration phase 1: Delta 2.500e-01 -> 1.000e+00 (gamma_e * accepted_radius=1.000e+00, CLAMPED at radius_max), thetak=1.569e+01
[FRP] solve 1 of phase 1, thetak=1.569e+01, Delta=1.000e+00 (at radius_max)
[FRP] solve 1 outcome: theta+=1.105e+01 (thetak=1.569e+01), rhok=2.959e-01 -> expand

**************************************
Iteration 6:
thetak = 15.685322602612455
objk = 0.9133145290536656
trustRadius = 0.25
sampleRadius = 0.0125
stepNorm = 264.9222981183568
chi = 0.1666942144698101
Iteration time (s) = 0.8477721214294434
theta-type step
**************************************


**************************************
Iteration 7:
thetak = 11.045193900561856
objk = 10.310446146413016
trustRadius = 1.0
sampleRadius = 0.0125
stepNorm = 264.9221707280526
chi = 0.3004369073052547
Iteration time (s) = 0.8193953037261963
step rejected
**************************************


**************************************
Iteration 8:
thetak = 11.045193900561856
objk = 10.310446146413016
trustRadius = 0.5
sampleRadius = 0.00625
stepNorm = 264.9221701737789
chi = 0.28655279266650363
Iteration time (s) = 0.9044909477233887
step rejected
**************************************

[FRP] entering restoration phase 2: Delta 2.500e-01 -> 1.000e+00 (gamma_e * accepted_radius=1.000e+00, CLAMPED at radius_max), thetak=1.105e+01
[FRP] solve 1 of phase 2, thetak=1.105e+01, Delta=1.000e+00 (at radius_max)
[FRP] solve 1 outcome: theta+=4.916e-01 (thetak=1.105e+01), rhok=9.556e-01 -> expand

**************************************
Iteration 9:
thetak = 11.045193900561856
objk = 10.310446146413016
trustRadius = 0.25
sampleRadius = 0.003125
stepNorm = 116.74233211066189
chi = 0.3433870326577891
Iteration time (s) = 1.006894588470459
theta-type step
**************************************


**************************************
Iteration 10:
thetak = 0.49164271080385924
objk = 14.595513254711292
trustRadius = 1.0
sampleRadius = 0.004687500000000001
stepNorm = 381.66452536561746
chi = 0.39465325010816343
Iteration time (s) = 0.9278368949890137
step rejected
**************************************


**************************************
Iteration 11:
thetak = 0.49164271080385924
objk = 14.595513254711292
trustRadius = 0.5
sampleRadius = 0.0023437500000000003
stepNorm = 314.99987633210804
chi = 0.384171103309694
Iteration time (s) = 0.9058055877685547
step rejected
**************************************

[FRP] entering restoration phase 3: Delta 2.500e-01 -> 1.000e+00 (gamma_e * accepted_radius=1.000e+00, CLAMPED at radius_max), thetak=4.916e-01
[FRP] solve 1 of phase 3, thetak=4.916e-01, Delta=1.000e+00 (at radius_max)
[FRP] solve 1 outcome: theta+=9.690e-01 (thetak=4.916e-01), rhok=-9.690e-01 -> contract

**************************************
Iteration 12:
thetak = 0.49164271080385924
objk = 14.595513254711292
trustRadius = 0.25
sampleRadius = 0.0011718750000000002
stepNorm = 54.637766917934414
chi = 0.34130871855339573
Iteration time (s) = 0.9671375751495361
theta-type step
**************************************


**************************************
Iteration 13:
thetak = 0.9690471770785513
objk = 17.24465890893516
trustRadius = 0.5
sampleRadius = 0.0011718750000000002
stepNorm = 314.99984074965704
chi = 0.36931786966069385
Iteration time (s) = 0.9624776840209961
step rejected
**************************************


**************************************
Iteration 14:
thetak = 0.9690471770785513
objk = 17.24465890893516
trustRadius = 0.25
sampleRadius = 0.0005859375000000001
stepNorm = 157.4999865429432
chi = 0.5027598054401903
Iteration time (s) = 0.9376387596130371
step rejected
**************************************

[FRP] entering restoration phase 4: Delta 1.250e-01 -> 1.000e+00 (gamma_e * accepted_radius=5.000e-01, CLAMPED at radius_max), thetak=9.690e-01
[FRP] solve 1 of phase 4, thetak=9.690e-01, Delta=1.000e+00 (at radius_max)
[FRP] solve 1 outcome: theta+=7.381e-01 (thetak=9.690e-01), rhok=2.394e-01 -> expand

**************************************
Iteration 15:
thetak = 0.9690471770785513
objk = 17.24465890893516
trustRadius = 0.125
sampleRadius = 0.0005859375000000001
stepNorm = 19.76915833814246
chi = 0.5027598054401903
Iteration time (s) = 0.9020259380340576
f-type step
**************************************


**************************************
Iteration 16:
thetak = 0.7380931703402674
objk = 16.714125565236635
trustRadius = 1.0
sampleRadius = 0.0005859375000000001
stepNorm = 456.07135845007156
chi = 0.8855695170216621
Iteration time (s) = 0.785698413848877
step rejected
**************************************


**************************************
Iteration 17:
thetak = 0.7380931703402674
objk = 16.714125565236635
trustRadius = 0.5
sampleRadius = 0.0005
stepNorm = 314.99986913011526
chi = 0.9230677980967341
Iteration time (s) = 0.9162523746490479
step rejected
**************************************

[FRP] entering restoration phase 5: Delta 2.500e-01 -> 1.000e+00 (gamma_e * accepted_radius=1.000e+00, CLAMPED at radius_max), thetak=7.381e-01
[FRP] solve 1 of phase 5, thetak=7.381e-01, Delta=1.000e+00 (at radius_max)
[FRP] solve 1 outcome: theta+=3.270e+00 (thetak=7.381e-01), rhok=-3.429e+00 -> contract

**************************************
Iteration 18:
thetak = 0.7380931703402674
objk = 16.714125565236635
trustRadius = 0.25
sampleRadius = 0.0005
stepNorm = 11.953078549449515
chi = 0.9230677980967341
Iteration time (s) = 0.8833329677581787
theta-type step
**************************************


**************************************
Iteration 19:
thetak = 3.2697478072881774
objk = 19.504684663522184
trustRadius = 0.5
sampleRadius = 0.0005
stepNorm = 314.9996099813013
chi = 0.6619756841399199
Iteration time (s) = 0.9259190559387207
step rejected
**************************************


**************************************
Iteration 20:
thetak = 3.2697478072881774
objk = 19.504684663522184
trustRadius = 0.25
sampleRadius = 0.0005
stepNorm = 157.49998360127097
chi = 0.6619756846217967
Iteration time (s) = 0.9353597164154053
step rejected
**************************************

[FRP] entering restoration phase 6: Delta 1.250e-01 -> 1.000e+00 (gamma_e * accepted_radius=5.000e-01, CLAMPED at radius_max), thetak=3.270e+00
[FRP] solve 1 of phase 6, thetak=3.270e+00, Delta=1.000e+00 (at radius_max)
[FRP] solve 1 outcome: theta+=4.533e+00 (thetak=3.270e+00), rhok=-3.860e-01 -> contract

**************************************
Iteration 21:
thetak = 3.2697478072881774
objk = 19.504684663522184
trustRadius = 0.125
sampleRadius = 0.0005
stepNorm = 34.96723804037151
chi = 0.6619756846217967
Iteration time (s) = 0.9005298614501953
RESTORATION
**************************************

[FRP] solve 2 of phase 6, thetak=3.270e+00, Delta=5.000e-01
[FRP] solve 2 outcome: theta+=2.500e+00 (thetak=3.270e+00), rhok=2.358e-01 -> expand

**************************************
Iteration 22:
thetak = 3.2697478072881774
objk = 19.504684663522184
trustRadius = 0.5
sampleRadius = 0.0005
stepNorm = 19.798908801539596
chi = 0.6619756846217967
Iteration time (s) = 0.8170120716094971
f-type step
**************************************


**************************************
Iteration 23:
thetak = 2.4996554698173052
objk = 15.741882719177353
trustRadius = 1.0
sampleRadius = 0.0005
stepNorm = 448.22557171092774
chi = 0.5769912481245756
Iteration time (s) = 0.9179153442382812
step rejected
**************************************


**************************************
Iteration 24:
thetak = 2.4996554698173052
objk = 15.741882719177353
trustRadius = 0.5
sampleRadius = 0.0005
stepNorm = 314.9999385114789
chi = 0.5769912467913746
Iteration time (s) = 0.9076530933380127
step rejected
**************************************

[FRP] entering restoration phase 7: Delta 2.500e-01 -> 1.000e+00 (gamma_e * accepted_radius=1.000e+00, CLAMPED at radius_max), thetak=2.500e+00
[FRP] solve 1 of phase 7, thetak=2.500e+00, Delta=1.000e+00 (at radius_max)
[FRP] solve 1 outcome: theta+=1.613e+00 (thetak=2.500e+00), rhok=3.552e-01 -> expand

**************************************
Iteration 25:
thetak = 2.4996554698173052
objk = 15.741882719177353
trustRadius = 0.25
sampleRadius = 0.0005
stepNorm = 21.56594357083202
chi = 0.5769912467913746
Iteration time (s) = 0.9009532928466797
theta-type step
**************************************


**************************************
Iteration 26:
thetak = 1.6126637577207965
objk = 17.682839953067806
trustRadius = 1.0
sampleRadius = 0.0005
stepNorm = 160.20829337527425
chi = 0.4316930645952149
Iteration time (s) = 0.8009707927703857
step rejected
**************************************


**************************************
Iteration 27:
thetak = 1.6126637577207965
objk = 17.682839953067806
trustRadius = 0.5
sampleRadius = 0.0005
stepNorm = 160.2082932742045
chi = 0.43169306900585996
Iteration time (s) = 0.8952453136444092
step rejected
**************************************

[FRP] entering restoration phase 8: Delta 2.500e-01 -> 1.000e+00 (gamma_e * accepted_radius=1.000e+00, CLAMPED at radius_max), thetak=1.613e+00
[FRP] solve 1 of phase 8, thetak=1.613e+00, Delta=1.000e+00 (at radius_max)
[FRP] solve 1 outcome: theta+=4.796e+00 (thetak=1.613e+00), rhok=-1.973e+00 -> contract

**************************************
Iteration 28:
thetak = 1.6126637577207965
objk = 17.682839953067806
trustRadius = 0.25
sampleRadius = 0.0005
stepNorm = 35.5678009294968
chi = 0.43169306900585996
Iteration time (s) = 0.8992428779602051
RESTORATION
**************************************

[FRP] solve 2 of phase 8, thetak=1.613e+00, Delta=5.000e-01
[FRP] solve 2 outcome: theta+=5.509e+00 (thetak=1.613e+00), rhok=-2.415e+00 -> contract

**************************************
Iteration 29:
thetak = 1.6126637577207965
objk = 17.682839953067806
trustRadius = 0.5
sampleRadius = 0.0005
stepNorm = 41.809343927139594
chi = 0.43169306900585996
Iteration time (s) = 0.7795305252075195
RESTORATION
**************************************

[FRP] solve 3 of phase 8, thetak=1.613e+00, Delta=2.500e-01
[FRP] solve 3 outcome: theta+=5.377e+00 (thetak=1.613e+00), rhok=-2.334e+00 -> contract

**************************************
Iteration 30:
thetak = 1.6126637577207965
objk = 17.682839953067806
trustRadius = 0.25
sampleRadius = 0.0005
stepNorm = 51.86839838018818
chi = 0.43169306900585996
Iteration time (s) = 0.7909002304077148
RESTORATION
**************************************

[FRP] solve 4 of phase 8, thetak=1.613e+00, Delta=1.250e-01
[FRP] solve 4 outcome: theta+=1.987e+00 (thetak=1.613e+00), rhok=-2.316e-01 -> contract

**************************************
Iteration 31:
thetak = 1.6126637577207965
objk = 17.682839953067806
trustRadius = 0.125
sampleRadius = 0.0005
stepNorm = 20.459263994039816
chi = 0.43169306900585996
Iteration time (s) = 0.8222291469573975
f-type step
**************************************


**************************************
Iteration 32:
thetak = 1.987089216167051
objk = 17.401002356632755
trustRadius = 0.3125
sampleRadius = 0.0005
stepNorm = 139.74903028906635
chi = 0.3717239308367718
Iteration time (s) = 0.7944154739379883
step rejected
**************************************


**************************************
Iteration 33:
thetak = 1.987089216167051
objk = 17.401002356632755
trustRadius = 0.15625
sampleRadius = 0.0005
stepNorm = 111.97052470355382
chi = 0.3717239309125607
Iteration time (s) = 0.9079535007476807
step rejected
**************************************

[FRP] entering restoration phase 9: Delta 7.812e-02 -> 7.812e-01 (gamma_e * accepted_radius=3.125e-01), thetak=1.987e+00
[FRP] solve 1 of phase 9, thetak=1.987e+00, Delta=7.812e-01
[FRP] solve 1 outcome: theta+=1.007e+00 (thetak=1.987e+00), rhok=4.935e-01 -> expand

**************************************
Iteration 34:
thetak = 1.987089216167051
objk = 17.401002356632755
trustRadius = 0.078125
sampleRadius = 0.0005
stepNorm = 21.5787081053345
chi = 0.3717239309125607
Iteration time (s) = 0.9596266746520996
theta-type step
**************************************


**************************************
Iteration 35:
thetak = 1.0073629941089877
objk = 17.878620046211527
trustRadius = 1.0
sampleRadius = 0.0005
stepNorm = 370.5133906003026
chi = 1.000000007493697
Iteration time (s) = 0.9139723777770996
step rejected
**************************************


**************************************
Iteration 36:
thetak = 1.0073629941089877
objk = 17.878620046211527
trustRadius = 0.5
sampleRadius = 0.0005
stepNorm = 314.99988479641536
chi = 1.000000007493697
Iteration time (s) = 0.9097580909729004
step rejected
**************************************

[FRP] entering restoration phase 10: Delta 2.500e-01 -> 1.000e+00 (gamma_e * accepted_radius=1.000e+00, CLAMPED at radius_max), thetak=1.007e+00
[FRP] solve 1 of phase 10, thetak=1.007e+00, Delta=1.000e+00 (at radius_max)
[FRP] solve 1 outcome: theta+=1.336e+01 (thetak=1.007e+00), rhok=-1.226e+01 -> contract

**************************************
Iteration 37:
thetak = 1.0073629941089877
objk = 17.878620046211527
trustRadius = 0.25
sampleRadius = 0.0005
stepNorm = 27.81072853236867
chi = 1.000000007493697
Iteration time (s) = 0.8983445167541504
RESTORATION
**************************************

[FRP] solve 2 of phase 10, thetak=1.007e+00, Delta=5.000e-01
[FRP] solve 2 outcome: theta+=1.220e+01 (thetak=1.007e+00), rhok=-1.111e+01 -> contract

**************************************
Iteration 38:
thetak = 1.0073629941089877
objk = 17.878620046211527
trustRadius = 0.5
sampleRadius = 0.0005
stepNorm = 20.68513771820949
chi = 1.000000007493697
Iteration time (s) = 0.7908844947814941
RESTORATION
**************************************

[FRP] solve 3 of phase 10, thetak=1.007e+00, Delta=2.500e-01
[FRP] solve 3 outcome: theta+=1.048e+01 (thetak=1.007e+00), rhok=-9.403e+00 -> contract

**************************************
Iteration 39:
thetak = 1.0073629941089877
objk = 17.878620046211527
trustRadius = 0.25
sampleRadius = 0.0005
stepNorm = 9.196322250022945
chi = 1.000000007493697
Iteration time (s) = 0.9081754684448242
RESTORATION
**************************************

[FRP] solve 4 of phase 10, thetak=1.007e+00, Delta=1.250e-01
[FRP] solve 4 outcome: theta+=1.020e+01 (thetak=1.007e+00), rhok=-9.126e+00 -> contract

**************************************
Iteration 40:
thetak = 1.0073629941089877
objk = 17.878620046211527
trustRadius = 0.125
sampleRadius = 0.0005
stepNorm = 8.439626692653817
chi = 1.000000007493697
Iteration time (s) = 0.912351131439209
RESTORATION
**************************************

[FRP] solve 5 of phase 10, thetak=1.007e+00, Delta=6.250e-02
[FRP] solve 5 outcome: theta+=8.071e+00 (thetak=1.007e+00), rhok=-7.011e+00 -> contract

**************************************
Iteration 41:
thetak = 1.0073629941089877
objk = 17.878620046211527
trustRadius = 0.0625
sampleRadius = 0.0005
stepNorm = 7.898607998466417
chi = 1.000000007493697
Iteration time (s) = 0.8069112300872803
RESTORATION
**************************************

[FRP] solve 6 of phase 10, thetak=1.007e+00, Delta=3.125e-02
[FRP] solve 6 outcome: theta+=3.165e+00 (thetak=1.007e+00), rhok=-2.141e+00 -> contract

**************************************
Iteration 42:
thetak = 1.0073629941089877
objk = 17.878620046211527
trustRadius = 0.03125
sampleRadius = 0.0005
stepNorm = 4.952012521680089
chi = 1.000000007493697
Iteration time (s) = 0.7996869087219238
RESTORATION
**************************************

[FRP] solve 7 of phase 10, thetak=1.007e+00, Delta=1.562e-02
[FRP] solve 7 outcome: theta+=7.279e-01 (thetak=1.007e+00), rhok=2.784e-01 -> expand

**************************************
Iteration 43:
thetak = 1.0073629941089877
objk = 17.878620046211527
trustRadius = 0.015625
sampleRadius = 0.0005
stepNorm = 1.6866407295072037
chi = 1.000000007493697
Iteration time (s) = 0.8174598217010498
theta-type step
**************************************


**************************************
Iteration 44:
thetak = 0.7278803530146466
objk = 18.239535852257305
trustRadius = 0.0390625
sampleRadius = 0.0005
stepNorm = 84.13241943546043
chi = 0.8189252347137095
Iteration time (s) = 0.9049139022827148
relax-theta-type step
**************************************


**************************************
Iteration 45:
thetak = 1.4420877032923578
objk = 6.258088472000677
trustRadius = 0.01953125
sampleRadius = 0.0005
stepNorm = 14.575072571177913
chi = 0.3184382724999401
Iteration time (s) = 0.9067590236663818
step rejected
**************************************


**************************************
Iteration 46:
thetak = 1.4420877032923578
objk = 6.258088472000677
trustRadius = 0.009765625
sampleRadius = 0.0005
stepNorm = 12.882376244889969
chi = 0.3184382739151884
Iteration time (s) = 0.9415748119354248
f-type step
**************************************


**************************************
Iteration 47:
thetak = 1.107732056063504
objk = 4.64973036903547
trustRadius = 0.0244140625
sampleRadius = 0.0005
stepNorm = 15.380827620491573
chi = 0.29116780066480397
Iteration time (s) = 0.9321155548095703
step rejected
**************************************


**************************************
Iteration 48:
thetak = 1.107732056063504
objk = 4.64973036903547
trustRadius = 0.01220703125
sampleRadius = 0.0005
stepNorm = 7.69039993274896
chi = 0.2911677269860513
Iteration time (s) = 0.8891377449035645
f-type step
**************************************


**************************************
Iteration 49:
thetak = 1.3371734384109046
objk = 4.066834931275584
trustRadius = 0.030517578125
sampleRadius = 0.0005
stepNorm = 18.51845125066101
chi = 0.1424344014869161
Iteration time (s) = 0.92124342918396
step rejected
**************************************


**************************************
Iteration 50:
thetak = 1.3371734384109046
objk = 4.066834931275584
trustRadius = 0.0152587890625
sampleRadius = 0.0005
stepNorm = 10.687219974629038
chi = 0.14243439945946934
Iteration time (s) = 0.9010426998138428
step rejected
**************************************

[FRP] entering restoration phase 11: Delta 7.629e-03 -> 7.629e-02 (gamma_e * accepted_radius=3.052e-02), thetak=1.337e+00
[FRP] solve 1 of phase 11, thetak=1.337e+00, Delta=7.629e-02
[FRP] solve 1 outcome: theta+=1.341e+01 (thetak=1.337e+00), rhok=-9.029e+00 -> contract

**************************************
Iteration 51:
thetak = 1.3371734384109046
objk = 4.066834931275584
trustRadius = 0.00762939453125
sampleRadius = 0.0005
stepNorm = 78.34790604493864
chi = 0.14243439945946934
Iteration time (s) = 0.9022886753082275
RESTORATION
**************************************

[FRP] solve 2 of phase 11, thetak=1.337e+00, Delta=3.815e-02
[FRP] solve 2 outcome: theta+=6.660e+00 (thetak=1.337e+00), rhok=-3.980e+00 -> contract

**************************************
Iteration 52:
thetak = 1.3371734384109046
objk = 4.066834931275584
trustRadius = 0.03814697265625
sampleRadius = 0.0005
stepNorm = 49.736463500641506
chi = 0.14243439945946934
Iteration time (s) = 0.8060207366943359
RESTORATION
**************************************

[FRP] solve 3 of phase 11, thetak=1.337e+00, Delta=1.907e-02
[FRP] solve 3 outcome: theta+=2.170e+00 (thetak=1.337e+00), rhok=-6.221e-01 -> contract

**************************************
Iteration 53:
thetak = 1.3371734384109046
objk = 4.066834931275584
trustRadius = 0.019073486328125
sampleRadius = 0.0005
stepNorm = 26.0425883948553
chi = 0.14243439945946934
Iteration time (s) = 0.9055924415588379
RESTORATION
**************************************

[FRP] solve 4 of phase 11, thetak=1.337e+00, Delta=9.537e-03
[FRP] solve 4 outcome: theta+=1.147e+00 (thetak=1.337e+00), rhok=1.429e-01 -> maintain

**************************************
Iteration 54:
thetak = 1.3371734384109046
objk = 4.066834931275584
trustRadius = 0.0095367431640625
sampleRadius = 0.0005
stepNorm = 12.923111824175294
chi = 0.14243439945946934
Iteration time (s) = 0.812241792678833
RESTORATION
**************************************

[FRP] solve 5 of phase 11, thetak=1.337e+00, Delta=9.537e-03
[FRP] solve 5 outcome: theta+=1.147e+00 (thetak=1.337e+00), rhok=1.429e-01 -> maintain

**************************************
Iteration 55:
thetak = 1.3371734384109046
objk = 4.066834931275584
trustRadius = 0.0095367431640625
sampleRadius = 0.0005
stepNorm = 12.923111824175294
chi = 0.14243439945946934
Iteration time (s) = 0.9150612354278564
RESTORATION
**************************************

[FRP] solve 6 of phase 11, thetak=1.337e+00, Delta=9.537e-03
[FRP] solve 6 outcome: theta+=1.147e+00 (thetak=1.337e+00), rhok=1.429e-01 -> maintain

**************************************
Iteration 56:
thetak = 1.3371734384109046
objk = 4.066834931275584
trustRadius = 0.0095367431640625
sampleRadius = 0.0005
stepNorm = 12.923111824175294
chi = 0.14243439945946934
Iteration time (s) = 0.8085665702819824
RESTORATION
**************************************

[FRP] solve 7 of phase 11, thetak=1.337e+00, Delta=9.537e-03
[FRP] solve 7 outcome: theta+=1.147e+00 (thetak=1.337e+00), rhok=1.429e-01 -> maintain

**************************************
Iteration 57:
thetak = 1.3371734384109046
objk = 4.066834931275584
trustRadius = 0.0095367431640625
sampleRadius = 0.0005
stepNorm = 12.923111824175294
chi = 0.14243439945946934
Iteration time (s) = 0.8166368007659912
RESTORATION
**************************************

[FRP] solve 8 of phase 11, thetak=1.337e+00, Delta=9.537e-03
[FRP] solve 8 outcome: theta+=1.147e+00 (thetak=1.337e+00), rhok=1.429e-01 -> maintain

**************************************
Iteration 58:
thetak = 1.3371734384109046
objk = 4.066834931275584
trustRadius = 0.0095367431640625
sampleRadius = 0.0005
stepNorm = 12.923111824175294
chi = 0.14243439945946934
Iteration time (s) = 0.8004639148712158
RESTORATION
**************************************

[FRP] solve 9 of phase 11, thetak=1.337e+00, Delta=9.537e-03
[FRP] solve 9 outcome: theta+=1.147e+00 (thetak=1.337e+00), rhok=1.429e-01 -> maintain

**************************************
Iteration 59:
thetak = 1.3371734384109046
objk = 4.066834931275584
trustRadius = 0.0095367431640625
sampleRadius = 0.0005
stepNorm = 12.923111824175294
chi = 0.14243439945946934
Iteration time (s) = 0.8072247505187988
RESTORATION
**************************************

[FRP] solve 10 of phase 11, thetak=1.337e+00, Delta=9.537e-03
[FRP] solve 10 outcome: theta+=1.147e+00 (thetak=1.337e+00), rhok=1.429e-01 -> maintain

**************************************
Iteration 60:
thetak = 1.3371734384109046
objk = 4.066834931275584
trustRadius = 0.0095367431640625
sampleRadius = 0.0005
stepNorm = 12.923111824175294
chi = 0.14243439945946934
Iteration time (s) = 0.9262228012084961
RESTORATION
**************************************

EXIT: RESTORATION STATIONARY -- NOT FEASIBLE (10 consecutive restoration iterations, thetak=1.337e+00 >= ep_i=1.0e-03; theta over the restoration run: 1.337e+00 -> 1.337e+00)
0	42.037737027578	3.4754223139967735	100000000.0		0.7986087799072266	1.0	0.1	141.73133340856492	343.37254354767794
1	42.037737027578	3.4754223139967735	0.209291744798777		0.27382349967956543	0.5	0.1	141.73172352555105	343.37254354767794
2	25.675815869959703	0.6228510992334748	0.1396432762522527		0.9632771015167236	1.0	0.05	130.0349675557427	485.104267073229
3	24.615733817160393	0.3639182922687198	0.11157400101918594		0.9137475490570068	0.5	0.05	130.03496657708106	355.06929951748634
4	15.685322602612455	0.9133145290536656	0.1448130315353494		0.9114174842834473	1.0	0.05	286.7126402678748	485.1042660945674
5	15.685322602612455	0.9133145290536656	0.1648168747263316		0.9057967662811279	0.5	0.025	290.21233002234317	485.1042660945674
6	15.685322602612455	0.9133145290536656	0.1666942144698101		0.8477721214294434	0.25	0.0125	264.9222981183568	485.1042660945674
7	11.045193900561856	10.310446146413016	0.3004369073052547		0.8193953037261963	1.0	0.0125	264.9221707280526	220.18196797621056
8	11.045193900561856	10.310446146413016	0.28655279266650363		0.9044909477233887	0.5	0.00625	264.9221701737789	220.18196797621056
9	11.045193900561856	10.310446146413016	0.3433870326577891		1.006894588470459	0.25	0.003125	116.74233211066189	220.18196797621056
10	0.49164271080385924	14.595513254711292	0.39465325010816343		0.9278368949890137	1.0	0.004687500000000001	381.66452536561746	103.43963586554867
11	0.49164271080385924	14.595513254711292	0.384171103309694		0.9058055877685547	0.5	0.0023437500000000003	314.99987633210804	103.43963586554867
12	0.49164271080385924	14.595513254711292	0.34130871855339573		0.9671375751495361	0.25	0.0011718750000000002	54.637766917934414	103.43963586554867
13	0.9690471770785513	17.24465890893516	0.36931786966069385		0.9624776840209961	0.5	0.0011718750000000002	314.99984074965704	100.6371270796274
14	0.9690471770785513	17.24465890893516	0.5027598054401903		0.9376387596130371	0.25	0.0005859375000000001	157.4999865429432	100.6371270796274
15	0.9690471770785513	17.24465890893516	0.5027598054401903		0.9020259380340576	0.125	0.0005859375000000001	19.76915833814246	100.6371270796274
16	0.7380931703402674	16.714125565236635	0.8855695170216621		0.785698413848877	1.0	0.0005859375000000001	456.07135845007156	100.19623906961122
17	0.7380931703402674	16.714125565236635	0.9230677980967341		0.9162523746490479	0.5	0.0005	314.99986913011526	100.19623906961122
18	0.7380931703402674	16.714125565236635	0.9230677980967341		0.8833329677581787	0.25	0.0005	11.953078549449515	100.19623906961122
19	3.2697478072881774	19.504684663522184	0.6619756841399199		0.9259190559387207	0.5	0.0005	314.9996099813013	99.39185999547111
20	3.2697478072881774	19.504684663522184	0.6619756846217967		0.9353597164154053	0.25	0.0005	157.49998360127097	99.39185999547111
21	3.2697478072881774	19.504684663522184	0.6619756846217967		0.9005298614501953	0.125	0.0005	34.96723804037151	99.39185999547111
22	3.2697478072881774	19.504684663522184	0.6619756846217967		0.8170120716094971	0.5	0.0005	19.798908801539596	99.39185999547111
23	2.4996554698173052	15.741882719177353	0.5769912481245756		0.9179153442382812	1.0	0.0005	448.22557171092774	99.38876765054171
24	2.4996554698173052	15.741882719177353	0.5769912467913746		0.9076530933380127	0.5	0.0005	314.9999385114789	99.38876765054171
25	2.4996554698173052	15.741882719177353	0.5769912467913746		0.9009532928466797	0.25	0.0005	21.56594357083202	99.38876765054171
26	1.6126637577207965	17.682839953067806	0.4316930645952149		0.8009707927703857	1.0	0.0005	160.20829337527425	99.44842874868677
27	1.6126637577207965	17.682839953067806	0.43169306900585996		0.8952453136444092	0.5	0.0005	160.2082932742045	99.44842874868677
28	1.6126637577207965	17.682839953067806	0.43169306900585996		0.8992428779602051	0.25	0.0005	35.5678009294968	99.44842874868677
29	1.6126637577207965	17.682839953067806	0.43169306900585996		0.7795305252075195	0.5	0.0005	41.809343927139594	99.44842874868677
30	1.6126637577207965	17.682839953067806	0.43169306900585996		0.7909002304077148	0.25	0.0005	51.86839838018818	99.44842874868677
31	1.6126637577207965	17.682839953067806	0.43169306900585996		0.8222291469573975	0.125	0.0005	20.459263994039816	99.44842874868677
32	1.987089216167051	17.401002356632755	0.3717239308367718		0.7944154739379883	0.3125	0.0005	139.74903028906635	93.70788933619161
33	1.987089216167051	17.401002356632755	0.3717239309125607		0.9079535007476807	0.15625	0.0005	111.97052470355382	93.70788933619161
34	1.987089216167051	17.401002356632755	0.3717239309125607		0.9596266746520996	0.078125	0.0005	21.5787081053345	93.70788933619161
35	1.0073629941089877	17.878620046211527	1.000000007493697		0.9139723777770996	1.0	0.0005	370.5133906003026	98.1375498333439
36	1.0073629941089877	17.878620046211527	1.000000007493697		0.9097580909729004	0.5	0.0005	314.99988479641536	98.1375498333439
37	1.0073629941089877	17.878620046211527	1.000000007493697		0.8983445167541504	0.25	0.0005	27.81072853236867	98.1375498333439
38	1.0073629941089877	17.878620046211527	1.000000007493697		0.7908844947814941	0.5	0.0005	20.68513771820949	98.1375498333439
39	1.0073629941089877	17.878620046211527	1.000000007493697		0.9081754684448242	0.25	0.0005	9.196322250022945	98.1375498333439
40	1.0073629941089877	17.878620046211527	1.000000007493697		0.912351131439209	0.125	0.0005	8.439626692653817	98.1375498333439
41	1.0073629941089877	17.878620046211527	1.000000007493697		0.8069112300872803	0.0625	0.0005	7.898607998466417	98.1375498333439
42	1.0073629941089877	17.878620046211527	1.000000007493697		0.7996869087219238	0.03125	0.0005	4.952012521680089	98.1375498333439
43	1.0073629941089877	17.878620046211527	1.000000007493697		0.8174598217010498	0.015625	0.0005	1.6866407295072037	98.1375498333439
44	0.7278803530146466	18.239535852257305	0.8189252347137095		0.9049139022827148	0.0390625	0.0005	84.13241943546043	96.4509091038367
45	1.4420877032923578	6.258088472000677	0.3184382724999401		0.9067590236663818	0.01953125	0.0005	14.575072571177913	14.53365794159548
46	1.4420877032923578	6.258088472000677	0.3184382739151884		0.9415748119354248	0.009765625	0.0005	12.882376244889969	14.53365794159548
47	1.107732056063504	4.64973036903547	0.29116780066480397		0.9321155548095703	0.0244140625	0.0005	15.380827620491573	7.69039993274896
48	1.107732056063504	4.64973036903547	0.2911677269860513		0.8891377449035645	0.01220703125	0.0005	7.69039993274896	7.69039993274896
49	1.3371734384109046	4.066834931275584	0.1424344014869161		0.92124342918396	0.030517578125	0.0005	18.51845125066101	0.0
50	1.3371734384109046	4.066834931275584	0.14243439945946934		0.9010426998138428	0.0152587890625	0.0005	10.687219974629038	0.0
51	1.3371734384109046	4.066834931275584	0.14243439945946934		0.9022886753082275	0.00762939453125	0.0005	78.34790604493864	0.0
52	1.3371734384109046	4.066834931275584	0.14243439945946934		0.8060207366943359	0.03814697265625	0.0005	49.736463500641506	0.0
53	1.3371734384109046	4.066834931275584	0.14243439945946934		0.9055924415588379	0.019073486328125	0.0005	26.0425883948553	0.0
54	1.3371734384109046	4.066834931275584	0.14243439945946934		0.812241792678833	0.0095367431640625	0.0005	12.923111824175294	0.0
55	1.3371734384109046	4.066834931275584	0.14243439945946934		0.9150612354278564	0.0095367431640625	0.0005	12.923111824175294	0.0
56	1.3371734384109046	4.066834931275584	0.14243439945946934		0.8085665702819824	0.0095367431640625	0.0005	12.923111824175294	0.0
57	1.3371734384109046	4.066834931275584	0.14243439945946934		0.8166368007659912	0.0095367431640625	0.0005	12.923111824175294	0.0
58	1.3371734384109046	4.066834931275584	0.14243439945946934		0.8004639148712158	0.0095367431640625	0.0005	12.923111824175294	0.0
59	1.3371734384109046	4.066834931275584	0.14243439945946934		0.8072247505187988	0.0095367431640625	0.0005	12.923111824175294	0.0
60	1.3371734384109046	4.066834931275584	0.14243439945946934		0.9262228012084961	0.0095367431640625	0.0005	12.923111824175294	0.0
61	1.3371734384109046	4.066834931275584	0.14243439945946934		0.8050734996795654	0.0095367431640625	0.0005	None	0.0

========== Optimization Summary ==========
Total Time (s): 53.948612
Total Iterations: 61
==========================================


========== RUN SUMMARY ==========
Iterations            : 61
Problem size          : 51 variables  (x|y|z = 4|7|40)
    x = black-box inputs | y = black-box outputs | z = remaining
Black-box blocks      : 2  (outputs per block: block1=3, block2=4)
Constraints           : 39  (equality 36 | inequality 3)
Wall time (s)         : 54.494
CPU time (s)          : 10.391   (process_time)
External BB evaluations (true black-box callback calls):
    block1      : 262
    block2      : 243
    TOTAL       : 505
    (evaluateDx sweeps: 123)
BB cache              : 1169 hits / 1674 requests (69.8% hit rate); 505 true evaluations
System:
  OS              : Windows-11-10.0.26200-SP0
  Processor       : Intel64 Family 6 Model 140 Stepping 1, GenuineIntel
  Architecture    : AMD64
  Python          : 3.12.12
  CPU cores       : 8 logical, 4 physical
  RAM             : 15.7 GB
  numpy / pyomo   : 2.4.2 / 6.10.1.a0 (VOTD)
=================================

======================================================================
POST-SOLVE ECONOMICS AND BALANCE CHECK
======================================================================
  CH4_produced_kg_yr: 3095075.8960505184
  CH4_into_PSA_mol_s: 6.766405755322324
  CH4_PSA_output_mol_s: 0.47887103871351655
  PSA_CH4_recovery: 0.07077184786573668
  H2_electrolyser_mol_s: 54.64612337126351
  SOEL_kW: 14748.988697904024
  H2_to_CH4_stoich_ratio: 2.0190232949110367
  PSA_CH4_balance_gap: 0.9292281686119082
  CAPEX_total_USD: 76362798.22606486
  CAPEX_annualised_USD_yr: 3817800.5458550495
  OPEX_avg_USD_yr: 8769362.22315227
  TAC_USD_yr: 12587162.76900732
  LCOCH4_PSA_output_basis_USD_kg: 57.464020707653304
  LCOCH4_USD_kg: 4.066834931275582
  LCOCH4_with_H2_credit_USD_kg: 4.0668338095002206
  CAPEX_share: {'SOEL': 0.8112032818364295, 'DFM': 0.10812063006291701, 'COMP': 0.03864405820790575, 'GC': 0.003856427847850149, 'PSA': 0.03634948778716788, 'FURNACE': 0.0018261142577297846}
  OPEX_share: {'SOEL': 0.6720808735025557, 'DFM': 0.20027583422388592, 'COMP': 0.060571606814875695, 'GC': 0.006044655818837603, 'PSA': 0.05946110873812572, 'FURNACE': 0.001565920901719301}
  H2_balance_rel_err: 0.058352394525115946
  C_unaccounted_frac: 0.019264873883087886
  reactor_per_cycle_mmol: {'CO2_in': 3.1708278687844857, 'CH4_out': 2.7997973192086674, 'H2_out': 76.15876515567896, 'CO2_out': 0.3099449505787049, 'H2_fed': 92.77138700783716}
ECONOMICS_DICT {"CH4_produced_kg_yr": 3095075.8960505184, "CH4_into_PSA_mol_s": 6.766405755322324, "CH4_PSA_output_mol_s": 0.47887103871351655, "PSA_CH4_recovery": 0.07077184786573668, "H2_electrolyser_mol_s": 54.64612337126351, "SOEL_kW": 14748.988697904024, "H2_to_CH4_stoich_ratio": 2.0190232949110367, "PSA_CH4_balance_gap": 0.9292281686119082, "CAPEX_total_USD": 76362798.22606486, "CAPEX_annualised_USD_yr": 3817800.5458550495, "OPEX_avg_USD_yr": 8769362.22315227, "TAC_USD_yr": 12587162.76900732, "LCOCH4_PSA_output_basis_USD_kg": 57.464020707653304, "LCOCH4_USD_kg": 4.066834931275582, "LCOCH4_with_H2_credit_USD_kg": 4.0668338095002206, "CAPEX_share": {"SOEL": 0.8112032818364295, "DFM": 0.10812063006291701, "COMP": 0.03864405820790575, "GC": 0.003856427847850149, "PSA": 0.03634948778716788, "FURNACE": 0.0018261142577297846}, "OPEX_share": {"SOEL": 0.6720808735025557, "DFM": 0.20027583422388592, "COMP": 0.060571606814875695, "GC": 0.006044655818837603, "PSA": 0.05946110873812572, "FURNACE": 0.001565920901719301}, "H2_balance_rel_err": 0.058352394525115946, "C_unaccounted_frac": 0.019264873883087886, "reactor_per_cycle_mmol": {"CO2_in": 3.1708278687844857, "CH4_out": 2.7997973192086674, "H2_out": 76.15876515567896, "CO2_out": 0.3099449505787049, "H2_fed": 92.77138700783716}}
