[flowsheet] cache: 1695 reactor and 1479 PSA evaluation(s) loaded
[flowsheet] initialised 44 variable(s) from x0_units_fixed.json
[gjh] using: <repo>\atrfu\gjh.exe
========== A-TRFu SOLVER ==========
Globalization strategy: 1 (Funnel)
Hypervolume sampling  : multiple_black_boxes=1
Restoration strategy  : 2 (R2 relaxed (entry reset + rho radius))
Problem size          : 51 variables  (x|y|z = 4|7|40);  2 black-box block(s)
    x = black-box inputs | y = black-box outputs | z = remaining
Constraints           : 39  (equality 36 | inequality 3)
Tolerances            : ep_i=1.0e-05, ep_chi=1.0e-03, ep_delta=1.0e-03, max_it=1000
===================================


**************************************
Iteration 0:
thetak = 230.9871475034392
objk = 3.82871665748975
trustRadius = 1.0
sampleRadius = 0.1
stepNorm = 97.88650821881674
chi = 100000000.0
Iteration time (s) = 0.7736763954162598
theta-type step
**************************************


**************************************
Iteration 1:
thetak = 35.18730066782294
objk = 0.5054281802329513
trustRadius = 1.0
sampleRadius = 0.07500000000000001
stepNorm = 373.8851320918123
chi = 0.09719982770883345
Iteration time (s) = 0.2771799564361572
theta-type step
**************************************


**************************************
Iteration 2:
thetak = 21.676125724796908
objk = 0.29290696614110784
trustRadius = 1.0
sampleRadius = 0.037500000000000006
stepNorm = 629.9992839074616
chi = 0.1330066586595027
Iteration time (s) = 0.8292210102081299
theta-type step
**************************************


**************************************
Iteration 3:
thetak = 27.796529008807497
objk = 1.6463476477265448
trustRadius = 0.5
sampleRadius = 0.018750000000000003
stepNorm = 314.99998457530137
chi = 0.1380940705553135
Iteration time (s) = 0.8120872974395752
step rejected
**************************************


**************************************
Iteration 4:
thetak = 27.796529008807497
objk = 1.6463476477265448
trustRadius = 0.25
sampleRadius = 0.018750000000000003
stepNorm = 157.49997458289965
chi = 0.15219891648124698
Iteration time (s) = 0.8116707801818848
theta-type step
**************************************


**************************************
Iteration 5:
thetak = 10.359806594180496
objk = 3.1894917341463014
trustRadius = 0.625
sampleRadius = 0.028125000000000004
stepNorm = 393.749840942153
chi = 0.14543320563517198
Iteration time (s) = 0.9111812114715576
step rejected
**************************************


**************************************
Iteration 6:
thetak = 10.359806594180496
objk = 3.1894917341463014
trustRadius = 0.3125
sampleRadius = 0.014062500000000002
stepNorm = 196.8749815950198
chi = 0.17765521498806075
Iteration time (s) = 0.9831230640411377
f-type step
**************************************


**************************************
Iteration 7:
thetak = 26.30239328359222
objk = 1.9165683162502078
trustRadius = 0.78125
sampleRadius = 0.007031250000000001
stepNorm = 216.18573732071627
chi = 0.18876391723047287
Iteration time (s) = 1.1549077033996582
step rejected
**************************************


**************************************
Iteration 8:
thetak = 26.30239328359222
objk = 1.9165683162502078
trustRadius = 0.390625
sampleRadius = 0.007031250000000001
stepNorm = 246.09369043254605
chi = 0.20282097533518997
Iteration time (s) = 0.9378480911254883
step rejected
**************************************

[FRP] entering restoration phase 1: Delta 1.953e-01 -> 1.000e+00 (gamma_e * accepted_radius=7.812e-01, CLAMPED at radius_max), thetak=2.630e+01
[FRP] solve 1 of phase 1, thetak=2.630e+01, Delta=1.000e+00 (at radius_max)
[FRP] solve 1 outcome: theta+=4.677e+00 (thetak=2.630e+01), rhok=8.222e-01 -> expand

**************************************
Iteration 9:
thetak = 26.30239328359222
objk = 1.9165683162502078
trustRadius = 0.1953125
sampleRadius = 0.0035156250000000005
stepNorm = 125.86915208108837
chi = 0.30388127147014315
Iteration time (s) = 0.972609281539917
theta-type step
**************************************


**************************************
Iteration 10:
thetak = 4.6769965858727245
objk = 10.130932166021791
trustRadius = 1.0
sampleRadius = 0.0052734375
stepNorm = 401.4934747312832
chi = 0.2782946157901261
Iteration time (s) = 0.8330726623535156
step rejected
**************************************


**************************************
Iteration 11:
thetak = 4.6769965858727245
objk = 10.130932166021791
trustRadius = 0.5
sampleRadius = 0.00263671875
stepNorm = 228.50633930675053
chi = 0.2615545371252023
Iteration time (s) = 1.3179771900177002
f-type step
**************************************


**************************************
Iteration 12:
thetak = 15.128509520323078
objk = 2.1676250932344536
trustRadius = 1.0
sampleRadius = 0.001318359375
stepNorm = 629.9998272369884
chi = 0.11564424581829516
Iteration time (s) = 1.2868833541870117
step rejected
**************************************


**************************************
Iteration 13:
thetak = 15.128509520323078
objk = 2.1676250932344536
trustRadius = 0.5
sampleRadius = 0.0006591796875
stepNorm = 314.99993912405
chi = 0.17074520954330924
Iteration time (s) = 1.1880486011505127
step rejected
**************************************

[FRP] entering restoration phase 2: Delta 2.500e-01 -> 1.000e+00 (gamma_e * accepted_radius=1.000e+00, CLAMPED at radius_max), thetak=1.513e+01
[FRP] solve 1 of phase 2, thetak=1.513e+01, Delta=1.000e+00 (at radius_max)
[FRP] solve 1 outcome: theta+=7.196e+00 (thetak=1.513e+01), rhok=5.244e-01 -> expand

**************************************
Iteration 14:
thetak = 15.128509520323078
objk = 2.1676250932344536
trustRadius = 0.25
sampleRadius = 0.0005
stepNorm = 93.05048098598138
chi = 0.1803796475798207
Iteration time (s) = 1.1771240234375
theta-type step
**************************************


**************************************
Iteration 15:
thetak = 7.195786090257356
objk = 19.835388559294895
trustRadius = 1.0
sampleRadius = 0.0005
stepNorm = 447.6935066806846
chi = 0.5304568369822705
Iteration time (s) = 1.0241336822509766
step rejected
**************************************


**************************************
Iteration 16:
thetak = 7.195786090257356
objk = 19.835388559294895
trustRadius = 0.5
sampleRadius = 0.0005
stepNorm = 162.3881428904594
chi = 0.5304574134237189
Iteration time (s) = 0.9896156787872314
step rejected
**************************************

[FRP] entering restoration phase 3: Delta 2.500e-01 -> 1.000e+00 (gamma_e * accepted_radius=1.000e+00, CLAMPED at radius_max), thetak=7.196e+00
[FRP] solve 1 of phase 3, thetak=7.196e+00, Delta=1.000e+00 (at radius_max)
[FRP] solve 1 outcome: theta+=4.927e+01 (thetak=7.196e+00), rhok=-5.847e+00 -> contract

**************************************
Iteration 17:
thetak = 7.195786090257356
objk = 19.835388559294895
trustRadius = 0.25
sampleRadius = 0.0005
stepNorm = 67.81901300876729
chi = 0.5304574134237189
Iteration time (s) = 1.107884168624878
RESTORATION
**************************************

[FRP] solve 2 of phase 3, thetak=7.196e+00, Delta=5.000e-01
[FRP] solve 2 outcome: theta+=4.586e+01 (thetak=7.196e+00), rhok=-5.373e+00 -> contract

**************************************
Iteration 18:
thetak = 7.195786090257356
objk = 19.835388559294895
trustRadius = 0.5
sampleRadius = 0.0005
stepNorm = 66.71366214666307
chi = 0.5304574134237189
Iteration time (s) = 0.9269111156463623
RESTORATION
**************************************

[FRP] solve 3 of phase 3, thetak=7.196e+00, Delta=2.500e-01
[FRP] solve 3 outcome: theta+=4.026e+01 (thetak=7.196e+00), rhok=-4.595e+00 -> contract

**************************************
Iteration 19:
thetak = 7.195786090257356
objk = 19.835388559294895
trustRadius = 0.25
sampleRadius = 0.0005
stepNorm = 64.5701432882068
chi = 0.5304574134237189
Iteration time (s) = 0.8575839996337891
RESTORATION
**************************************

[FRP] solve 4 of phase 3, thetak=7.196e+00, Delta=1.250e-01
[FRP] solve 4 outcome: theta+=3.123e+01 (thetak=7.196e+00), rhok=-3.340e+00 -> contract

**************************************
Iteration 20:
thetak = 7.195786090257356
objk = 19.835388559294895
trustRadius = 0.125
sampleRadius = 0.0005
stepNorm = 55.071232935599625
chi = 0.5304574134237189
Iteration time (s) = 1.0896453857421875
RESTORATION
**************************************

[FRP] solve 5 of phase 3, thetak=7.196e+00, Delta=6.250e-02
[FRP] solve 5 outcome: theta+=1.258e+01 (thetak=7.196e+00), rhok=-7.483e-01 -> contract

**************************************
Iteration 21:
thetak = 7.195786090257356
objk = 19.835388559294895
trustRadius = 0.0625
sampleRadius = 0.0005
stepNorm = 28.94577325642075
chi = 0.5304574134237189
Iteration time (s) = 0.8121275901794434
f-type step
**************************************


**************************************
Iteration 22:
thetak = 12.580472017377122
objk = 15.126775453482447
trustRadius = 0.15625
sampleRadius = 0.0005
stepNorm = 152.0120696924362
chi = 0.3287627889494915
Iteration time (s) = 0.8231279850006104
step rejected
**************************************


**************************************
Iteration 23:
thetak = 12.580472017377122
objk = 15.126775453482447
trustRadius = 0.078125
sampleRadius = 0.0005
stepNorm = 144.42935909403207
chi = 0.3287627909574402
Iteration time (s) = 0.9996910095214844
step rejected
**************************************

[FRP] entering restoration phase 4: Delta 3.906e-02 -> 3.906e-01 (gamma_e * accepted_radius=1.562e-01), thetak=1.258e+01
[FRP] solve 1 of phase 4, thetak=1.258e+01, Delta=3.906e-01
[FRP] solve 1 outcome: theta+=4.876e+01 (thetak=1.258e+01), rhok=-2.876e+00 -> contract

**************************************
Iteration 24:
thetak = 12.580472017377122
objk = 15.126775453482447
trustRadius = 0.0390625
sampleRadius = 0.0005
stepNorm = 40.964739686651
chi = 0.3287627909574402
Iteration time (s) = 0.9150800704956055
RESTORATION
**************************************

[FRP] solve 2 of phase 4, thetak=1.258e+01, Delta=1.953e-01
[FRP] solve 2 outcome: theta+=3.956e+01 (thetak=1.258e+01), rhok=-2.145e+00 -> contract

**************************************
Iteration 25:
thetak = 12.580472017377122
objk = 15.126775453482447
trustRadius = 0.1953125
sampleRadius = 0.0005
stepNorm = 42.85667573258672
chi = 0.3287627909574402
Iteration time (s) = 0.9327354431152344
RESTORATION
**************************************

[FRP] solve 3 of phase 4, thetak=1.258e+01, Delta=9.766e-02
[FRP] solve 3 outcome: theta+=2.963e+01 (thetak=1.258e+01), rhok=-1.355e+00 -> contract

**************************************
Iteration 26:
thetak = 12.580472017377122
objk = 15.126775453482447
trustRadius = 0.09765625
sampleRadius = 0.0005
stepNorm = 37.15387497275424
chi = 0.3287627909574402
Iteration time (s) = 0.7879467010498047
RESTORATION
**************************************

[FRP] solve 4 of phase 4, thetak=1.258e+01, Delta=4.883e-02
[FRP] solve 4 outcome: theta+=1.115e+01 (thetak=1.258e+01), rhok=1.141e-01 -> maintain

**************************************
Iteration 27:
thetak = 12.580472017377122
objk = 15.126775453482447
trustRadius = 0.048828125
sampleRadius = 0.0005
stepNorm = 14.532848470166641
chi = 0.3287627909574402
Iteration time (s) = 0.8143599033355713
RESTORATION
**************************************

[FRP] solve 5 of phase 4, thetak=1.258e+01, Delta=4.883e-02
[FRP] solve 5 outcome: theta+=1.115e+01 (thetak=1.258e+01), rhok=1.141e-01 -> maintain

**************************************
Iteration 28:
thetak = 12.580472017377122
objk = 15.126775453482447
trustRadius = 0.048828125
sampleRadius = 0.0005
stepNorm = 14.532848470166641
chi = 0.3287627909574402
Iteration time (s) = 0.8115701675415039
RESTORATION
**************************************

[FRP] solve 6 of phase 4, thetak=1.258e+01, Delta=4.883e-02
[FRP] solve 6 outcome: theta+=1.115e+01 (thetak=1.258e+01), rhok=1.141e-01 -> maintain

**************************************
Iteration 29:
thetak = 12.580472017377122
objk = 15.126775453482447
trustRadius = 0.048828125
sampleRadius = 0.0005
stepNorm = 14.532848470166641
chi = 0.3287627909574402
Iteration time (s) = 0.8045949935913086
RESTORATION
**************************************

[FRP] solve 7 of phase 4, thetak=1.258e+01, Delta=4.883e-02
[FRP] solve 7 outcome: theta+=1.115e+01 (thetak=1.258e+01), rhok=1.141e-01 -> maintain

**************************************
Iteration 30:
thetak = 12.580472017377122
objk = 15.126775453482447
trustRadius = 0.048828125
sampleRadius = 0.0005
stepNorm = 14.532848470166641
chi = 0.3287627909574402
Iteration time (s) = 0.8006751537322998
RESTORATION
**************************************

[FRP] solve 8 of phase 4, thetak=1.258e+01, Delta=4.883e-02
[FRP] solve 8 outcome: theta+=1.115e+01 (thetak=1.258e+01), rhok=1.141e-01 -> maintain

**************************************
Iteration 31:
thetak = 12.580472017377122
objk = 15.126775453482447
trustRadius = 0.048828125
sampleRadius = 0.0005
stepNorm = 14.532848470166641
chi = 0.3287627909574402
Iteration time (s) = 0.930286169052124
RESTORATION
**************************************

[FRP] solve 9 of phase 4, thetak=1.258e+01, Delta=4.883e-02
[FRP] solve 9 outcome: theta+=1.115e+01 (thetak=1.258e+01), rhok=1.141e-01 -> maintain

**************************************
Iteration 32:
thetak = 12.580472017377122
objk = 15.126775453482447
trustRadius = 0.048828125
sampleRadius = 0.0005
stepNorm = 14.532848470166641
chi = 0.3287627909574402
Iteration time (s) = 0.7930781841278076
RESTORATION
**************************************

[FRP] solve 10 of phase 4, thetak=1.258e+01, Delta=4.883e-02
[FRP] solve 10 outcome: theta+=1.115e+01 (thetak=1.258e+01), rhok=1.141e-01 -> maintain

**************************************
Iteration 33:
thetak = 12.580472017377122
objk = 15.126775453482447
trustRadius = 0.048828125
sampleRadius = 0.0005
stepNorm = 14.532848470166641
chi = 0.3287627909574402
Iteration time (s) = 0.8205170631408691
RESTORATION
**************************************

EXIT: RESTORATION STATIONARY -- NOT FEASIBLE (10 consecutive restoration iterations, thetak=1.258e+01 >= ep_i=1.0e-05; theta over the restoration run: 1.258e+01 -> 1.258e+01)
0	230.9871475034392	3.82871665748975	100000000.0		0.7736763954162598	1.0	0.1	97.88650821881674	280.6695579658955
1	35.18730066782294	0.5054281802329513	0.09719982770883345		0.2771799564361572	1.0	0.07500000000000001	373.8851320918123	182.78304974707873
2	21.676125724796908	0.29290696614110784	0.1330066586595027		0.8292210102081299	1.0	0.037500000000000006	629.9992839074616	556.6681818388911
3	27.796529008807497	1.6463476477265448	0.1380940705553135		0.8120872974395752	0.5	0.018750000000000003	314.99998457530137	131.5138091950365
4	27.796529008807497	1.6463476477265448	0.15219891648124698		0.8116707801818848	0.25	0.018750000000000003	157.49997458289965	131.5138091950365
5	10.359806594180496	3.1894917341463014	0.14543320563517198		0.9111812114715576	0.625	0.028125000000000004	393.749840942153	97.87653181384212
6	10.359806594180496	3.1894917341463014	0.17765521498806075		0.9831230640411377	0.3125	0.014062500000000002	196.8749815950198	97.87653181384212
7	26.30239328359222	1.9165683162502078	0.18876391723047287		1.1549077033996582	0.78125	0.007031250000000001	216.18573732071627	281.0438541093489
8	26.30239328359222	1.9165683162502078	0.20282097533518997		0.9378480911254883	0.390625	0.007031250000000001	246.09369043254605	281.0438541093489
9	26.30239328359222	1.9165683162502078	0.30388127147014315		0.972609281539917	0.1953125	0.0035156250000000005	125.86915208108837	281.0438541093489
10	4.6769965858727245	10.130932166021791	0.2782946157901261		0.8330726623535156	1.0	0.0052734375	401.4934747312832	155.17470202826053
11	4.6769965858727245	10.130932166021791	0.2615545371252023		1.3179771900177002	0.5	0.00263671875	228.50633930675053	155.17470202826053
12	15.128509520323078	2.1676250932344536	0.11564424581829516		1.2868833541870117	1.0	0.001318359375	629.9998272369884	82.62974020915587
13	15.128509520323078	2.1676250932344536	0.17074520954330924		1.1880486011505127	0.5	0.0006591796875	314.99993912405	82.62974020915587
14	15.128509520323078	2.1676250932344536	0.1803796475798207		1.1771240234375	0.25	0.0005	93.05048098598138	82.62974020915587
15	7.195786090257356	19.835388559294895	0.5304568369822705		1.0241336822509766	1.0	0.0005	447.6935066806846	28.94577325642075
16	7.195786090257356	19.835388559294895	0.5304574134237189		0.9896156787872314	0.5	0.0005	162.3881428904594	28.94577325642075
17	7.195786090257356	19.835388559294895	0.5304574134237189		1.107884168624878	0.25	0.0005	67.81901300876729	28.94577325642075
18	7.195786090257356	19.835388559294895	0.5304574134237189		0.9269111156463623	0.5	0.0005	66.71366214666307	28.94577325642075
19	7.195786090257356	19.835388559294895	0.5304574134237189		0.8575839996337891	0.25	0.0005	64.5701432882068	28.94577325642075
20	7.195786090257356	19.835388559294895	0.5304574134237189		1.0896453857421875	0.125	0.0005	55.071232935599625	28.94577325642075
21	7.195786090257356	19.835388559294895	0.5304574134237189		0.8121275901794434	0.0625	0.0005	28.94577325642075	28.94577325642075
22	12.580472017377122	15.126775453482447	0.3287627889494915		0.8231279850006104	0.15625	0.0005	152.0120696924362	0.0
23	12.580472017377122	15.126775453482447	0.3287627909574402		0.9996910095214844	0.078125	0.0005	144.42935909403207	0.0
24	12.580472017377122	15.126775453482447	0.3287627909574402		0.9150800704956055	0.0390625	0.0005	40.964739686651	0.0
25	12.580472017377122	15.126775453482447	0.3287627909574402		0.9327354431152344	0.1953125	0.0005	42.85667573258672	0.0
26	12.580472017377122	15.126775453482447	0.3287627909574402		0.7879467010498047	0.09765625	0.0005	37.15387497275424	0.0
27	12.580472017377122	15.126775453482447	0.3287627909574402		0.8143599033355713	0.048828125	0.0005	14.532848470166641	0.0
28	12.580472017377122	15.126775453482447	0.3287627909574402		0.8115701675415039	0.048828125	0.0005	14.532848470166641	0.0
29	12.580472017377122	15.126775453482447	0.3287627909574402		0.8045949935913086	0.048828125	0.0005	14.532848470166641	0.0
30	12.580472017377122	15.126775453482447	0.3287627909574402		0.8006751537322998	0.048828125	0.0005	14.532848470166641	0.0
31	12.580472017377122	15.126775453482447	0.3287627909574402		0.930286169052124	0.048828125	0.0005	14.532848470166641	0.0
32	12.580472017377122	15.126775453482447	0.3287627909574402		0.7930781841278076	0.048828125	0.0005	14.532848470166641	0.0
33	12.580472017377122	15.126775453482447	0.3287627909574402		0.8205170631408691	0.048828125	0.0005	14.532848470166641	0.0
34	12.580472017377122	15.126775453482447	0.3287627909574402		0.9174232482910156	0.048828125	0.0005	None	0.0

========== Optimization Summary ==========
Total Time (s): 32.225598
Total Iterations: 34
==========================================


========== RUN SUMMARY ==========
Iterations            : 34
Problem size          : 51 variables  (x|y|z = 4|7|40)
    x = black-box inputs | y = black-box outputs | z = remaining
Black-box blocks      : 2  (outputs per block: block1=3, block2=4)
Constraints           : 39  (equality 36 | inequality 3)
Wall time (s)         : 32.765
CPU time (s)          : 5.859   (process_time)
External BB evaluations (true black-box callback calls):
    block1      : 148
    block2      : 132
    TOTAL       : 280
    (evaluateDx sweeps: 69)
BB cache              : 665 hits / 945 requests (70.4% hit rate); 280 true evaluations
System:
  OS              : Windows-11-10.0.26200-SP0
  Processor       : Intel64 Family 6 Model 140 Stepping 1, GenuineIntel
  Architecture    : AMD64
  Python          : 3.12.12
  CPU cores       : 8 logical, 4 physical
  RAM             : 15.7 GB
  numpy / pyomo   : 2.4.2 / 6.10.1.a0 (VOTD)
=================================

======================================================================
POST-SOLVE ECONOMICS AND BALANCE CHECK
======================================================================
  CH4_produced_kg_yr: 3359922.9257353228
  CH4_into_PSA_mol_s: 7.345410124238139
  CH4_PSA_output_mol_s: 0.5244883113508291
  PSA_CH4_recovery: 0.071403543502648
  H2_electrolyser_mol_s: 91.44059561821393
  SOEL_kW: 24679.81675735594
  H2_to_CH4_stoich_ratio: 3.1121678051876676
  PSA_CH4_balance_gap: 0.9285965937085884
  CAPEX_total_USD: 117330551.1558541
  CAPEX_annualised_USD_yr: 7473013.444861841
  OPEX_avg_USD_yr: 43351786.19374424
  TAC_USD_yr: 50824799.63860609
  LCOCH4_PSA_output_basis_USD_kg: 211.8490863541176
  LCOCH4_USD_kg: 15.126775453482471
  LCOCH4_with_H2_credit_USD_kg: 1.4823674667636761
  CAPEX_share: {'SOEL': 0.8834462069747393, 'DFM': 0.058476537143092776, 'COMP': 0.02715070623993765, 'GC': 0.0026800123921916553, 'PSA': 0.026385781627123406, 'FURNACE': 0.0018607556229151467}
  OPEX_share: {'SOEL': 0.7695184126840011, 'DFM': 0.1222028404754144, 'COMP': 0.044741914763700645, 'GC': 0.00441641867277541, 'PSA': 0.04537866755549159, 'FURNACE': 0.013741745848616826}
  H2_balance_rel_err: 0.05467108377220509
  C_unaccounted_frac: -0.02275705480648131
  reactor_per_cycle_mmol: {'CO2_in': 2.5866627577052745, 'CH4_out': 2.408193025894156, 'H2_out': 70.66008559552054, 'CO2_out': 0.2373345579541016, 'H2_fed': 84.93642405385712}
ECONOMICS_DICT {"CH4_produced_kg_yr": 3359922.9257353228, "CH4_into_PSA_mol_s": 7.345410124238139, "CH4_PSA_output_mol_s": 0.5244883113508291, "PSA_CH4_recovery": 0.071403543502648, "H2_electrolyser_mol_s": 91.44059561821393, "SOEL_kW": 24679.81675735594, "H2_to_CH4_stoich_ratio": 3.1121678051876676, "PSA_CH4_balance_gap": 0.9285965937085884, "CAPEX_total_USD": 117330551.1558541, "CAPEX_annualised_USD_yr": 7473013.444861841, "OPEX_avg_USD_yr": 43351786.19374424, "TAC_USD_yr": 50824799.63860609, "LCOCH4_PSA_output_basis_USD_kg": 211.8490863541176, "LCOCH4_USD_kg": 15.126775453482471, "LCOCH4_with_H2_credit_USD_kg": 1.4823674667636761, "CAPEX_share": {"SOEL": 0.8834462069747393, "DFM": 0.058476537143092776, "COMP": 0.02715070623993765, "GC": 0.0026800123921916553, "PSA": 0.026385781627123406, "FURNACE": 0.0018607556229151467}, "OPEX_share": {"SOEL": 0.7695184126840011, "DFM": 0.1222028404754144, "COMP": 0.044741914763700645, "GC": 0.00441641867277541, "PSA": 0.04537866755549159, "FURNACE": 0.013741745848616826}, "H2_balance_rel_err": 0.05467108377220509, "C_unaccounted_frac": -0.02275705480648131, "reactor_per_cycle_mmol": {"CO2_in": 2.5866627577052745, "CH4_out": 2.408193025894156, "H2_out": 70.66008559552054, "CO2_out": 0.2373345579541016, "H2_fed": 84.93642405385712}}
