[flowsheet] cache: 1695 reactor and 1479 PSA evaluation(s) loaded
[flowsheet] initialised 44 variable(s) from x0_units_fixed.json
[gjh] using: <repo>\atrfu\gjh.exe
========== A-TRFu SOLVER ==========
Globalization strategy: 1 (Funnel)
Hypervolume sampling  : multiple_black_boxes=0
Restoration strategy  : 2 (R2 relaxed (entry reset + rho radius))
Problem size          : 51 variables  (x|y|z = 4|7|40);  2 black-box block(s)
    x = black-box inputs | y = black-box outputs | z = remaining
Constraints           : 39  (equality 36 | inequality 3)
Tolerances            : ep_i=1.0e-05, ep_chi=1.0e-03, ep_delta=1.0e-03, max_it=1000
===================================


**************************************
Iteration 0:
thetak = 230.9871475034392
objk = 3.82871665748975
trustRadius = 1.0
sampleRadius = 0.1
stepNorm = 97.88650821881674
chi = 100000000.0
Iteration time (s) = 0.7817873954772949
theta-type step
**************************************


**************************************
Iteration 1:
thetak = 35.18730066782294
objk = 0.5054281802329513
trustRadius = 1.0
sampleRadius = 0.05
stepNorm = 373.8851269948907
chi = 0.09804518467584643
Iteration time (s) = 0.2688257694244385
theta-type step
**************************************


**************************************
Iteration 2:
thetak = 21.784008952650474
objk = 0.29302300176296625
trustRadius = 1.0
sampleRadius = 0.05
stepNorm = 629.9993734779133
chi = 0.13281982702403988
Iteration time (s) = 0.9313845634460449
theta-type step
**************************************


**************************************
Iteration 3:
thetak = 27.53999403488017
objk = 1.5466036337250157
trustRadius = 0.5
sampleRadius = 0.05
stepNorm = 314.9999770007802
chi = 0.1245481054427043
Iteration time (s) = 0.9698901176452637
step rejected
**************************************


**************************************
Iteration 4:
thetak = 27.53999403488017
objk = 1.5466036337250157
trustRadius = 0.25
sampleRadius = 0.05
stepNorm = 157.49997617644658
chi = 0.1546187817786131
Iteration time (s) = 0.6978614330291748
theta-type step
**************************************


**************************************
Iteration 5:
thetak = 11.366900728271967
objk = 3.3250544862014046
trustRadius = 0.625
sampleRadius = 0.05
stepNorm = 393.74985680703736
chi = 0.1684459382497727
Iteration time (s) = 0.9409909248352051
step rejected
**************************************


**************************************
Iteration 6:
thetak = 11.366900728271967
objk = 3.3250544862014046
trustRadius = 0.3125
sampleRadius = 0.05
stepNorm = 196.8749819296179
chi = 0.2081822205643652
Iteration time (s) = 0.9918911457061768
f-type step
**************************************


**************************************
Iteration 7:
thetak = 26.023747344495703
objk = 2.0147763614367697
trustRadius = 0.78125
sampleRadius = 0.05
stepNorm = 156.01561399217735
chi = 0.1737322711132414
Iteration time (s) = 1.0669808387756348
step rejected
**************************************


**************************************
Iteration 8:
thetak = 26.023747344495703
objk = 2.0147763614367697
trustRadius = 0.390625
sampleRadius = 0.05
stepNorm = 246.0936383070821
chi = 0.18329968220910567
Iteration time (s) = 1.8432362079620361
step rejected
**************************************

[FRP] entering restoration phase 1: Delta 1.953e-01 -> 1.000e+00 (gamma_e * accepted_radius=7.812e-01, CLAMPED at radius_max), thetak=2.602e+01
[FRP] solve 1 of phase 1, thetak=2.602e+01, Delta=1.000e+00 (at radius_max)
[FRP] solve 1 outcome: theta+=1.009e+01 (thetak=2.602e+01), rhok=6.123e-01 -> expand

**************************************
Iteration 9:
thetak = 26.023747344495703
objk = 2.0147763614367697
trustRadius = 0.1953125
sampleRadius = 0.05
stepNorm = 123.4951727648895
chi = 0.18329968220910567
Iteration time (s) = 2.541201114654541
theta-type step
**************************************


**************************************
Iteration 10:
thetak = 10.090561075619492
objk = 13.145799462458472
trustRadius = 1.0
sampleRadius = 0.05
stepNorm = 399.119585183948
chi = 0.3289960989460494
Iteration time (s) = 1.324345350265503
step rejected
**************************************


**************************************
Iteration 11:
thetak = 10.090561075619492
objk = 13.145799462458472
trustRadius = 0.5
sampleRadius = 0.05
stepNorm = 314.99985392191314
chi = 0.3289960988434688
Iteration time (s) = 0.9344356060028076
step rejected
**************************************

[FRP] entering restoration phase 2: Delta 2.500e-01 -> 1.000e+00 (gamma_e * accepted_radius=1.000e+00, CLAMPED at radius_max), thetak=1.009e+01
[FRP] solve 1 of phase 2, thetak=1.009e+01, Delta=1.000e+00 (at radius_max)
[FRP] solve 1 outcome: theta+=2.888e-02 (thetak=1.009e+01), rhok=9.971e-01 -> expand

**************************************
Iteration 12:
thetak = 10.090561075619492
objk = 13.145799462458472
trustRadius = 0.25
sampleRadius = 0.05
stepNorm = 51.64114000626091
chi = 0.3289960988434688
Iteration time (s) = 0.885467529296875
theta-type step
**************************************


**************************************
Iteration 13:
thetak = 0.0288825668308305
objk = 16.713259899714362
trustRadius = 1.0
sampleRadius = 0.05
stepNorm = 450.7607291472897
chi = 0.362838332675237
Iteration time (s) = 0.7966771125793457
step rejected
**************************************


**************************************
Iteration 14:
thetak = 0.0288825668308305
objk = 16.713259899714362
trustRadius = 0.5
sampleRadius = 0.05
stepNorm = 314.9998349939567
chi = 0.3628383395305678
Iteration time (s) = 0.910520076751709
step rejected
**************************************

[FRP] entering restoration phase 3: Delta 2.500e-01 -> 1.000e+00 (gamma_e * accepted_radius=1.000e+00, CLAMPED at radius_max), thetak=2.888e-02
[FRP] solve 1 of phase 3, thetak=2.888e-02, Delta=1.000e+00 (at radius_max)
[FRP] solve 1 outcome: theta+=8.798e-02 (thetak=2.888e-02), rhok=-2.046e+00 -> contract

**************************************
Iteration 15:
thetak = 0.0288825668308305
objk = 16.713259899714362
trustRadius = 0.25
sampleRadius = 0.05
stepNorm = 24.51933958308439
chi = 0.3628383395305678
Iteration time (s) = 0.9012868404388428
theta-type step
**************************************


**************************************
Iteration 16:
thetak = 0.08798184799620191
objk = 17.272261849053102
trustRadius = 0.5
sampleRadius = 0.05
stepNorm = 314.99972517279485
chi = 0.37342551609332936
Iteration time (s) = 1.003511905670166
step rejected
**************************************


**************************************
Iteration 17:
thetak = 0.08798184799620191
objk = 17.272261849053102
trustRadius = 0.25
sampleRadius = 0.05
stepNorm = 157.49998267539667
chi = 0.3734255166895824
Iteration time (s) = 0.8954193592071533
step rejected
**************************************

[FRP] entering restoration phase 4: Delta 1.250e-01 -> 1.000e+00 (gamma_e * accepted_radius=5.000e-01, CLAMPED at radius_max), thetak=8.798e-02
[FRP] solve 1 of phase 4, thetak=8.798e-02, Delta=1.000e+00 (at radius_max)
[FRP] solve 1 outcome: theta+=6.259e-02 (thetak=8.798e-02), rhok=2.887e-01 -> expand

**************************************
Iteration 18:
thetak = 0.08798184799620191
objk = 17.272261849053102
trustRadius = 0.125
sampleRadius = 0.05
stepNorm = 8.968660284738121
chi = 0.3734255166895824
Iteration time (s) = 0.9079437255859375
theta-type step
**************************************


**************************************
Iteration 19:
thetak = 0.06259339770585207
objk = 17.58426364817218
trustRadius = 1.0
sampleRadius = 0.05
stepNorm = 484.2487309452115
chi = 0.3780897014229539
Iteration time (s) = 0.9253730773925781
step rejected
**************************************


**************************************
Iteration 20:
thetak = 0.06259339770585207
objk = 17.58426364817218
trustRadius = 0.5
sampleRadius = 0.05
stepNorm = 314.9998295726901
chi = 0.37808970228414407
Iteration time (s) = 0.9276590347290039
step rejected
**************************************

[FRP] entering restoration phase 5: Delta 2.500e-01 -> 1.000e+00 (gamma_e * accepted_radius=1.000e+00, CLAMPED at radius_max), thetak=6.259e-02
[FRP] solve 1 of phase 5, thetak=6.259e-02, Delta=1.000e+00 (at radius_max)
[FRP] solve 1 outcome: theta+=9.167e-02 (thetak=6.259e-02), rhok=-4.643e-01 -> contract

**************************************
Iteration 21:
thetak = 0.06259339770585207
objk = 17.58426364817218
trustRadius = 0.25
sampleRadius = 0.05
stepNorm = 5.6562599006427945
chi = 0.37808970228414407
Iteration time (s) = 0.9219400882720947
theta-type step
**************************************


**************************************
Iteration 22:
thetak = 0.09166692364988573
objk = 17.640363526046038
trustRadius = 0.5
sampleRadius = 0.05
stepNorm = 314.9998343908734
chi = 0.38809610286705826
Iteration time (s) = 0.9274137020111084
step rejected
**************************************


**************************************
Iteration 23:
thetak = 0.09166692364988573
objk = 17.640363526046038
trustRadius = 0.25
sampleRadius = 0.05
stepNorm = 157.49998299695056
chi = 0.38809610298098324
Iteration time (s) = 0.9101462364196777
step rejected
**************************************

[FRP] entering restoration phase 6: Delta 1.250e-01 -> 1.000e+00 (gamma_e * accepted_radius=5.000e-01, CLAMPED at radius_max), thetak=9.167e-02
[FRP] solve 1 of phase 6, thetak=9.167e-02, Delta=1.000e+00 (at radius_max)
[FRP] solve 1 outcome: theta+=2.292e-02 (thetak=9.167e-02), rhok=7.500e-01 -> expand

**************************************
Iteration 24:
thetak = 0.09166692364988573
objk = 17.640363526046038
trustRadius = 0.125
sampleRadius = 0.05
stepNorm = 2.2871414577383575
chi = 0.38809610298098324
Iteration time (s) = 0.9015157222747803
theta-type step
**************************************


**************************************
Iteration 25:
thetak = 0.022923297483333663
objk = 17.78826353587094
trustRadius = 1.0
sampleRadius = 0.05
stepNorm = 492.1921215139753
chi = 0.41302961047163894
Iteration time (s) = 0.9146671295166016
step rejected
**************************************


**************************************
Iteration 26:
thetak = 0.022923297483333663
objk = 17.78826353587094
trustRadius = 0.5
sampleRadius = 0.05
stepNorm = 314.999849203235
chi = 0.41302961079830924
Iteration time (s) = 1.441391944885254
step rejected
**************************************

[FRP] entering restoration phase 7: Delta 2.500e-01 -> 1.000e+00 (gamma_e * accepted_radius=1.000e+00, CLAMPED at radius_max), thetak=2.292e-02
[FRP] solve 1 of phase 7, thetak=2.292e-02, Delta=1.000e+00 (at radius_max)
[FRP] solve 1 outcome: theta+=7.201e-03 (thetak=2.292e-02), rhok=6.863e-01 -> expand

**************************************
Iteration 27:
thetak = 0.022923297483333663
objk = 17.78826353587094
trustRadius = 0.25
sampleRadius = 0.05
stepNorm = 1.2003564582858388
chi = 0.41302961079830924
Iteration time (s) = 0.8936333656311035
theta-type step
**************************************


**************************************
Iteration 28:
thetak = 0.007200929080219859
objk = 17.792861282226333
trustRadius = 1.0
sampleRadius = 0.05
stepNorm = 492.97183430821815
chi = 0.3932748410648416
Iteration time (s) = 0.9056320190429688
step rejected
**************************************


**************************************
Iteration 29:
thetak = 0.007200929080219859
objk = 17.792861282226333
trustRadius = 0.5
sampleRadius = 0.05
stepNorm = 314.99983402505285
chi = 0.3932748410518828
Iteration time (s) = 0.9043514728546143
step rejected
**************************************

[FRP] entering restoration phase 8: Delta 2.500e-01 -> 1.000e+00 (gamma_e * accepted_radius=1.000e+00, CLAMPED at radius_max), thetak=7.201e-03
[FRP] solve 1 of phase 8, thetak=7.201e-03, Delta=1.000e+00 (at radius_max)
[FRP] solve 1 outcome: theta+=8.886e-03 (thetak=7.201e-03), rhok=-2.326e-01 -> contract

**************************************
Iteration 30:
thetak = 0.007200929080219859
objk = 17.792861282226333
trustRadius = 0.25
sampleRadius = 0.05
stepNorm = 1.264550124485254
chi = 0.3932748410518828
Iteration time (s) = 0.9110429286956787
theta-type step
**************************************


**************************************
Iteration 31:
thetak = 0.008886025693628955
objk = 17.882710440600274
trustRadius = 0.5
sampleRadius = 0.05
stepNorm = 314.99982765813326
chi = 0.3839556558905324
Iteration time (s) = 0.8074984550476074
step rejected
**************************************


**************************************
Iteration 32:
thetak = 0.008886025693628955
objk = 17.882710440600274
trustRadius = 0.25
sampleRadius = 0.05
stepNorm = 157.49998367221713
chi = 0.38395565611194327
Iteration time (s) = 0.9074864387512207
step rejected
**************************************

[FRP] entering restoration phase 9: Delta 1.250e-01 -> 1.000e+00 (gamma_e * accepted_radius=5.000e-01, CLAMPED at radius_max), thetak=8.886e-03
[FRP] solve 1 of phase 9, thetak=8.886e-03, Delta=1.000e+00 (at radius_max)
[FRP] solve 1 outcome: theta+=6.766e-02 (thetak=8.886e-03), rhok=-6.613e+00 -> contract

**************************************
Iteration 33:
thetak = 0.008886025693628955
objk = 17.882710440600274
trustRadius = 0.125
sampleRadius = 0.05
stepNorm = 0.7157751991850603
chi = 0.38395565611194327
Iteration time (s) = 0.9427895545959473
theta-type step
**************************************


**************************************
Iteration 34:
thetak = 0.06765959310441771
objk = 17.91152225951915
trustRadius = 0.5
sampleRadius = 0.05
stepNorm = 314.9998475975326
chi = 0.3982405506680988
Iteration time (s) = 0.8065004348754883
step rejected
**************************************


**************************************
Iteration 35:
thetak = 0.06765959310441771
objk = 17.91152225951915
trustRadius = 0.25
sampleRadius = 0.05
stepNorm = 157.49998383784327
chi = 0.39824055071113074
Iteration time (s) = 0.8990657329559326
step rejected
**************************************

[FRP] entering restoration phase 10: Delta 1.250e-01 -> 1.000e+00 (gamma_e * accepted_radius=5.000e-01, CLAMPED at radius_max), thetak=6.766e-02
[FRP] solve 1 of phase 10, thetak=6.766e-02, Delta=1.000e+00 (at radius_max)
[FRP] solve 1 outcome: theta+=4.175e-02 (thetak=6.766e-02), rhok=3.831e-01 -> expand

**************************************
Iteration 36:
thetak = 0.06765959310441771
objk = 17.91152225951915
trustRadius = 0.125
sampleRadius = 0.05
stepNorm = 0.5051712491787157
chi = 0.39824055071113074
Iteration time (s) = 0.9044234752655029
f-type step
**************************************


**************************************
Iteration 37:
thetak = 0.041750468784695696
objk = 17.888433897990414
trustRadius = 1.0
sampleRadius = 0.05
stepNorm = 494.67587719678284
chi = 0.39802295459379927
Iteration time (s) = 0.8267412185668945
step rejected
**************************************


**************************************
Iteration 38:
thetak = 0.041750468784695696
objk = 17.888433897990414
trustRadius = 0.5
sampleRadius = 0.05
stepNorm = 314.999846956443
chi = 0.39802295450348524
Iteration time (s) = 0.9071574211120605
step rejected
**************************************

[FRP] entering restoration phase 11: Delta 2.500e-01 -> 1.000e+00 (gamma_e * accepted_radius=1.000e+00, CLAMPED at radius_max), thetak=4.175e-02
[FRP] solve 1 of phase 11, thetak=4.175e-02, Delta=1.000e+00 (at radius_max)
[FRP] solve 1 outcome: theta+=1.329e-01 (thetak=4.175e-02), rhok=-2.183e+00 -> contract

**************************************
Iteration 39:
thetak = 0.041750468784695696
objk = 17.888433897990414
trustRadius = 0.25
sampleRadius = 0.05
stepNorm = 0.5318721756440254
chi = 0.39802295450348524
Iteration time (s) = 0.9000396728515625
RESTORATION
**************************************

[FRP] solve 2 of phase 11, thetak=4.175e-02, Delta=5.000e-01
[FRP] solve 2 outcome: theta+=5.169e-03 (thetak=4.175e-02), rhok=8.764e-01 -> expand

**************************************
Iteration 40:
thetak = 0.041750468784695696
objk = 17.888433897990414
trustRadius = 0.5
sampleRadius = 0.05
stepNorm = 9.554391215905639
chi = 0.39802295450348524
Iteration time (s) = 0.933129072189331
theta-type step
**************************************


**************************************
Iteration 41:
thetak = 0.00516933872083414
objk = 18.132722756958216
trustRadius = 1.0
sampleRadius = 0.05
stepNorm = 504.23026950548825
chi = 0.3978128749787842
Iteration time (s) = 0.7994637489318848
step rejected
**************************************


**************************************
Iteration 42:
thetak = 0.00516933872083414
objk = 18.132722756958216
trustRadius = 0.5
sampleRadius = 0.05
stepNorm = 314.99984216065644
chi = 0.39781287556764405
Iteration time (s) = 0.9055237770080566
step rejected
**************************************

[FRP] entering restoration phase 12: Delta 2.500e-01 -> 1.000e+00 (gamma_e * accepted_radius=1.000e+00, CLAMPED at radius_max), thetak=5.169e-03
[FRP] solve 1 of phase 12, thetak=5.169e-03, Delta=1.000e+00 (at radius_max)
[FRP] solve 1 outcome: theta+=2.449e-02 (thetak=5.169e-03), rhok=-3.735e+00 -> contract

**************************************
Iteration 43:
thetak = 0.00516933872083414
objk = 18.132722756958216
trustRadius = 0.25
sampleRadius = 0.05
stepNorm = 5.510610085599296
chi = 0.39781287556764405
Iteration time (s) = 0.9187848567962646
f-type step
**************************************


**************************************
Iteration 44:
thetak = 0.024486261313375755
objk = 18.018389352946027
trustRadius = 1.0
sampleRadius = 0.05
stepNorm = 498.7196595321317
chi = 0.3973427237036689
Iteration time (s) = 0.811948299407959
step rejected
**************************************


**************************************
Iteration 45:
thetak = 0.024486261313375755
objk = 18.018389352946027
trustRadius = 0.5
sampleRadius = 0.05
stepNorm = 314.9998452839243
chi = 0.39734272337497467
Iteration time (s) = 0.9658091068267822
step rejected
**************************************

[FRP] entering restoration phase 13: Delta 2.500e-01 -> 1.000e+00 (gamma_e * accepted_radius=1.000e+00, CLAMPED at radius_max), thetak=2.449e-02
[FRP] solve 1 of phase 13, thetak=2.449e-02, Delta=1.000e+00 (at radius_max)
[FRP] solve 1 outcome: theta+=1.302e-02 (thetak=2.449e-02), rhok=4.688e-01 -> expand

**************************************
Iteration 46:
thetak = 0.024486261313375755
objk = 18.018389352946027
trustRadius = 0.25
sampleRadius = 0.05
stepNorm = 1.8335498353973207
chi = 0.39734272337497467
Iteration time (s) = 0.9335308074951172
f-type step
**************************************


**************************************
Iteration 47:
thetak = 0.01301687086436057
objk = 17.974578876237114
trustRadius = 1.0
sampleRadius = 0.05
stepNorm = 496.88611024463387
chi = 0.3992679827605606
Iteration time (s) = 0.9119179248809814
step rejected
**************************************


**************************************
Iteration 48:
thetak = 0.01301687086436057
objk = 17.974578876237114
trustRadius = 0.5
sampleRadius = 0.05
stepNorm = 314.9998476644463
chi = 0.3992679826178188
Iteration time (s) = 0.8977842330932617
step rejected
**************************************

[FRP] entering restoration phase 14: Delta 2.500e-01 -> 1.000e+00 (gamma_e * accepted_radius=1.000e+00, CLAMPED at radius_max), thetak=1.302e-02
[FRP] solve 1 of phase 14, thetak=1.302e-02, Delta=1.000e+00 (at radius_max)
[FRP] solve 1 outcome: theta+=3.928e-03 (thetak=1.302e-02), rhok=6.990e-01 -> expand

**************************************
Iteration 49:
thetak = 0.01301687086436057
objk = 17.974578876237114
trustRadius = 0.25
sampleRadius = 0.05
stepNorm = 0.6574882184961552
chi = 0.3992679826178188
Iteration time (s) = 0.9063310623168945
f-type step
**************************************


**************************************
Iteration 50:
thetak = 0.003928289715940771
objk = 17.956472757878103
trustRadius = 1.0
sampleRadius = 0.05
stepNorm = 496.22862158372806
chi = 0.398739291412113
Iteration time (s) = 0.918602466583252
step rejected
**************************************


**************************************
Iteration 51:
thetak = 0.003928289715940771
objk = 17.956472757878103
trustRadius = 0.5
sampleRadius = 0.05
stepNorm = 314.99984727886726
chi = 0.398739291342039
Iteration time (s) = 1.011544942855835
step rejected
**************************************

[FRP] entering restoration phase 15: Delta 2.500e-01 -> 1.000e+00 (gamma_e * accepted_radius=1.000e+00, CLAMPED at radius_max), thetak=3.928e-03
[FRP] solve 1 of phase 15, thetak=3.928e-03, Delta=1.000e+00 (at radius_max)
[FRP] solve 1 outcome: theta+=2.367e-02 (thetak=3.928e-03), rhok=-5.022e+00 -> contract

**************************************
Iteration 52:
thetak = 0.003928289715940771
objk = 17.956472757878103
trustRadius = 0.25
sampleRadius = 0.05
stepNorm = 0.3816539025399379
chi = 0.398739291342039
Iteration time (s) = 0.9098174571990967
RESTORATION
**************************************

[FRP] solve 2 of phase 15, thetak=3.928e-03, Delta=5.000e-01
[FRP] solve 2 outcome: theta+=1.343e-02 (thetak=3.928e-03), rhok=-2.415e+00 -> contract

**************************************
Iteration 53:
thetak = 0.003928289715940771
objk = 17.956472757878103
trustRadius = 0.5
sampleRadius = 0.05
stepNorm = 8.588206781197869
chi = 0.398739291342039
Iteration time (s) = 0.8009960651397705
theta-type step
**************************************


**************************************
Iteration 54:
thetak = 0.013425228766155898
objk = 18.169874235243324
trustRadius = 0.25
sampleRadius = 0.05
stepNorm = 157.4999838884753
chi = 0.40085792675501036
Iteration time (s) = 0.8263604640960693
step rejected
**************************************


**************************************
Iteration 55:
thetak = 0.013425228766155898
objk = 18.169874235243324
trustRadius = 0.125
sampleRadius = 0.05
stepNorm = 96.3851196497694
chi = 0.4008579272551269
Iteration time (s) = 0.9116714000701904
step rejected
**************************************

[FRP] entering restoration phase 16: Delta 6.250e-02 -> 6.250e-01 (gamma_e * accepted_radius=2.500e-01), thetak=1.343e-02
[FRP] solve 1 of phase 16, thetak=1.343e-02, Delta=6.250e-01
[FRP] solve 1 outcome: theta+=3.832e-02 (thetak=1.343e-02), rhok=-1.853e+00 -> contract

**************************************
Iteration 56:
thetak = 0.013425228766155898
objk = 18.169874235243324
trustRadius = 0.0625
sampleRadius = 0.05
stepNorm = 0.9357746415081465
chi = 0.4008579272551269
Iteration time (s) = 0.9036214351654053
f-type step
**************************************


**************************************
Iteration 57:
thetak = 0.038318719536165446
objk = 18.150033350077294
trustRadius = 1.0
sampleRadius = 0.05
stepNorm = 503.8810553084483
chi = 0.39496392494641563
Iteration time (s) = 0.9243423938751221
step rejected
**************************************


**************************************
Iteration 58:
thetak = 0.038318719536165446
objk = 18.150033350077294
trustRadius = 0.5
sampleRadius = 0.05
stepNorm = 314.99984114875434
chi = 0.39496392486573034
Iteration time (s) = 0.9159367084503174
step rejected
**************************************

[FRP] entering restoration phase 17: Delta 2.500e-01 -> 1.000e+00 (gamma_e * accepted_radius=1.000e+00, CLAMPED at radius_max), thetak=3.832e-02
[FRP] solve 1 of phase 17, thetak=3.832e-02, Delta=1.000e+00 (at radius_max)
[FRP] solve 1 outcome: theta+=6.732e-02 (thetak=3.832e-02), rhok=-7.566e-01 -> contract

**************************************
Iteration 59:
thetak = 0.038318719536165446
objk = 18.150033350077294
trustRadius = 0.25
sampleRadius = 0.05
stepNorm = 5.286511614424057
chi = 0.39496392486573034
Iteration time (s) = 0.9016172885894775
RESTORATION
**************************************

[FRP] solve 2 of phase 17, thetak=3.832e-02, Delta=5.000e-01
[FRP] solve 2 outcome: theta+=3.594e-02 (thetak=3.832e-02), rhok=6.229e-02 -> maintain

**************************************
Iteration 60:
thetak = 0.038318719536165446
objk = 18.150033350077294
trustRadius = 0.5
sampleRadius = 0.05
stepNorm = 4.01369912721384
chi = 0.39496392486573034
Iteration time (s) = 0.9054470062255859
RESTORATION
**************************************

[FRP] solve 3 of phase 17, thetak=3.832e-02, Delta=5.000e-01
[FRP] solve 3 outcome: theta+=3.594e-02 (thetak=3.832e-02), rhok=6.229e-02 -> maintain

**************************************
Iteration 61:
thetak = 0.038318719536165446
objk = 18.150033350077294
trustRadius = 0.5
sampleRadius = 0.05
stepNorm = 4.01369912721384
chi = 0.39496392486573034
Iteration time (s) = 0.9148874282836914
RESTORATION
**************************************

[FRP] solve 4 of phase 17, thetak=3.832e-02, Delta=5.000e-01
[FRP] solve 4 outcome: theta+=3.594e-02 (thetak=3.832e-02), rhok=6.229e-02 -> maintain

**************************************
Iteration 62:
thetak = 0.038318719536165446
objk = 18.150033350077294
trustRadius = 0.5
sampleRadius = 0.05
stepNorm = 4.01369912721384
chi = 0.39496392486573034
Iteration time (s) = 0.8063228130340576
RESTORATION
**************************************

[FRP] solve 5 of phase 17, thetak=3.832e-02, Delta=5.000e-01
[FRP] solve 5 outcome: theta+=3.594e-02 (thetak=3.832e-02), rhok=6.229e-02 -> maintain

**************************************
Iteration 63:
thetak = 0.038318719536165446
objk = 18.150033350077294
trustRadius = 0.5
sampleRadius = 0.05
stepNorm = 4.01369912721384
chi = 0.39496392486573034
Iteration time (s) = 0.7879605293273926
RESTORATION
**************************************

[FRP] solve 6 of phase 17, thetak=3.832e-02, Delta=5.000e-01
[FRP] solve 6 outcome: theta+=3.594e-02 (thetak=3.832e-02), rhok=6.229e-02 -> maintain

**************************************
Iteration 64:
thetak = 0.038318719536165446
objk = 18.150033350077294
trustRadius = 0.5
sampleRadius = 0.05
stepNorm = 4.01369912721384
chi = 0.39496392486573034
Iteration time (s) = 0.8035154342651367
RESTORATION
**************************************

[FRP] solve 7 of phase 17, thetak=3.832e-02, Delta=5.000e-01
[FRP] solve 7 outcome: theta+=3.594e-02 (thetak=3.832e-02), rhok=6.229e-02 -> maintain

**************************************
Iteration 65:
thetak = 0.038318719536165446
objk = 18.150033350077294
trustRadius = 0.5
sampleRadius = 0.05
stepNorm = 4.01369912721384
chi = 0.39496392486573034
Iteration time (s) = 0.8099055290222168
RESTORATION
**************************************

[FRP] solve 8 of phase 17, thetak=3.832e-02, Delta=5.000e-01
[FRP] solve 8 outcome: theta+=3.594e-02 (thetak=3.832e-02), rhok=6.229e-02 -> maintain

**************************************
Iteration 66:
thetak = 0.038318719536165446
objk = 18.150033350077294
trustRadius = 0.5
sampleRadius = 0.05
stepNorm = 4.01369912721384
chi = 0.39496392486573034
Iteration time (s) = 0.8026835918426514
RESTORATION
**************************************

[FRP] solve 9 of phase 17, thetak=3.832e-02, Delta=5.000e-01
[FRP] solve 9 outcome: theta+=3.594e-02 (thetak=3.832e-02), rhok=6.229e-02 -> maintain

**************************************
Iteration 67:
thetak = 0.038318719536165446
objk = 18.150033350077294
trustRadius = 0.5
sampleRadius = 0.05
stepNorm = 4.01369912721384
chi = 0.39496392486573034
Iteration time (s) = 0.7880237102508545
RESTORATION
**************************************

[FRP] solve 10 of phase 17, thetak=3.832e-02, Delta=5.000e-01
[FRP] solve 10 outcome: theta+=3.594e-02 (thetak=3.832e-02), rhok=6.229e-02 -> maintain

**************************************
Iteration 68:
thetak = 0.038318719536165446
objk = 18.150033350077294
trustRadius = 0.5
sampleRadius = 0.05
stepNorm = 4.01369912721384
chi = 0.39496392486573034
Iteration time (s) = 0.9025259017944336
RESTORATION
**************************************

EXIT: RESTORATION STATIONARY -- NOT FEASIBLE (10 consecutive restoration iterations, thetak=3.832e-02 >= ep_i=1.0e-05; theta over the restoration run: 3.832e-02 -> 3.832e-02)
0	230.9871475034392	3.82871665748975	100000000.0		0.7817873954772949	1.0	0.1	97.88650821881674	227.88243331912452
1	35.18730066782294	0.5054281802329513	0.09804518467584643		0.2688257694244385	1.0	0.05	373.8851269948907	143.00641337451535
2	21.784008952650474	0.29302300176296625	0.13281982702403988		0.9313845634460449	1.0	0.05	629.9993734779133	503.88105209519847
3	27.53999403488017	1.5466036337250157	0.1245481054427043		0.9698901176452637	0.5	0.05	314.9999770007802	141.21951686069852
4	27.53999403488017	1.5466036337250157	0.1546187817786131		0.6978614330291748	0.25	0.05	157.49997617644658	141.21951686069852
5	11.366900728271967	3.3250544862014046	0.1684459382497727		0.9409909248352051	0.625	0.05	393.74985680703736	109.27296530632196
6	11.366900728271967	3.3250544862014046	0.2081822205643652		0.9918911457061768	0.3125	0.05	196.8749819296179	109.27296530632196
7	26.023747344495703	2.0147763614367697	0.1737322711132414		1.0669808387756348	0.78125	0.05	156.01561399217735	228.25663672334963
8	26.023747344495703	2.0147763614367697	0.18329968220910567		1.8432362079620361	0.390625	0.05	246.0936383070821	228.25663672334963
9	26.023747344495703	2.0147763614367697	0.18329968220910567		2.541201114654541	0.1953125	0.05	123.4951727648895	228.25663672334963
10	10.090561075619492	13.145799462458472	0.3289960989460494		1.324345350265503	1.0	0.05	399.119585183948	104.76146395846013
11	10.090561075619492	13.145799462458472	0.3289960988434688		0.9344356060028076	0.5	0.05	314.99985392191314	104.76146395846013
12	10.090561075619492	13.145799462458472	0.3289960988434688		0.885467529296875	0.25	0.05	51.64114000626091	104.76146395846013
13	0.0288825668308305	16.713259899714362	0.362838332675237		0.7966771125793457	1.0	0.05	450.7607291472897	53.120323952199215
14	0.0288825668308305	16.713259899714362	0.3628383395305678		0.910520076751709	0.5	0.05	314.9998349939567	53.120323952199215
15	0.0288825668308305	16.713259899714362	0.3628383395305678		0.9012868404388428	0.25	0.05	24.51933958308439	53.120323952199215
16	0.08798184799620191	17.272261849053102	0.37342551609332936		1.003511905670166	0.5	0.05	314.99972517279485	28.600984369114826
17	0.08798184799620191	17.272261849053102	0.3734255166895824		0.8954193592071533	0.25	0.05	157.49998267539667	28.600984369114826
18	0.08798184799620191	17.272261849053102	0.3734255166895824		0.9079437255859375	0.125	0.05	8.968660284738121	28.600984369114826
19	0.06259339770585207	17.58426364817218	0.3780897014229539		0.9253730773925781	1.0	0.05	484.2487309452115	19.632324084376705
20	0.06259339770585207	17.58426364817218	0.37808970228414407		0.9276590347290039	0.5	0.05	314.9998295726901	19.632324084376705
21	0.06259339770585207	17.58426364817218	0.37808970228414407		0.9219400882720947	0.25	0.05	5.6562599006427945	19.632324084376705
22	0.09166692364988573	17.640363526046038	0.38809610286705826		0.9274137020111084	0.5	0.05	314.9998343908734	13.97606418373391
23	0.09166692364988573	17.640363526046038	0.38809610298098324		0.9101462364196777	0.25	0.05	157.49998299695056	13.97606418373391
24	0.09166692364988573	17.640363526046038	0.38809610298098324		0.9015157222747803	0.125	0.05	2.2871414577383575	13.97606418373391
25	0.022923297483333663	17.78826353587094	0.41302961047163894		0.9146671295166016	1.0	0.05	492.1921215139753	11.688922725995553
26	0.022923297483333663	17.78826353587094	0.41302961079830924		1.441391944885254	0.5	0.05	314.999849203235	11.688922725995553
27	0.022923297483333663	17.78826353587094	0.41302961079830924		0.8936333656311035	0.25	0.05	1.2003564582858388	11.688922725995553
28	0.007200929080219859	17.792861282226333	0.3932748410648416		0.9056320190429688	1.0	0.05	492.97183430821815	10.909220414080778
29	0.007200929080219859	17.792861282226333	0.3932748410518828		0.9043514728546143	0.5	0.05	314.99983402505285	10.909220414080778
30	0.007200929080219859	17.792861282226333	0.3932748410518828		0.9110429286956787	0.25	0.05	1.264550124485254	10.909220414080778
31	0.008886025693628955	17.882710440600274	0.3839556558905324		0.8074984550476074	0.5	0.05	314.99982765813326	9.644670289595524
32	0.008886025693628955	17.882710440600274	0.38395565611194327		0.9074864387512207	0.25	0.05	157.49998367221713	9.644670289595524
33	0.008886025693628955	17.882710440600274	0.38395565611194327		0.9427895545959473	0.125	0.05	0.7157751991850603	9.644670289595524
34	0.06765959310441771	17.91152225951915	0.3982405506680988		0.8065004348754883	0.5	0.05	314.9998475975326	9.385612097455919
35	0.06765959310441771	17.91152225951915	0.39824055071113074		0.8990657329559326	0.25	0.05	157.49998383784327	9.385612097455919
36	0.06765959310441771	17.91152225951915	0.39824055071113074		0.9044234752655029	0.125	0.05	0.5051712491787157	9.385612097455919
37	0.041750468784695696	17.888433897990414	0.39802295459379927		0.8267412185668945	1.0	0.05	494.67587719678284	9.205175216102589
38	0.041750468784695696	17.888433897990414	0.39802295450348524		0.9071574211120605	0.5	0.05	314.999846956443	9.205175216102589
39	0.041750468784695696	17.888433897990414	0.39802295450348524		0.9000396728515625	0.25	0.05	0.5318721756440254	9.205175216102589
40	0.041750468784695696	17.888433897990414	0.39802295450348524		0.933129072189331	0.5	0.05	9.554391215905639	9.205175216102589
41	0.00516933872083414	18.132722756958216	0.3978128749787842		0.7994637489318848	1.0	0.05	504.23026950548825	0.6946289622234758
42	0.00516933872083414	18.132722756958216	0.39781287556764405		0.9055237770080566	0.5	0.05	314.99984216065644	0.6946289622234758
43	0.00516933872083414	18.132722756958216	0.39781287556764405		0.9187848567962646	0.25	0.05	5.510610085599296	0.6946289622234758
44	0.024486261313375755	18.018389352946027	0.3973427237036689		0.811948299407959	1.0	0.05	498.7196595321317	5.161394085796246
45	0.024486261313375755	18.018389352946027	0.39734272337497467		0.9658091068267822	0.5	0.05	314.9998452839243	5.161394085796246
46	0.024486261313375755	18.018389352946027	0.39734272337497467		0.9335308074951172	0.25	0.05	1.8335498353973207	5.161394085796246
47	0.01301687086436057	17.974578876237114	0.3992679827605606		0.9119179248809814	1.0	0.05	496.88611024463387	6.994943921193567
48	0.01301687086436057	17.974578876237114	0.3992679826178188		0.8977842330932617	0.5	0.05	314.9998476644463	6.994943921193567
49	0.01301687086436057	17.974578876237114	0.3992679826178188		0.9063310623168945	0.25	0.05	0.6574882184961552	6.994943921193567
50	0.003928289715940771	17.956472757878103	0.398739291412113		0.918602466583252	1.0	0.05	496.22862158372806	7.652432139689722
51	0.003928289715940771	17.956472757878103	0.398739291342039		1.011544942855835	0.5	0.05	314.99984727886726	7.652432139689722
52	0.003928289715940771	17.956472757878103	0.398739291342039		0.9098174571990967	0.25	0.05	0.3816539025399379	7.652432139689722
53	0.003928289715940771	17.956472757878103	0.398739291342039		0.8009960651397705	0.5	0.05	8.588206781197869	7.652432139689722
54	0.013425228766155898	18.169874235243324	0.40085792675501036		0.8263604640960693	0.25	0.05	157.4999838884753	0.9357746415081465
55	0.013425228766155898	18.169874235243324	0.4008579272551269		0.9116714000701904	0.125	0.05	96.3851196497694	0.9357746415081465
56	0.013425228766155898	18.169874235243324	0.4008579272551269		0.9036214351654053	0.0625	0.05	0.9357746415081465	0.9357746415081465
57	0.038318719536165446	18.150033350077294	0.39496392494641563		0.9243423938751221	1.0	0.05	503.8810553084483	0.0
58	0.038318719536165446	18.150033350077294	0.39496392486573034		0.9159367084503174	0.5	0.05	314.99984114875434	0.0
59	0.038318719536165446	18.150033350077294	0.39496392486573034		0.9016172885894775	0.25	0.05	5.286511614424057	0.0
60	0.038318719536165446	18.150033350077294	0.39496392486573034		0.9054470062255859	0.5	0.05	4.01369912721384	0.0
61	0.038318719536165446	18.150033350077294	0.39496392486573034		0.9148874282836914	0.5	0.05	4.01369912721384	0.0
62	0.038318719536165446	18.150033350077294	0.39496392486573034		0.8063228130340576	0.5	0.05	4.01369912721384	0.0
63	0.038318719536165446	18.150033350077294	0.39496392486573034		0.7879605293273926	0.5	0.05	4.01369912721384	0.0
64	0.038318719536165446	18.150033350077294	0.39496392486573034		0.8035154342651367	0.5	0.05	4.01369912721384	0.0
65	0.038318719536165446	18.150033350077294	0.39496392486573034		0.8099055290222168	0.5	0.05	4.01369912721384	0.0
66	0.038318719536165446	18.150033350077294	0.39496392486573034		0.8026835918426514	0.5	0.05	4.01369912721384	0.0
67	0.038318719536165446	18.150033350077294	0.39496392486573034		0.7880237102508545	0.5	0.05	4.01369912721384	0.0
68	0.038318719536165446	18.150033350077294	0.39496392486573034		0.9025259017944336	0.5	0.05	4.01369912721384	0.0
69	0.038318719536165446	18.150033350077294	0.39496392486573034		0.8027064800262451	0.5	0.05	None	0.0

========== Optimization Summary ==========
Total Time (s): 65.312838
Total Iterations: 69
==========================================


========== RUN SUMMARY ==========
Iterations            : 69
Problem size          : 51 variables  (x|y|z = 4|7|40)
    x = black-box inputs | y = black-box outputs | z = remaining
Black-box blocks      : 2  (outputs per block: block1=3, block2=4)
Constraints           : 39  (equality 36 | inequality 3)
Wall time (s)         : 65.863
CPU time (s)          : 11.500   (process_time)
External BB evaluations (true black-box callback calls):
    block1      : 256
    block2      : 252
    TOTAL       : 508
    (evaluateDx sweeps: 138)
BB cache              : 1375 hits / 1883 requests (73.0% hit rate); 508 true evaluations
System:
  OS              : Windows-11-10.0.26200-SP0
  Processor       : Intel64 Family 6 Model 140 Stepping 1, GenuineIntel
  Architecture    : AMD64
  Python          : 3.12.12
  CPU cores       : 8 logical, 4 physical
  RAM             : 15.7 GB
  numpy / pyomo   : 2.4.2 / 6.10.1.a0 (VOTD)
=================================

======================================================================
POST-SOLVE ECONOMICS AND BALANCE CHECK
======================================================================
  CH4_produced_kg_yr: 2899128.767369624
  CH4_into_PSA_mol_s: 6.338029255431916
  CH4_PSA_output_mol_s: 0.4587886411975537
  PSA_CH4_recovery: 0.07238663986985473
  H2_electrolyser_mol_s: 96.03492661117677
  SOEL_kW: 25919.82669235661
  H2_to_CH4_stoich_ratio: 3.788043678122479
  PSA_CH4_balance_gap: 0.9276133963716868
  CAPEX_total_USD: 122594814.41807972
  CAPEX_annualised_USD_yr: 7793768.30428543
  OPEX_avg_USD_yr: 44825515.50964193
  TAC_USD_yr: 52619283.81392736
  LCOCH4_PSA_output_basis_USD_kg: 250.73733747981174
  LCOCH4_USD_kg: 18.150033350077365
  LCOCH4_with_H2_credit_USD_kg: 3.52941379245686
  CAPEX_share: {'SOEL': 0.8879924703556068, 'DFM': 0.06108907370668125, 'COMP': 0.02411816306964184, 'GC': 0.002406162915763365, 'PSA': 0.02269644110073484, 'FURNACE': 0.0016976888515719583}
  OPEX_share: {'SOEL': 0.7849152184209017, 'DFM': 0.11962097976755875, 'COMP': 0.040332228902893126, 'GC': 0.004023768859012942, 'PSA': 0.039610844349309164, 'FURNACE': 0.01149695970032432}
  H2_balance_rel_err: 0.05770905511201372
  C_unaccounted_frac: 0.023621658089744778
  reactor_per_cycle_mmol: {'CO2_in': 3.7170818316003587, 'CH4_out': 3.2358550598956897, 'H2_out': 92.82274109744753, 'CO2_out': 0.39342313558700304, 'H2_fed': 112.24363548309712}
ECONOMICS_DICT {"CH4_produced_kg_yr": 2899128.767369624, "CH4_into_PSA_mol_s": 6.338029255431916, "CH4_PSA_output_mol_s": 0.4587886411975537, "PSA_CH4_recovery": 0.07238663986985473, "H2_electrolyser_mol_s": 96.03492661117677, "SOEL_kW": 25919.82669235661, "H2_to_CH4_stoich_ratio": 3.788043678122479, "PSA_CH4_balance_gap": 0.9276133963716868, "CAPEX_total_USD": 122594814.41807972, "CAPEX_annualised_USD_yr": 7793768.30428543, "OPEX_avg_USD_yr": 44825515.50964193, "TAC_USD_yr": 52619283.81392736, "LCOCH4_PSA_output_basis_USD_kg": 250.73733747981174, "LCOCH4_USD_kg": 18.150033350077365, "LCOCH4_with_H2_credit_USD_kg": 3.52941379245686, "CAPEX_share": {"SOEL": 0.8879924703556068, "DFM": 0.06108907370668125, "COMP": 0.02411816306964184, "GC": 0.002406162915763365, "PSA": 0.02269644110073484, "FURNACE": 0.0016976888515719583}, "OPEX_share": {"SOEL": 0.7849152184209017, "DFM": 0.11962097976755875, "COMP": 0.040332228902893126, "GC": 0.004023768859012942, "PSA": 0.039610844349309164, "FURNACE": 0.01149695970032432}, "H2_balance_rel_err": 0.05770905511201372, "C_unaccounted_frac": 0.023621658089744778, "reactor_per_cycle_mmol": {"CO2_in": 3.7170818316003587, "CH4_out": 3.2358550598956897, "H2_out": 92.82274109744753, "CO2_out": 0.39342313558700304, "H2_fed": 112.24363548309712}}
